
     Program PHONON v.7.5 starts on  5Aug2026 at  2:55:58 

     This program is part of the open-source Quantum ESPRESSO suite
     for quantum simulation of materials; please cite
         "P. Giannozzi et al., J. Phys.:Condens. Matter 21 395502 (2009);
         "P. Giannozzi et al., J. Phys.:Condens. Matter 29 465901 (2017);
         "P. Giannozzi et al., J. Chem. Phys. 152 154105 (2020);
          URL http://www.quantum-espresso.org", 
     in publications or presentations arising from this work. More details at
     http://www.quantum-espresso.org/quote

     Serial multi-threaded version, running on   32 processor cores
     7948 MiB available memory on the printing compute node when the environment starts

     Reading input from mgo-ph.in
      Title line not specified: using 'default'.

     Reading xml data from directory:

     ./out/mgo_polar.save/

     file Mg.pbe-spnl-kjpaw_psl.1.0.0.UPF: wavefunction(s)  2P renormalized
     file O.pbe-n-kjpaw_psl.0.1.UPF: wavefunction(s)  2P renormalized

     IMPORTANT: XC functional enforced from input :
     Exchange-correlation= PBE
                           (   1   4   3   4   0   0   0)
     Any further DFT definition will be discarded
     Please, verify this is what you really want


     G-vector sticks info
     --------------------
     sticks:   dense  smooth     PW     G-vecs:    dense   smooth      PW
     Sum        1285     649    199                30923    11017    1917

     Using Slab Decomposition


     Check: negative core charge=   -0.000004
     Reading collected, re-writing distributed wavefunctions in ./out/

     Number and degeneracy of irreps per q-point
       N         xq(1)         xq(2)         xq(3)   N irreps
       1   0.000000000   0.000000000   0.000000000       2
        3   3

     Calculation of q =    0.0000000   0.0000000   0.0000000

     default                                                                    

     bravais-lattice index     =            0
     lattice parameter (alat)  =       5.6282  a.u.
     unit-cell volume          =     126.0671 (a.u.)^3
     number of atoms/cell      =            2
     number of atomic types    =            2
     kinetic-energy cut-off    =      75.0000  Ry
     charge density cut-off    =     600.0000  Ry
     convergence threshold     =      1.0E-14
     beta                      =       0.7000
     number of iterations used =            4
     Exchange-correlation= PBE
                           (   1   4   3   4   0   0   0)


     celldm(1)=    5.62824  celldm(2)=    0.00000  celldm(3)=    0.00000
     celldm(4)=    0.00000  celldm(5)=    0.00000  celldm(6)=    0.00000

     crystal axes: (cart. coord. in units of alat)
               a(1) = (  0.0000  0.7071  0.7071 )  
               a(2) = (  0.7071  0.0000  0.7071 )  
               a(3) = (  0.7071  0.7071  0.0000 )  

     reciprocal axes: (cart. coord. in units 2 pi/alat)
               b(1) = ( -0.7071  0.7071  0.7071 )  
               b(2) = (  0.7071 -0.7071  0.7071 )  
               b(3) = (  0.7071  0.7071 -0.7071 )  


     Atoms inside the unit cell: 

     Cartesian axes

     site n.  atom      mass           positions (alat units)
        1  Mg     24.3050   tau(    1) = (    0.00000    0.00000    0.00000  )
        2  O      15.9994   tau(    2) = (    0.70711    0.70711    0.70711  )

     Computing dynamical matrix for 
                    q = (   0.0000000   0.0000000   0.0000000 )

     49 Sym.Ops. (with q -> -q+G )


     G cutoff =  481.4331  (  30923 G-vectors)     FFT grid: ( 45, 45, 45)
     G cutoff =  240.7166  (  11017 G-vectors)  smooth grid: ( 32, 32, 32)
     number of k points=    16
                       cart. coord. in units 2pi/alat
        k(    1) = (   0.0000000   0.0000000   0.0000000), wk =   0.0092593
        k(    2) = (   0.1178511   0.1178511  -0.1178511), wk =   0.0740741
        k(    3) = (   0.2357023   0.2357023  -0.2357023), wk =   0.0740741
        k(    4) = (  -0.3535534  -0.3535534   0.3535534), wk =   0.0370370
        k(    5) = (   0.2357023   0.0000000   0.0000000), wk =   0.0555556
        k(    6) = (   0.3535534   0.1178511  -0.1178511), wk =   0.2222222
        k(    7) = (  -0.2357023  -0.4714045   0.4714045), wk =   0.2222222
        k(    8) = (  -0.1178511  -0.3535534   0.3535534), wk =   0.2222222
        k(    9) = (   0.0000000  -0.2357023   0.2357023), wk =   0.1111111
        k(   10) = (   0.4714045   0.0000000   0.0000000), wk =   0.0555556
        k(   11) = (  -0.1178511  -0.5892557   0.5892557), wk =   0.2222222
        k(   12) = (  -0.0000000  -0.4714045   0.4714045), wk =   0.1111111
        k(   13) = (  -0.7071068   0.0000000   0.0000000), wk =   0.0277778
        k(   14) = (  -0.2357023  -0.4714045   0.7071068), wk =   0.2222222
        k(   15) = (  -0.1178511  -0.3535534   0.5892557), wk =   0.2222222
        k(   16) = (  -0.7071068   0.2357023   0.0000000), wk =   0.1111111

     PseudoPot. # 1 for Mg read from file:
     ./pseudo/Mg.pbe-spnl-kjpaw_psl.1.0.0.UPF
     MD5 check sum: fda14e0d92a6a9a5ebed782e5a4b3067
     Pseudo is Projector augmented-wave + core cor, Zval = 10.0
     Generated using &quot;atomic&quot; code by A. Dal Corso  v.6.3
     Shape of augmentation charge: PSQ
     Using radial grid of 1129 points,  4 beta functions with: 
                l(1) =   0
                l(2) =   0
                l(3) =   1
                l(4) =   1
     Q(r) pseudized with 0 coefficients 


     PseudoPot. # 2 for O  read from file:
     ./pseudo/O.pbe-n-kjpaw_psl.0.1.UPF
     MD5 check sum: 0234752ac141de4415c5fc33072bef88
     Pseudo is Projector augmented-wave + core cor, Zval =  6.0
     Generated using "atomic" code by A. Dal Corso  v.5.0.99 svn rev. 10869
     Shape of augmentation charge: BESSEL
     Using radial grid of 1095 points,  4 beta functions with: 
                l(1) =   0
                l(2) =   0
                l(3) =   1
                l(4) =   1
     Q(r) pseudized with 0 coefficients 


     Mode symmetry, O_h (m-3m)  point group:


     Electric field:
     Dielectric constant
     Born effective charges as d Force / d E


     Atomic displacements:
     There are    2 irreducible representations

     Representation     1      3 modes -  To be done

     Representation     2      3 modes -  To be done



     Alpha used in Ewald sum =   2.8000
     PHONON       :     13.71s CPU      1.00s WALL


     Electric Fields Calculation

      iter #   1 total cpu time :     9.2 secs   av.it.:   7.5
      thresh= 1.000E-02 alpha_mix =  0.700 |ddv_scf|^2 =  1.415E-08

      iter #   2 total cpu time :    13.1 secs   av.it.:  12.7
      thresh= 1.190E-05 alpha_mix =  0.700 |ddv_scf|^2 =  9.486E-10

      iter #   3 total cpu time :    17.9 secs   av.it.:  12.1
      thresh= 3.080E-06 alpha_mix =  0.700 |ddv_scf|^2 =  4.415E-11

      iter #   4 total cpu time :    22.4 secs   av.it.:  12.0
      thresh= 6.645E-07 alpha_mix =  0.700 |ddv_scf|^2 =  2.188E-13

      iter #   5 total cpu time :    27.6 secs   av.it.:  13.2
      thresh= 4.678E-08 alpha_mix =  0.700 |ddv_scf|^2 =  1.166E-15

     End of electric fields calculation

          Dielectric constant in cartesian axis 

          (       3.214927291       0.000000000       0.000000000 )
          (       0.000000000       3.214927291       0.000000000 )
          (       0.000000000       0.000000000       3.214927291 )

          Effective charges (d Force / dE) in cartesian axis without acoustic sum rule applied (asr)

           atom    1  Mg    Mean Z*:        1.99114
      Ex  (        1.99114        0.00000       -0.00000 )
      Ey  (        0.00000        1.99114        0.00000 )
      Ez  (        0.00000       -0.00000        1.99114 )
           atom    2  O     Mean Z*:       -1.98809
      Ex  (       -1.98809       -0.00000        0.00000 )
      Ey  (        0.00000       -1.98809        0.00000 )
      Ez  (        0.00000        0.00000       -1.98809 )

          Effective charges Sum: Mean:        0.00305
              0.00305        0.00000        0.00000
              0.00000        0.00305        0.00000
             -0.00000        0.00000        0.00305

          Effective charges (d Force / dE) in cartesian axis with asr applied: 
           atom    1  Mg    Mean Z*:        1.98961
      E*x (        1.98961        0.00000       -0.00000 )
      E*y (        0.00000        1.98961       -0.00000 )
      E*z (        0.00000       -0.00000        1.98961 )
           atom    2  O     Mean Z*:       -1.98961
      E*x (       -1.98961       -0.00000        0.00000 )
      E*y (       -0.00000       -1.98961        0.00000 )
      E*z (        0.00000        0.00000       -1.98961 )


     Representation #   1 modes #   1   2   3

     Self-consistent Calculation

      iter #   1 total cpu time :    32.5 secs   av.it.:   8.1
      thresh= 1.000E-02 alpha_mix =  0.700 |ddv_scf|^2 =  5.510E-07

      iter #   2 total cpu time :    38.2 secs   av.it.:  13.7
      thresh= 7.423E-05 alpha_mix =  0.700 |ddv_scf|^2 =  1.198E-09

      iter #   3 total cpu time :    44.1 secs   av.it.:  14.1
      thresh= 3.462E-06 alpha_mix =  0.700 |ddv_scf|^2 =  2.989E-11

      iter #   4 total cpu time :    49.4 secs   av.it.:  13.9
      thresh= 5.468E-07 alpha_mix =  0.700 |ddv_scf|^2 =  2.213E-13

      iter #   5 total cpu time :    54.2 secs   av.it.:  13.9
      thresh= 4.704E-08 alpha_mix =  0.700 |ddv_scf|^2 =  6.800E-16

     End of self-consistent calculation

     Convergence has been achieved 


     Representation #   2 modes #   4   5   6

     Self-consistent Calculation

      iter #   1 total cpu time :    57.7 secs   av.it.:   9.5
      thresh= 1.000E-02 alpha_mix =  0.700 |ddv_scf|^2 =  2.112E-06

      iter #   2 total cpu time :    62.9 secs   av.it.:  13.9
      thresh= 1.453E-04 alpha_mix =  0.700 |ddv_scf|^2 =  5.062E-08

      iter #   3 total cpu time :    69.2 secs   av.it.:  14.5
      thresh= 2.250E-05 alpha_mix =  0.700 |ddv_scf|^2 =  6.909E-10

      iter #   4 total cpu time :    74.8 secs   av.it.:  13.8
      thresh= 2.629E-06 alpha_mix =  0.700 |ddv_scf|^2 =  3.713E-11

      iter #   5 total cpu time :    80.8 secs   av.it.:  13.3
      thresh= 6.094E-07 alpha_mix =  0.700 |ddv_scf|^2 =  1.826E-13

      iter #   6 total cpu time :    87.0 secs   av.it.:  14.5
      thresh= 4.273E-08 alpha_mix =  0.700 |ddv_scf|^2 =  1.126E-15

     End of self-consistent calculation

     Convergence has been achieved 

     Number of q in the star =    1
     List of q in the star:
          1   0.000000000   0.000000000   0.000000000

          Dielectric constant in cartesian axis 

          (       3.214927291       0.000000000       0.000000000 )
          (       0.000000000       3.214927291       0.000000000 )
          (       0.000000000       0.000000000       3.214927291 )

          Effective charges (d Force / dE) in cartesian axis without acoustic sum rule applied (asr)

           atom    1  Mg    Mean Z*:        1.99114
      Ex  (        1.99114        0.00000       -0.00000 )
      Ey  (        0.00000        1.99114        0.00000 )
      Ez  (        0.00000       -0.00000        1.99114 )
           atom    2  O     Mean Z*:       -1.98809
      Ex  (       -1.98809       -0.00000        0.00000 )
      Ey  (        0.00000       -1.98809        0.00000 )
      Ez  (        0.00000        0.00000       -1.98809 )

          Effective charges Sum: Mean:        0.00305
              0.00305        0.00000        0.00000
              0.00000        0.00305        0.00000
             -0.00000        0.00000        0.00305

          Effective charges (d Force / dE) in cartesian axis with asr applied: 
           atom    1  Mg    Mean Z*:        1.98961
      E*x (        1.98961        0.00000       -0.00000 )
      E*y (        0.00000        1.98961       -0.00000 )
      E*z (        0.00000       -0.00000        1.98961 )
           atom    2  O     Mean Z*:       -1.98961
      E*x (       -1.98961       -0.00000        0.00000 )
      E*y (       -0.00000       -1.98961        0.00000 )
      E*z (        0.00000        0.00000       -1.98961 )

     Diagonalizing the dynamical matrix

     q = (    0.000000000   0.000000000   0.000000000 ) 

 **************************************************************************
     freq (    1) =      -0.441440 [THz] =     -14.724838 [cm-1]
     freq (    2) =      -0.441440 [THz] =     -14.724838 [cm-1]
     freq (    3) =      -0.441440 [THz] =     -14.724838 [cm-1]
     freq (    4) =      11.797867 [THz] =     393.534469 [cm-1]
     freq (    5) =      11.797867 [THz] =     393.534469 [cm-1]
     freq (    6) =      11.797867 [THz] =     393.534469 [cm-1]
 **************************************************************************

     Mode symmetry, O_h (m-3m)  point group:

     freq (   1-   3) =        -14.7  [cm-1]   --> T_1u G_15  G_4- I  
     freq (   4-   6) =        393.5  [cm-1]   --> T_1u G_15  G_4- I  

     PHONON       :  41m58.22s CPU   1m27.13s WALL

     INITIALIZATION: 
     phq_setup    :      0.44s CPU      0.02s WALL (       1 calls)
     phq_init     :     10.00s CPU      0.53s WALL (       1 calls)

     phq_init     :     10.00s CPU      0.53s WALL (       1 calls)
     set_drhoc    :      0.03s CPU      0.00s WALL (       3 calls)
     init_vloc    :      0.16s CPU      0.03s WALL (       1 calls)
     init_us_1    :      0.27s CPU      0.13s WALL (       1 calls)
     init_us_2    :     10.31s CPU      0.36s WALL (     464 calls)
     newd         :      0.18s CPU      0.03s WALL (       1 calls)
     dvanqq       :      4.79s CPU      0.15s WALL (       1 calls)
     drho         :      3.62s CPU      0.31s WALL (       1 calls)
     drhous       :      3.08s CPU      0.20s WALL (       1 calls)
     nldyntot     :      0.00s CPU      0.00s WALL (       1 calls)
     cmpt_qdipol  :      0.00s CPU      0.00s WALL (       1 calls)

     DIELECTRIC CONSTANT AND EFFECTIVE CHARGES:
     solve_e      :    790.39s CPU     26.56s WALL (       1 calls)
     dielec       :      0.00s CPU      0.03s WALL (       1 calls)
     zstar_eu     :     19.56s CPU      1.91s WALL (       1 calls)

     DYNAMICAL MATRIX:
     dynmat0      :      1.12s CPU      0.05s WALL (       1 calls)
     dynmat_us    :      0.72s CPU      0.03s WALL (       1 calls)
     addusdynmat  :      0.00s CPU      0.00s WALL (       1 calls)
     d2ionq       :      0.06s CPU      0.00s WALL (       1 calls)
     dynmatcc     :      0.33s CPU      0.01s WALL (       1 calls)
     phqscf       :   1694.55s CPU     57.60s WALL (       1 calls)
     dynmatrix    :      0.00s CPU      0.02s WALL (       1 calls)

     phqscf       :   1694.55s CPU     57.60s WALL (       1 calls)
     solve_linter :   1690.29s CPU     57.46s WALL (       2 calls)
     dfpt_kernel  :   2298.23s CPU     77.95s WALL (       3 calls)
     sth_kernel   :   2120.32s CPU     68.22s WALL (      16 calls)
     h_prec       :      0.26s CPU      0.01s WALL (     304 calls)
     apply_dpot_b :     41.42s CPU      1.76s WALL (     624 calls)
     ortho        :     38.09s CPU      1.45s WALL (     816 calls)
     cgsolve      :   2126.92s CPU     67.55s WALL (     816 calls)
     incdrhoscf   :     80.50s CPU      2.61s WALL (     816 calls)
                                        0.00s GPU  (     816 calls)
     addusddens   :      2.85s CPU      0.35s WALL (      13 calls)
     dv_of_drho   :      0.56s CPU      0.57s WALL (      51 calls)
     mix_pot      :      0.06s CPU      0.15s WALL (      16 calls)
     drhodv       :      4.26s CPU      0.14s WALL (       2 calls)
     symdvscf     :      2.33s CPU      2.33s WALL (      17 calls)
     newdq        :      3.37s CPU      0.83s WALL (      16 calls)
     adddvscf     :      1.19s CPU      0.09s WALL (     624 calls)
     com_dvloc    :      1.15s CPU      0.06s WALL (     210 calls)
                                        0.00s GPU  (     210 calls)
     addcore      :      0.06s CPU      0.06s WALL (      66 calls)
                                        0.00s GPU  (      66 calls)
     drhodvus     :      0.00s CPU      0.01s WALL (       2 calls)

     dvqpsi_us    :      7.50s CPU      0.62s WALL (     192 calls)
                                        0.00s GPU  (     192 calls)
     dvqpsi_us_on :      0.48s CPU      0.08s WALL (     192 calls)

     add_vuspsi   :     51.03s CPU      1.71s WALL (   14471 calls)
     addusdbec    :      4.24s CPU      0.15s WALL (     912 calls)

     drhodvus     :      0.00s CPU      0.01s WALL (       2 calls)

      General routines
     calbec       :    128.86s CPU      4.45s WALL (   33614 calls)
     fft          :      2.65s CPU      0.80s WALL (    1055 calls)
     ffts         :      0.64s CPU      0.07s WALL (     316 calls)
     fftw         :   1034.63s CPU     34.10s WALL (  203640 calls)
     davcio       :      2.77s CPU      0.30s WALL (    4163 calls)
     write_rec    :      0.00s CPU      0.08s WALL (      18 calls)

      Additional routines
     ch_psi       :   2085.56s CPU     66.25s WALL (   14471 calls)
     last         :    226.00s CPU      7.22s WALL (   14471 calls)
     Hesh         :      3.83s CPU      0.13s WALL (   14471 calls)
     ch_psi_all_k :    220.96s CPU      7.05s WALL (   14471 calls)
                                        0.00s GPU  (   14471 calls)
     ch_psi_calbe :     57.56s CPU      1.91s WALL (   14471 calls)
                                        0.00s GPU  (   14471 calls)
     h_psi_bgrp   :   1729.92s CPU     55.06s WALL (   14471 calls)
     h_psi        :   1728.85s CPU     55.04s WALL (   14471 calls)
     h_psi:pot    :   1638.59s CPU     52.22s WALL (   14471 calls)
     h_psi:calbec :     62.13s CPU      1.91s WALL (   14471 calls)
     s_psi_bgrp   :    250.62s CPU      7.91s WALL (   29806 calls)
     s_psi        :    112.33s CPU      3.71s WALL (   29806 calls)


     PHONON       :  41m58.22s CPU   1m27.13s WALL


   This run was terminated on:   2:57:25   5Aug2026            

=------------------------------------------------------------------------------=
   JOB DONE.
=------------------------------------------------------------------------------=
