
     Program PHONON v.7.5 starts on  5Aug2026 at  0: 6: 2 

     This program is part of the open-source Quantum ESPRESSO suite
     for quantum simulation of materials; please cite
         "P. Giannozzi et al., J. Phys.:Condens. Matter 21 395502 (2009);
         "P. Giannozzi et al., J. Phys.:Condens. Matter 29 465901 (2017);
         "P. Giannozzi et al., J. Chem. Phys. 152 154105 (2020);
          URL http://www.quantum-espresso.org", 
     in publications or presentations arising from this work. More details at
     http://www.quantum-espresso.org/quote

     Parallel version (MPI & OpenMP), running on      32 processor cores
     Number of MPI processes:                 4
     Threads/MPI process:                     8

     MPI processes distributed on     1 nodes
     61494 MiB available memory on the printing compute node when the environment starts
 
     Reading input from ph.in
      Title line not specified: using 'default'.

     Reading xml data from directory:

     ./out/si_epsilon.save/
 
     R & G space division:  proc/nbgrp/npool/nimage =       4
     Subspace diagonalization in iterative solution of the eigenvalue problem:
     a serial algorithm will be used


     IMPORTANT: XC functional enforced from input :
     Exchange-correlation= PBE
                           (   1   4   3   4   0   0   0)
     Any further DFT definition will be discarded
     Please, verify this is what you really want

 
     Parallelization info
     --------------------
     sticks:   dense  smooth     PW     G-vecs:    dense   smooth      PW
     Min         289     145     46                 6555     2313     409
     Max         290     146     47                 6559     2316     411
     Sum        1159     583    187                26229     9257    1639
 
     Using Slab Decomposition
 
     Reading collected, re-writing distributed wavefunctions in ./out/

     Number and degeneracy of irreps per q-point
       N         xq(1)         xq(2)         xq(3)   N irreps
       1   0.000000000   0.000000000   0.000000000       2
        3   3

     Calculation of q =    0.0000000   0.0000000   0.0000000

     default                                                                    

     bravais-lattice index     =            0
     lattice parameter (alat)  =       7.2563  a.u.
     unit-cell volume          =     270.1669 (a.u.)^3
     number of atoms/cell      =            2
     number of atomic types    =            1
     kinetic-energy cut-off    =      40.0000  Ry
     charge density cut-off    =     320.0000  Ry
     convergence threshold     =      1.0E-14
     beta                      =       0.7000
     number of iterations used =            4
     Exchange-correlation= PBE
                           (   1   4   3   4   0   0   0)


     celldm(1)=    7.25631  celldm(2)=    0.00000  celldm(3)=    0.00000
     celldm(4)=    0.00000  celldm(5)=    0.00000  celldm(6)=    0.00000

     crystal axes: (cart. coord. in units of alat)
               a(1) = (  0.0000  0.7071  0.7071 )  
               a(2) = (  0.7071  0.0000  0.7071 )  
               a(3) = (  0.7071  0.7071  0.0000 )  

     reciprocal axes: (cart. coord. in units 2 pi/alat)
               b(1) = ( -0.7071  0.7071  0.7071 )  
               b(2) = (  0.7071 -0.7071  0.7071 )  
               b(3) = (  0.7071  0.7071 -0.7071 )  


     Atoms inside the unit cell: 

     Cartesian axes

     site n.  atom      mass           positions (alat units)
        1  Si     28.0855   tau(    1) = (    0.00000    0.00000    0.00000  )
        2  Si     28.0855   tau(    2) = (    0.35355    0.35355    0.35355  )

     Computing dynamical matrix for 
                    q = (   0.0000000   0.0000000   0.0000000 )
 
     49 Sym.Ops. (with q -> -q+G )


     G cutoff =  426.7973  (   6559 G-vectors)     FFT grid: ( 48, 48, 48)
     G cutoff =  213.3986  (   2316 G-vectors)  smooth grid: ( 32, 32, 32)
     number of k points=    29
                       cart. coord. in units 2pi/alat
        k(    1) = (   0.0000000   0.0000000   0.0000000), wk =   0.0039062
        k(    2) = (   0.0883883   0.0883883  -0.0883883), wk =   0.0312500
        k(    3) = (   0.1767767   0.1767767  -0.1767767), wk =   0.0312500
        k(    4) = (   0.2651650   0.2651650  -0.2651650), wk =   0.0312500
        k(    5) = (  -0.3535534  -0.3535534   0.3535534), wk =   0.0156250
        k(    6) = (   0.1767767   0.0000000   0.0000000), wk =   0.0234375
        k(    7) = (   0.2651650   0.0883883  -0.0883883), wk =   0.0937500
        k(    8) = (   0.3535534   0.1767767  -0.1767767), wk =   0.0937500
        k(    9) = (  -0.2651650  -0.4419417   0.4419417), wk =   0.0937500
        k(   10) = (  -0.1767767  -0.3535534   0.3535534), wk =   0.0937500
        k(   11) = (  -0.0883883  -0.2651650   0.2651650), wk =   0.0937500
        k(   12) = (   0.0000000  -0.1767767   0.1767767), wk =   0.0468750
        k(   13) = (   0.3535534   0.0000000   0.0000000), wk =   0.0234375
        k(   14) = (   0.4419417   0.0883883  -0.0883883), wk =   0.0937500
        k(   15) = (  -0.1767767  -0.5303301   0.5303301), wk =   0.0937500
        k(   16) = (  -0.0883883  -0.4419417   0.4419417), wk =   0.0937500
        k(   17) = (   0.0000000  -0.3535534   0.3535534), wk =   0.0468750
        k(   18) = (   0.5303301   0.0000000   0.0000000), wk =   0.0234375
        k(   19) = (  -0.0883883  -0.6187184   0.6187184), wk =   0.0937500
        k(   20) = (   0.0000000  -0.5303301   0.5303301), wk =   0.0468750
        k(   21) = (  -0.7071068   0.0000000   0.0000000), wk =   0.0117188
        k(   22) = (   0.3535534   0.1767767   0.0000000), wk =   0.0937500
        k(   23) = (  -0.2651650  -0.4419417   0.6187184), wk =   0.1875000
        k(   24) = (  -0.1767767  -0.3535534   0.5303301), wk =   0.0937500
        k(   25) = (  -0.1767767  -0.5303301   0.7071068), wk =   0.0937500
        k(   26) = (  -0.0883883  -0.4419417   0.6187184), wk =   0.1875000
        k(   27) = (   0.0000000  -0.3535534   0.5303301), wk =   0.0937500
        k(   28) = (  -0.7071068   0.1767767   0.0000000), wk =   0.0468750
        k(   29) = (  -0.7071068   0.3535534   0.0000000), wk =   0.0234375

     PseudoPot. # 1 for Si read from file:
     ./pseudo/Si.pbe-n-rrkjus_psl.1.0.0.UPF
     MD5 check sum: 0b0bb1205258b0d07b9f9672cf965d36
     Pseudo is Ultrasoft + core correction, Zval =  4.0
     Generated using "atomic" code by A. Dal Corso  v.5.1
     Using radial grid of 1141 points,  6 beta functions with: 
                l(1) =   0
                l(2) =   0
                l(3) =   1
                l(4) =   1
                l(5) =   2
                l(6) =   2
     Q(r) pseudized with 0 coefficients 


     Mode symmetry, O_h (m-3m)  point group:


     Electric field:
     Dielectric constant
     Born effective charges as d Force / d E


     Atomic displacements:
     There are    2 irreducible representations

     Representation     1      3 modes -  To be done

     Representation     2      3 modes -  To be done



     Alpha used in Ewald sum =   2.8000
     PHONON       :      2.93s CPU      0.44s WALL


     Electric Fields Calculation

      iter #   1 total cpu time :     2.7 secs   av.it.:   6.4
      thresh= 1.000E-02 alpha_mix =  0.700 |ddv_scf|^2 =  1.151E-07

      iter #   2 total cpu time :     4.0 secs   av.it.:  10.9
      thresh= 3.393E-05 alpha_mix =  0.700 |ddv_scf|^2 =  6.631E-09

      iter #   3 total cpu time :     5.3 secs   av.it.:  10.6
      thresh= 8.143E-06 alpha_mix =  0.700 |ddv_scf|^2 =  4.174E-10

      iter #   4 total cpu time :     6.6 secs   av.it.:  10.4
      thresh= 2.043E-06 alpha_mix =  0.700 |ddv_scf|^2 =  2.888E-12

      iter #   5 total cpu time :     7.9 secs   av.it.:  10.7
      thresh= 1.699E-07 alpha_mix =  0.700 |ddv_scf|^2 =  2.541E-15

     End of electric fields calculation

          Dielectric constant in cartesian axis 

          (      14.026301123       0.000000000       0.000000000 )
          (       0.000000000      14.026301123       0.000000000 )
          (       0.000000000      -0.000000000      14.026301123 )

          Effective charges (d Force / dE) in cartesian axis without acoustic sum rule applied (asr)

           atom    1  Si    Mean Z*:       -0.08800
      Ex  (       -0.08800        0.00000       -0.00000 )
      Ey  (        0.00000       -0.08800        0.00000 )
      Ez  (       -0.00000        0.00000       -0.08800 )
           atom    2  Si    Mean Z*:       -0.08800
      Ex  (       -0.08800       -0.00000        0.00000 )
      Ey  (       -0.00000       -0.08800       -0.00000 )
      Ez  (        0.00000       -0.00000       -0.08800 )

          Effective charges Sum: Mean:       -0.17601
             -0.17601       -0.00000        0.00000
             -0.00000       -0.17601        0.00000
             -0.00000       -0.00000       -0.17601

          Effective charges (d Force / dE) in cartesian axis with asr applied: 
           atom    1  Si    Mean Z*:       -0.00000
      E*x (       -0.00000        0.00000       -0.00000 )
      E*y (        0.00000       -0.00000        0.00000 )
      E*z (       -0.00000        0.00000       -0.00000 )
           atom    2  Si    Mean Z*:        0.00000
      E*x (        0.00000       -0.00000        0.00000 )
      E*y (       -0.00000        0.00000       -0.00000 )
      E*z (        0.00000       -0.00000        0.00000 )


     Representation #   1 modes #   1   2   3

     Self-consistent Calculation

      iter #   1 total cpu time :    10.0 secs   av.it.:   5.4
      thresh= 1.000E-02 alpha_mix =  0.700 |ddv_scf|^2 =  1.462E-08

      iter #   2 total cpu time :    11.4 secs   av.it.:  10.9
      thresh= 1.209E-05 alpha_mix =  0.700 |ddv_scf|^2 =  9.814E-10

      iter #   3 total cpu time :    12.7 secs   av.it.:  10.7
      thresh= 3.133E-06 alpha_mix =  0.700 |ddv_scf|^2 =  4.369E-11

      iter #   4 total cpu time :    14.0 secs   av.it.:  10.5
      thresh= 6.610E-07 alpha_mix =  0.700 |ddv_scf|^2 =  8.375E-14

      iter #   5 total cpu time :    15.3 secs   av.it.:  11.2
      thresh= 2.894E-08 alpha_mix =  0.700 |ddv_scf|^2 =  1.077E-15

     End of self-consistent calculation

     Convergence has been achieved 


     Representation #   2 modes #   4   5   6

     Self-consistent Calculation

      iter #   1 total cpu time :    16.3 secs   av.it.:   5.5
      thresh= 1.000E-02 alpha_mix =  0.700 |ddv_scf|^2 =  1.356E-08

      iter #   2 total cpu time :    17.5 secs   av.it.:  10.9
      thresh= 1.164E-05 alpha_mix =  0.700 |ddv_scf|^2 =  1.040E-09

      iter #   3 total cpu time :    18.8 secs   av.it.:  10.7
      thresh= 3.225E-06 alpha_mix =  0.700 |ddv_scf|^2 =  3.683E-11

      iter #   4 total cpu time :    20.1 secs   av.it.:  11.0
      thresh= 6.069E-07 alpha_mix =  0.700 |ddv_scf|^2 =  1.068E-13

      iter #   5 total cpu time :    21.5 secs   av.it.:  11.1
      thresh= 3.269E-08 alpha_mix =  0.700 |ddv_scf|^2 =  4.076E-16

     End of self-consistent calculation

     Convergence has been achieved 
 
     Number of q in the star =    1
     List of q in the star:
          1   0.000000000   0.000000000   0.000000000

          Dielectric constant in cartesian axis 

          (      14.026301123       0.000000000       0.000000000 )
          (       0.000000000      14.026301123       0.000000000 )
          (       0.000000000      -0.000000000      14.026301123 )

          Effective charges (d Force / dE) in cartesian axis without acoustic sum rule applied (asr)

           atom    1  Si    Mean Z*:       -0.08800
      Ex  (       -0.08800        0.00000       -0.00000 )
      Ey  (        0.00000       -0.08800        0.00000 )
      Ez  (       -0.00000        0.00000       -0.08800 )
           atom    2  Si    Mean Z*:       -0.08800
      Ex  (       -0.08800       -0.00000        0.00000 )
      Ey  (       -0.00000       -0.08800       -0.00000 )
      Ez  (        0.00000       -0.00000       -0.08800 )

          Effective charges Sum: Mean:       -0.17601
             -0.17601       -0.00000        0.00000
             -0.00000       -0.17601        0.00000
             -0.00000       -0.00000       -0.17601

          Effective charges (d Force / dE) in cartesian axis with asr applied: 
           atom    1  Si    Mean Z*:       -0.00000
      E*x (       -0.00000        0.00000       -0.00000 )
      E*y (        0.00000       -0.00000        0.00000 )
      E*z (       -0.00000        0.00000       -0.00000 )
           atom    2  Si    Mean Z*:        0.00000
      E*x (        0.00000       -0.00000        0.00000 )
      E*y (       -0.00000        0.00000       -0.00000 )
      E*z (        0.00000       -0.00000        0.00000 )

     Diagonalizing the dynamical matrix

     q = (    0.000000000   0.000000000   0.000000000 ) 

 **************************************************************************
     freq (    1) =       0.036468 [THz] =       1.216451 [cm-1]
     freq (    2) =       0.036468 [THz] =       1.216451 [cm-1]
     freq (    3) =       0.036468 [THz] =       1.216451 [cm-1]
     freq (    4) =      15.422602 [THz] =     514.442616 [cm-1]
     freq (    5) =      15.422602 [THz] =     514.442616 [cm-1]
     freq (    6) =      15.422602 [THz] =     514.442616 [cm-1]
 **************************************************************************

     Mode symmetry, O_h (m-3m)  point group:

     freq (   1-   3) =          1.2  [cm-1]   --> T_1u G_15  G_4- I  
     freq (   4-   6) =        514.4  [cm-1]   --> T_2g G_25' G_5+ R  
 
     PHONON       :   2m25.29s CPU     21.50s WALL

     INITIALIZATION: 
     phq_setup    :      0.06s CPU      0.01s WALL (       1 calls)
     phq_init     :      2.22s CPU      0.30s WALL (       1 calls)
 
     phq_init     :      2.22s CPU      0.30s WALL (       1 calls)
     set_drhoc    :      0.00s CPU      0.00s WALL (       3 calls)
     init_vloc    :      0.03s CPU      0.00s WALL (       1 calls)
     init_us_1    :      0.22s CPU      0.03s WALL (       1 calls)
     init_us_2    :      0.26s CPU      0.04s WALL (     812 calls)
     newd         :      0.16s CPU      0.02s WALL (       1 calls)
     dvanqq       :      0.77s CPU      0.10s WALL (       1 calls)
     drho         :      1.31s CPU      0.18s WALL (       1 calls)
     drhous       :      0.60s CPU      0.08s WALL (       1 calls)
     nldyntot     :      0.03s CPU      0.00s WALL (       1 calls)
     cmpt_qdipol  :      0.00s CPU      0.00s WALL (       1 calls)
 
     DIELECTRIC CONSTANT AND EFFECTIVE CHARGES:
     solve_e      :     51.02s CPU      7.45s WALL (       1 calls)
     dielec       :      0.02s CPU      0.00s WALL (       1 calls)
     zstar_eu     :      7.94s CPU      1.22s WALL (       1 calls)
 
     DYNAMICAL MATRIX:
     dynmat0      :      0.10s CPU      0.01s WALL (       1 calls)
     dynmat_us    :      0.07s CPU      0.01s WALL (       1 calls)
     addusdynmat  :      0.00s CPU      0.00s WALL (       1 calls)
     d2ionq       :      0.00s CPU      0.00s WALL (       1 calls)
     dynmatcc     :      0.03s CPU      0.00s WALL (       1 calls)
     phqscf       :     83.34s CPU     12.38s WALL (       1 calls)
     dynmatrix    :      0.01s CPU      0.00s WALL (       1 calls)
 
     phqscf       :     83.34s CPU     12.38s WALL (       1 calls)
     solve_linter :     83.17s CPU     12.36s WALL (       2 calls)
     dfpt_kernel  :    122.30s CPU     18.21s WALL (       3 calls)
     sth_kernel   :     89.18s CPU     12.04s WALL (      15 calls)
     h_prec       :      0.05s CPU      0.01s WALL (     522 calls)
     apply_dpot_b :      4.59s CPU      0.62s WALL (    1044 calls)
     ortho        :      0.68s CPU      0.09s WALL (    1392 calls)
     cgsolve      :     86.61s CPU     11.67s WALL (    1392 calls)
     incdrhoscf   :      6.03s CPU      0.82s WALL (    1392 calls)
                                        0.00s GPU  (    1392 calls)
     addusddens   :      2.68s CPU      0.36s WALL (      12 calls)
     dv_of_drho   :      0.22s CPU      0.16s WALL (      48 calls)
     mix_pot      :      0.02s CPU      0.05s WALL (      15 calls)
     drhodv       :      0.16s CPU      0.02s WALL (       2 calls)
     psymdvscf    :     22.05s CPU      4.63s WALL (      16 calls)
     newdq        :      8.51s CPU      1.14s WALL (      15 calls)
     adddvscf     :      0.28s CPU      0.04s WALL (    1044 calls)
     com_dvloc    :      0.32s CPU      0.04s WALL (     366 calls)
                                        0.00s GPU  (     366 calls)
     addcore      :      0.18s CPU      0.02s WALL (      66 calls)
                                        0.00s GPU  (      66 calls)
     drhodvus     :      0.01s CPU      0.00s WALL (       2 calls)
 
     dvqpsi_us    :      2.71s CPU      0.36s WALL (     348 calls)
                                        0.00s GPU  (     348 calls)
     dvqpsi_us_on :      0.93s CPU      0.12s WALL (     348 calls)
 
     add_vuspsi   :      2.35s CPU      0.32s WALL (   16984 calls)
     addusdbec    :      0.34s CPU      0.05s WALL (    1566 calls)
 
     drhodvus     :      0.01s CPU      0.00s WALL (       2 calls)
 
      General routines
     calbec       :      6.92s CPU      0.93s WALL (   42262 calls)
     fft          :      0.97s CPU      0.23s WALL (    1010 calls)
     ffts         :      0.26s CPU      0.04s WALL (     466 calls)
     fftw         :     68.37s CPU      8.99s WALL (  142848 calls)
     davcio       :      0.97s CPU      0.17s WALL (    7121 calls)
     write_rec    :      0.13s CPU      0.02s WALL (      17 calls)
 
      Additional routines
     ch_psi       :     84.67s CPU     11.41s WALL (   16984 calls)
     last         :      9.37s CPU      1.26s WALL (   16984 calls)
     Hesh         :      0.38s CPU      0.04s WALL (   16984 calls)
     ch_psi_all_k :      8.54s CPU      1.13s WALL (   16984 calls)
                                        0.00s GPU  (   16984 calls)
     ch_psi_calbe :      2.99s CPU      0.41s WALL (   16984 calls)
                                        0.00s GPU  (   16984 calls)
     h_psi_bgrp   :     71.20s CPU      9.60s WALL (   16984 calls)
     h_psi        :     70.82s CPU      9.54s WALL (   16984 calls)
     h_psi:pot    :     70.15s CPU      9.41s WALL (   16984 calls)
     h_psi:calbec :      3.35s CPU      0.45s WALL (   16984 calls)
     s_psi_bgrp   :      6.32s CPU      0.88s WALL (   35447 calls)
     s_psi        :      4.85s CPU      0.62s WALL (   35447 calls)
 
 
     PHONON       :   2m25.30s CPU     21.50s WALL

 
   This run was terminated on:   0: 6:24   5Aug2026            

=------------------------------------------------------------------------------=
   JOB DONE.
=------------------------------------------------------------------------------=
