
     Program PHONON v.7.5 starts on  4Aug2026 at 23:18:58 

     This program is part of the open-source Quantum ESPRESSO suite
     for quantum simulation of materials; please cite
         "P. Giannozzi et al., J. Phys.:Condens. Matter 21 395502 (2009);
         "P. Giannozzi et al., J. Phys.:Condens. Matter 29 465901 (2017);
         "P. Giannozzi et al., J. Chem. Phys. 152 154105 (2020);
          URL http://www.quantum-espresso.org", 
     in publications or presentations arising from this work. More details at
     http://www.quantum-espresso.org/quote

     Parallel version (MPI & OpenMP), running on      32 processor cores
     Number of MPI processes:                 4
     Threads/MPI process:                     8

     MPI processes distributed on     1 nodes
     61619 MiB available memory on the printing compute node when the environment starts
 
     Reading input from si-gamma-ph.in
      Title line not specified: using 'default'.

     Reading xml data from directory:

     ./out/si_gamma_phonon.save/
 
     R & G space division:  proc/nbgrp/npool/nimage =       4
     Subspace diagonalization in iterative solution of the eigenvalue problem:
     a serial algorithm will be used


     IMPORTANT: XC functional enforced from input :
     Exchange-correlation= PBE
                           (   1   4   3   4   0   0   0)
     Any further DFT definition will be discarded
     Please, verify this is what you really want

 
     Parallelization info
     --------------------
     sticks:   dense  smooth     PW     G-vecs:    dense   smooth      PW
     Min         289     145     46                 6555     2313     409
     Max         290     146     47                 6559     2316     411
     Sum        1159     583    187                26229     9257    1639
 
     Using Slab Decomposition
 
     Reading collected, re-writing distributed wavefunctions in ./out/

     Number and degeneracy of irreps per q-point
       N         xq(1)         xq(2)         xq(3)   N irreps
       1   0.000000000   0.000000000   0.000000000       2
        3   3

     Calculation of q =    0.0000000   0.0000000   0.0000000

     default                                                                    

     bravais-lattice index     =            0
     lattice parameter (alat)  =       7.2563  a.u.
     unit-cell volume          =     270.1669 (a.u.)^3
     number of atoms/cell      =            2
     number of atomic types    =            1
     kinetic-energy cut-off    =      40.0000  Ry
     charge density cut-off    =     320.0000  Ry
     convergence threshold     =      1.0E-14
     beta                      =       0.7000
     number of iterations used =            4
     Exchange-correlation= PBE
                           (   1   4   3   4   0   0   0)


     celldm(1)=    7.25631  celldm(2)=    0.00000  celldm(3)=    0.00000
     celldm(4)=    0.00000  celldm(5)=    0.00000  celldm(6)=    0.00000

     crystal axes: (cart. coord. in units of alat)
               a(1) = (  0.0000  0.7071  0.7071 )  
               a(2) = (  0.7071  0.0000  0.7071 )  
               a(3) = (  0.7071  0.7071  0.0000 )  

     reciprocal axes: (cart. coord. in units 2 pi/alat)
               b(1) = ( -0.7071  0.7071  0.7071 )  
               b(2) = (  0.7071 -0.7071  0.7071 )  
               b(3) = (  0.7071  0.7071 -0.7071 )  


     Atoms inside the unit cell: 

     Cartesian axes

     site n.  atom      mass           positions (alat units)
        1  Si     28.0855   tau(    1) = (    0.00000    0.00000    0.00000  )
        2  Si     28.0855   tau(    2) = (    0.35355    0.35355    0.35355  )

     Computing dynamical matrix for 
                    q = (   0.0000000   0.0000000   0.0000000 )
 
     49 Sym.Ops. (with q -> -q+G )


     G cutoff =  426.7973  (   6559 G-vectors)     FFT grid: ( 48, 48, 48)
     G cutoff =  213.3986  (   2316 G-vectors)  smooth grid: ( 32, 32, 32)
     number of k points=    29
                       cart. coord. in units 2pi/alat
        k(    1) = (   0.0000000   0.0000000   0.0000000), wk =   0.0039062
        k(    2) = (   0.0883883   0.0883883  -0.0883883), wk =   0.0312500
        k(    3) = (   0.1767767   0.1767767  -0.1767767), wk =   0.0312500
        k(    4) = (   0.2651650   0.2651650  -0.2651650), wk =   0.0312500
        k(    5) = (  -0.3535534  -0.3535534   0.3535534), wk =   0.0156250
        k(    6) = (   0.1767767   0.0000000   0.0000000), wk =   0.0234375
        k(    7) = (   0.2651650   0.0883883  -0.0883883), wk =   0.0937500
        k(    8) = (   0.3535534   0.1767767  -0.1767767), wk =   0.0937500
        k(    9) = (  -0.2651650  -0.4419417   0.4419417), wk =   0.0937500
        k(   10) = (  -0.1767767  -0.3535534   0.3535534), wk =   0.0937500
        k(   11) = (  -0.0883883  -0.2651650   0.2651650), wk =   0.0937500
        k(   12) = (   0.0000000  -0.1767767   0.1767767), wk =   0.0468750
        k(   13) = (   0.3535534   0.0000000   0.0000000), wk =   0.0234375
        k(   14) = (   0.4419417   0.0883883  -0.0883883), wk =   0.0937500
        k(   15) = (  -0.1767767  -0.5303301   0.5303301), wk =   0.0937500
        k(   16) = (  -0.0883883  -0.4419417   0.4419417), wk =   0.0937500
        k(   17) = (   0.0000000  -0.3535534   0.3535534), wk =   0.0468750
        k(   18) = (   0.5303301   0.0000000   0.0000000), wk =   0.0234375
        k(   19) = (  -0.0883883  -0.6187184   0.6187184), wk =   0.0937500
        k(   20) = (   0.0000000  -0.5303301   0.5303301), wk =   0.0468750
        k(   21) = (  -0.7071068   0.0000000   0.0000000), wk =   0.0117188
        k(   22) = (   0.3535534   0.1767767   0.0000000), wk =   0.0937500
        k(   23) = (  -0.2651650  -0.4419417   0.6187184), wk =   0.1875000
        k(   24) = (  -0.1767767  -0.3535534   0.5303301), wk =   0.0937500
        k(   25) = (  -0.1767767  -0.5303301   0.7071068), wk =   0.0937500
        k(   26) = (  -0.0883883  -0.4419417   0.6187184), wk =   0.1875000
        k(   27) = (   0.0000000  -0.3535534   0.5303301), wk =   0.0937500
        k(   28) = (  -0.7071068   0.1767767   0.0000000), wk =   0.0468750
        k(   29) = (  -0.7071068   0.3535534   0.0000000), wk =   0.0234375

     PseudoPot. # 1 for Si read from file:
     ./pseudo/Si.pbe-n-rrkjus_psl.1.0.0.UPF
     MD5 check sum: 0b0bb1205258b0d07b9f9672cf965d36
     Pseudo is Ultrasoft + core correction, Zval =  4.0
     Generated using "atomic" code by A. Dal Corso  v.5.1
     Using radial grid of 1141 points,  6 beta functions with: 
                l(1) =   0
                l(2) =   0
                l(3) =   1
                l(4) =   1
                l(5) =   2
                l(6) =   2
     Q(r) pseudized with 0 coefficients 


     Mode symmetry, O_h (m-3m)  point group:


     Atomic displacements:
     There are    2 irreducible representations

     Representation     1      3 modes -  To be done

     Representation     2      3 modes -  To be done



     Alpha used in Ewald sum =   2.8000
     PHONON       :      3.05s CPU      0.51s WALL



     Representation #   1 modes #   1   2   3

     Self-consistent Calculation

      iter #   1 total cpu time :     1.5 secs   av.it.:   5.4
      thresh= 1.000E-02 alpha_mix =  0.700 |ddv_scf|^2 =  1.462E-08

      iter #   2 total cpu time :     2.7 secs   av.it.:  10.9
      thresh= 1.209E-05 alpha_mix =  0.700 |ddv_scf|^2 =  9.814E-10

      iter #   3 total cpu time :     4.0 secs   av.it.:  10.7
      thresh= 3.133E-06 alpha_mix =  0.700 |ddv_scf|^2 =  4.369E-11

      iter #   4 total cpu time :     5.2 secs   av.it.:  10.5
      thresh= 6.610E-07 alpha_mix =  0.700 |ddv_scf|^2 =  8.375E-14

      iter #   5 total cpu time :     6.5 secs   av.it.:  11.2
      thresh= 2.894E-08 alpha_mix =  0.700 |ddv_scf|^2 =  1.077E-15

     End of self-consistent calculation

     Convergence has been achieved 


     Representation #   2 modes #   4   5   6

     Self-consistent Calculation

      iter #   1 total cpu time :     7.5 secs   av.it.:   5.5
      thresh= 1.000E-02 alpha_mix =  0.700 |ddv_scf|^2 =  1.356E-08

      iter #   2 total cpu time :     8.8 secs   av.it.:  10.9
      thresh= 1.164E-05 alpha_mix =  0.700 |ddv_scf|^2 =  1.040E-09

      iter #   3 total cpu time :    10.1 secs   av.it.:  10.7
      thresh= 3.225E-06 alpha_mix =  0.700 |ddv_scf|^2 =  3.683E-11

      iter #   4 total cpu time :    11.3 secs   av.it.:  11.0
      thresh= 6.069E-07 alpha_mix =  0.700 |ddv_scf|^2 =  1.068E-13

      iter #   5 total cpu time :    12.6 secs   av.it.:  11.1
      thresh= 3.269E-08 alpha_mix =  0.700 |ddv_scf|^2 =  4.076E-16

     End of self-consistent calculation

     Convergence has been achieved 
 
     Number of q in the star =    1
     List of q in the star:
          1   0.000000000   0.000000000   0.000000000

     Diagonalizing the dynamical matrix

     q = (    0.000000000   0.000000000   0.000000000 ) 

 **************************************************************************
     freq (    1) =       0.036468 [THz] =       1.216451 [cm-1]
     freq (    2) =       0.036468 [THz] =       1.216451 [cm-1]
     freq (    3) =       0.036468 [THz] =       1.216451 [cm-1]
     freq (    4) =      15.422602 [THz] =     514.442616 [cm-1]
     freq (    5) =      15.422602 [THz] =     514.442616 [cm-1]
     freq (    6) =      15.422602 [THz] =     514.442616 [cm-1]
 **************************************************************************

     Mode symmetry, O_h (m-3m)  point group:

     freq (   1-   3) =          1.2  [cm-1]   --> T_1u G_15  G_4- I  
     freq (   4-   6) =        514.4  [cm-1]   --> T_2g G_25' G_5+ R  
 
     PHONON       :   1m24.55s CPU     12.69s WALL

     INITIALIZATION: 
     phq_setup    :      0.06s CPU      0.01s WALL (       1 calls)
     phq_init     :      2.22s CPU      0.30s WALL (       1 calls)
 
     phq_init     :      2.22s CPU      0.30s WALL (       1 calls)
     set_drhoc    :      0.00s CPU      0.00s WALL (       3 calls)
     init_vloc    :      0.04s CPU      0.01s WALL (       1 calls)
     init_us_1    :      0.21s CPU      0.03s WALL (       1 calls)
     init_us_2    :      0.14s CPU      0.02s WALL (     493 calls)
     newd         :      0.16s CPU      0.02s WALL (       1 calls)
     dvanqq       :      0.78s CPU      0.10s WALL (       1 calls)
     drho         :      1.29s CPU      0.17s WALL (       1 calls)
     drhous       :      0.59s CPU      0.08s WALL (       1 calls)
     nldyntot     :      0.04s CPU      0.00s WALL (       1 calls)
 
     DYNAMICAL MATRIX:
     dynmat0      :      0.10s CPU      0.01s WALL (       1 calls)
     dynmat_us    :      0.07s CPU      0.01s WALL (       1 calls)
     addusdynmat  :      0.00s CPU      0.00s WALL (       1 calls)
     d2ionq       :      0.00s CPU      0.00s WALL (       1 calls)
     dynmatcc     :      0.03s CPU      0.00s WALL (       1 calls)
     phqscf       :     81.33s CPU     12.16s WALL (       1 calls)
     dynmatrix    :      0.01s CPU      0.00s WALL (       1 calls)
 
     phqscf       :     81.33s CPU     12.16s WALL (       1 calls)
     solve_linter :     81.13s CPU     12.13s WALL (       2 calls)
     dfpt_kernel  :     79.44s CPU     11.90s WALL (       2 calls)
     sth_kernel   :     57.39s CPU      7.72s WALL (      10 calls)
     h_prec       :      0.02s CPU      0.00s WALL (     290 calls)
     apply_dpot_b :      3.07s CPU      0.41s WALL (     696 calls)
     ortho        :      0.40s CPU      0.05s WALL (     870 calls)
     cgsolve      :     49.47s CPU      6.65s WALL (     870 calls)
     incdrhoscf   :      3.74s CPU      0.51s WALL (     870 calls)
                                        0.00s GPU  (     870 calls)
     addusddens   :      2.63s CPU      0.35s WALL (      12 calls)
     dv_of_drho   :      0.11s CPU      0.11s WALL (      30 calls)
     mix_pot      :      0.01s CPU      0.06s WALL (      10 calls)
     drhodv       :      0.17s CPU      0.02s WALL (       2 calls)
     psymdvscf    :     13.92s CPU      2.93s WALL (      10 calls)
     newdq        :      5.66s CPU      0.76s WALL (      10 calls)
     adddvscf     :      0.18s CPU      0.02s WALL (     696 calls)
     com_dvloc    :      0.16s CPU      0.02s WALL (     192 calls)
                                        0.00s GPU  (     192 calls)
     addcore      :      0.13s CPU      0.02s WALL (      48 calls)
                                        0.00s GPU  (      48 calls)
     drhodvus     :      0.01s CPU      0.00s WALL (       2 calls)
 
     dvqpsi_us    :      1.35s CPU      0.18s WALL (     174 calls)
                                        0.00s GPU  (     174 calls)
     dvqpsi_us_on :      0.46s CPU      0.06s WALL (     174 calls)
 
     add_vuspsi   :      1.35s CPU      0.18s WALL (    9923 calls)
     addusdbec    :      0.22s CPU      0.03s WALL (    1044 calls)
 
     drhodvus     :      0.01s CPU      0.00s WALL (       2 calls)
 
      General routines
     calbec       :      3.74s CPU      0.50s WALL (   22746 calls)
     fft          :      0.50s CPU      0.14s WALL (     584 calls)
     ffts         :      0.14s CPU      0.02s WALL (     259 calls)
     fftw         :     40.43s CPU      5.32s WALL (   85410 calls)
     davcio       :      0.39s CPU      0.10s WALL (    3348 calls)
     write_rec    :      0.09s CPU      0.01s WALL (      12 calls)
 
      Additional routines
     ch_psi       :     48.33s CPU      6.49s WALL (    9923 calls)
     last         :      5.40s CPU      0.72s WALL (    9923 calls)
     Hesh         :      0.21s CPU      0.03s WALL (    9923 calls)
     ch_psi_all_k :      4.91s CPU      0.65s WALL (    9923 calls)
                                        0.00s GPU  (    9923 calls)
     ch_psi_calbe :      1.78s CPU      0.24s WALL (    9923 calls)
                                        0.00s GPU  (    9923 calls)
     h_psi_bgrp   :     40.76s CPU      5.48s WALL (    9923 calls)
     h_psi        :     40.56s CPU      5.45s WALL (    9923 calls)
     h_psi:pot    :     40.34s CPU      5.40s WALL (    9923 calls)
     h_psi:calbec :      1.93s CPU      0.26s WALL (    9923 calls)
     s_psi_bgrp   :      3.35s CPU      0.47s WALL (   20716 calls)
     s_psi        :      2.81s CPU      0.36s WALL (   20716 calls)
 
 
     PHONON       :   1m24.56s CPU     12.69s WALL

 
   This run was terminated on:  23:19:11   4Aug2026            

=------------------------------------------------------------------------------=
   JOB DONE.
=------------------------------------------------------------------------------=
