
     Program BANDS v.7.5 starts on  4Aug2026 at 20:46: 1 

     This program is part of the open-source Quantum ESPRESSO suite
     for quantum simulation of materials; please cite
         "P. Giannozzi et al., J. Phys.:Condens. Matter 21 395502 (2009);
         "P. Giannozzi et al., J. Phys.:Condens. Matter 29 465901 (2017);
         "P. Giannozzi et al., J. Chem. Phys. 152 154105 (2020);
          URL http://www.quantum-espresso.org", 
     in publications or presentations arising from this work. More details at
     http://www.quantum-espresso.org/quote

     Parallel version (MPI & OpenMP), running on      32 processor cores
     Number of MPI processes:                 1
     Threads/MPI process:                    32

     MPI processes distributed on     1 nodes
     61997 MiB available memory on the printing compute node when the environment starts
 

     Reading xml data from directory:

     ./out/si_cod9013102.save/

     IMPORTANT: XC functional enforced from input :
     Exchange-correlation= PBE
                           (   1   4   3   4   0   0   0)
     Any further DFT definition will be discarded
     Please, verify this is what you really want

 
     G-vector sticks info
     --------------------
     sticks:   dense  smooth     PW     G-vecs:    dense   smooth      PW
     Sum        1159     583    187                26229     9257    1591
 
     Using Slab Decomposition
 
     Reading collected, re-writing distributed wavefunctions
     high-symmetry point:  0.0000 0.0000 0.0000   x coordinate   0.0000
     high-symmetry point:  0.0000 0.7071 0.0000   x coordinate   0.7071
     high-symmetry point:  0.1768 0.7071 0.1768   x coordinate   0.9571
     high-symmetry point:  0.5303 0.5303 0.0000   x coordinate   1.3901
     high-symmetry point:  0.0000 0.0000 0.0000   x coordinate   2.1401
     high-symmetry point:  0.3536 0.3536 0.3536   x coordinate   2.7525
     high-symmetry point:  0.3536 0.7071 0.0000   x coordinate   3.2525
     high-symmetry point:  0.0000 0.7071 0.0000   x coordinate   3.6060

     Plottable bands (eV) written to file si.bands.dat.gnu
     Bands written to file si.bands.dat

 **************************************************************************

                    xk=(   0.00000,   0.00000,   0.00000  )

     point group O_h (m-3m) 
     there are 10 classes
     the character table:

       E     8C3   3C2   6C4   6C2'  i     8S6   3s_h  6S4   6s_d 
A_1g   1.00  1.00  1.00  1.00  1.00  1.00  1.00  1.00  1.00  1.00
A_2g   1.00  1.00  1.00 -1.00 -1.00  1.00  1.00  1.00 -1.00 -1.00
E_g    2.00 -1.00  2.00  0.00  0.00  2.00 -1.00  2.00  0.00  0.00
T_1g   3.00  0.00 -1.00  1.00 -1.00  3.00  0.00 -1.00  1.00 -1.00
T_2g   3.00  0.00 -1.00 -1.00  1.00  3.00  0.00 -1.00 -1.00  1.00
A_1u   1.00  1.00  1.00  1.00  1.00 -1.00 -1.00 -1.00 -1.00 -1.00
A_2u   1.00  1.00  1.00 -1.00 -1.00 -1.00 -1.00 -1.00  1.00  1.00
E_u    2.00 -1.00  2.00  0.00  0.00 -2.00  1.00 -2.00  0.00  0.00
T_1u   3.00  0.00 -1.00  1.00 -1.00 -3.00  0.00  1.00 -1.00  1.00
T_2u   3.00  0.00 -1.00 -1.00  1.00 -3.00  0.00  1.00  1.00 -1.00

     the symmetry operations in each class and the name of the first element:

     E        1
                                                                 
     8C3     17   19   20   18   24   21   22   23
                                                                 
     3C2      2    4    3
                                                                 
     6C4      7    8   15   16   12   11
                                                                 
     6C2'     5    6   14   13   10    9
                                                                 
     i       25
                                                                 
     8S6     41   43   44   42   48   45   46   47
                                                                 
     3s_h    26   28   27
                                                                 
     6S4     31   32   39   40   36   35
                                                                 
     6s_d    29   30   38   37   34   33
                                                                 

     Band symmetry, O_h (m-3m)  point group:

     e(  1 -  1) =     -5.75782  eV     1   --> A_1g G_1   G_1+
     e(  2 -  4) =      6.20544  eV     3   --> T_2g G_25' G_5+
     e(  5 -  7) =      8.76793  eV     3   --> T_1u G_15  G_4-
     e(  8 -  8) =      9.56738  eV     1   --> A_2u G_2'  G_2-

 **************************************************************************

 **************************************************************************

                    xk=(   0.00000,   0.03536,   0.00000  )

     point group C_4v (4mm) 
     there are  5 classes
     the character table:

       E     2C4   C2    2s_v  2s_d 
A_1    1.00  1.00  1.00  1.00  1.00
A_2    1.00  1.00  1.00 -1.00 -1.00
B_1    1.00 -1.00  1.00  1.00 -1.00
B_2    1.00 -1.00  1.00 -1.00  1.00
E      2.00  0.00 -2.00  0.00  0.00

     the symmetry operations in each class and the name of the first element:

     E        1
                                                                 
     2C4      3    4
                                                                 
     C2       2
                                                                 
     2s_v     5    6
                                                                 
     2s_d     7    8
                                                                 

     Band symmetry, C_4v (4mm)  point group:

     e(  1 -  1) =     -5.74689  eV     1   --> A_1  G_1 D_1   
     e(  2 -  2) =      6.13095  eV     1   --> B_2  G_4 D_2'  
     e(  3 -  4) =      6.15842  eV     2   --> E    G_5 D_5   
     e(  5 -  5) =      8.74082  eV     1   --> A_1  G_1 D_1   
     e(  6 -  7) =      8.82844  eV     2   --> E    G_5 D_5   
     e(  8 -  8) =      9.64020  eV     1   --> B_2  G_4 D_2'  

 **************************************************************************

 **************************************************************************

                    xk=(   0.00000,   0.07071,   0.00000  )

     Band symmetry, C_4v (4mm)  point group:

     e(  1 -  1) =     -5.71407  eV     1   --> A_1  G_1 D_1   
     e(  2 -  2) =      5.92523  eV     1   --> B_2  G_4 D_2'  
     e(  3 -  4) =      6.02945  eV     2   --> E    G_5 D_5   
     e(  5 -  5) =      8.66270  eV     1   --> A_1  G_1 D_1   
     e(  6 -  7) =      8.99781  eV     2   --> E    G_5 D_5   
     e(  8 -  8) =      9.83770  eV     1   --> B_2  G_4 D_2'  

 **************************************************************************

 **************************************************************************

                    xk=(   0.00000,   0.10607,   0.00000  )

     Band symmetry, C_4v (4mm)  point group:

     e(  1 -  1) =     -5.65941  eV     1   --> A_1  G_1 D_1   
     e(  2 -  2) =      5.62572  eV     1   --> B_2  G_4 D_2'  
     e(  3 -  4) =      5.84452  eV     2   --> E    G_5 D_5   
     e(  5 -  5) =      8.54200  eV     1   --> A_1  G_1 D_1   
     e(  6 -  7) =      9.24984  eV     2   --> E    G_5 D_5   
     e(  8 -  8) =     10.11035  eV     1   --> B_2  G_4 D_2'  

 **************************************************************************

 **************************************************************************

                    xk=(   0.00000,   0.14142,   0.00000  )

     Band symmetry, C_4v (4mm)  point group:

     e(  1 -  1) =     -5.58300  eV     1   --> A_1  G_1 D_1   
     e(  2 -  2) =      5.26653  eV     1   --> B_2  G_4 D_2'  
     e(  3 -  4) =      5.62818  eV     2   --> E    G_5 D_5   
     e(  5 -  5) =      8.38979  eV     1   --> A_1  G_1 D_1   
     e(  6 -  7) =      9.55967  eV     2   --> E    G_5 D_5   
     e(  8 -  8) =     10.39442  eV     1   --> B_2  G_4 D_2'  

 **************************************************************************

 **************************************************************************

                    xk=(   0.00000,   0.17678,   0.00000  )

     Band symmetry, C_4v (4mm)  point group:

     e(  1 -  1) =     -5.48492  eV     1   --> A_1  G_1 D_1   
     e(  2 -  2) =      4.87086  eV     1   --> B_2  G_4 D_2'  
     e(  3 -  4) =      5.39785  eV     2   --> E    G_5 D_5   
     e(  5 -  5) =      8.21725  eV     1   --> A_1  G_1 D_1   
     e(  6 -  7) =      9.90947  eV     2   --> E    G_5 D_5   
     e(  8 -  8) =     10.60107  eV     1   --> B_2  G_4 D_2'  

 **************************************************************************

 **************************************************************************

                    xk=(   0.00000,   0.21213,   0.00000  )

     Band symmetry, C_4v (4mm)  point group:

     e(  1 -  1) =     -5.36535  eV     1   --> A_1  G_1 D_1   
     e(  2 -  2) =      4.45290  eV     1   --> B_2  G_4 D_2'  
     e(  3 -  4) =      5.16473  eV     2   --> E    G_5 D_5   
     e(  5 -  5) =      8.03431  eV     1   --> A_1  G_1 D_1   
     e(  6 -  7) =     10.28756  eV     2   --> E    G_5 D_5   
     e(  8 -  8) =     10.61936  eV     1   --> B_2  G_4 D_2'  

 **************************************************************************

 **************************************************************************

                    xk=(   0.00000,   0.24749,   0.00000  )

     Band symmetry, C_4v (4mm)  point group:

     e(  1 -  1) =     -5.22445  eV     1   --> A_1  G_1 D_1   
     e(  2 -  2) =      4.02116  eV     1   --> B_2  G_4 D_2'  
     e(  3 -  4) =      4.93591  eV     2   --> E    G_5 D_5   
     e(  5 -  5) =      7.84906  eV     1   --> A_1  G_1 D_1   
     e(  6 -  6) =     10.42236  eV     1   --> B_2  G_4 D_2'  
     e(  7 -  8) =     10.68637  eV     2   --> E    G_5 D_5   

 **************************************************************************

 **************************************************************************

                    xk=(   0.00000,   0.28284,   0.00000  )

     Band symmetry, C_4v (4mm)  point group:

     e(  1 -  1) =     -5.06241  eV     1   --> A_1  G_1 D_1   
     e(  2 -  2) =      3.58083  eV     1   --> B_2  G_4 D_2'  
     e(  3 -  4) =      4.71597  eV     2   --> E    G_5 D_5   
     e(  5 -  5) =      7.66789  eV     1   --> A_1  G_1 D_1   
     e(  6 -  6) =     10.09711  eV     1   --> B_2  G_4 D_2'  
     e(  7 -  8) =     11.10083  eV     2   --> E    G_5 D_5   

 **************************************************************************

 **************************************************************************

                    xk=(   0.00000,   0.31820,   0.00000  )

     Band symmetry, C_4v (4mm)  point group:

     e(  1 -  1) =     -4.87950  eV     1   --> A_1  G_1 D_1   
     e(  2 -  2) =      3.13528  eV     1   --> B_2  G_4 D_2'  
     e(  3 -  4) =      4.50799  eV     2   --> E    G_5 D_5   
     e(  5 -  5) =      7.49579  eV     1   --> A_1  G_1 D_1   
     e(  6 -  6) =      9.72333  eV     1   --> B_2  G_4 D_2'  
     e(  7 -  8) =     11.52749  eV     2   --> E    G_5 D_5   

 **************************************************************************

 **************************************************************************

                    xk=(   0.00000,   0.35355,   0.00000  )

     Band symmetry, C_4v (4mm)  point group:

     e(  1 -  1) =     -4.67601  eV     1   --> A_1  G_1 D_1   
     e(  2 -  2) =      2.68681  eV     1   --> B_2  G_4 D_2'  
     e(  3 -  4) =      4.31409  eV     2   --> E    G_5 D_5   
     e(  5 -  5) =      7.33660  eV     1   --> A_1  G_1 D_1   
     e(  6 -  6) =      9.34169  eV     1   --> B_2  G_4 D_2'  
     e(  7 -  8) =     11.96390  eV     2   --> E    G_5 D_5   

 **************************************************************************

 **************************************************************************

                    xk=(   0.00000,   0.38891,   0.00000  )

     Band symmetry, C_4v (4mm)  point group:

     e(  1 -  1) =     -4.45226  eV     1   --> A_1  G_1 D_1   
     e(  2 -  2) =      2.23726  eV     1   --> B_2  G_4 D_2'  
     e(  3 -  4) =      4.13579  eV     2   --> E    G_5 D_5   
     e(  5 -  5) =      7.19335  eV     1   --> A_1  G_1 D_1   
     e(  6 -  6) =      8.97162  eV     1   --> B_2  G_4 D_2'  
     e(  7 -  8) =     12.40837  eV     2   --> E    G_5 D_5   

 **************************************************************************

 **************************************************************************

                    xk=(   0.00000,   0.42426,   0.00000  )

     Band symmetry, C_4v (4mm)  point group:

     e(  1 -  1) =     -4.20865  eV     1   --> A_1  G_1 D_1   
     e(  2 -  2) =      1.78816  eV     1   --> B_2  G_4 D_2'  
     e(  3 -  4) =      3.97421  eV     2   --> E    G_5 D_5   
     e(  5 -  5) =      7.06847  eV     1   --> A_1  G_1 D_1   
     e(  6 -  6) =      8.62299  eV     1   --> B_2  G_4 D_2'  
     e(  7 -  8) =     12.85972  eV     2   --> E    G_5 D_5   

 **************************************************************************

 **************************************************************************

                    xk=(   0.00000,   0.45962,   0.00000  )

     Band symmetry, C_4v (4mm)  point group:

     e(  1 -  1) =     -3.94565  eV     1   --> A_1  G_1 D_1   
     e(  2 -  2) =      1.34096  eV     1   --> B_2  G_4 D_2'  
     e(  3 -  4) =      3.83017  eV     2   --> E    G_5 D_5   
     e(  5 -  5) =      6.96391  eV     1   --> A_1  G_1 D_1   
     e(  6 -  6) =      8.30114  eV     1   --> B_2  G_4 D_2'  
     e(  7 -  8) =     13.31711  eV     2   --> E    G_5 D_5   

 **************************************************************************

 **************************************************************************

                    xk=(   0.00000,   0.49497,   0.00000  )

     Band symmetry, C_4v (4mm)  point group:

     e(  1 -  1) =     -3.66377  eV     1   --> A_1  G_1 D_1   
     e(  2 -  2) =      0.89714  eV     1   --> B_2  G_4 D_2'  
     e(  3 -  4) =      3.70432  eV     2   --> E    G_5 D_5   
     e(  5 -  5) =      6.88133  eV     1   --> A_1  G_1 D_1   
     e(  6 -  6) =      8.00898  eV     1   --> B_2  G_4 D_2'  
     e(  7 -  8) =     13.77989  eV     2   --> E    G_5 D_5   

 **************************************************************************

 **************************************************************************

                    xk=(   0.00000,   0.53033,   0.00000  )

     Band symmetry, C_4v (4mm)  point group:

     e(  1 -  1) =     -3.36357  eV     1   --> A_1  G_1 D_1   
     e(  2 -  2) =      0.45815  eV     1   --> B_2  G_4 D_2'  
     e(  3 -  4) =      3.59714  eV     2   --> E    G_5 D_5   
     e(  5 -  5) =      6.82216  eV     1   --> A_1  G_1 D_1   
     e(  6 -  6) =      7.74802  eV     1   --> B_2  G_4 D_2'  
     e(  7 -  8) =     14.24738  eV     2   --> E    G_5 D_5   

 **************************************************************************

 **************************************************************************

                    xk=(   0.00000,   0.56569,   0.00000  )

     Band symmetry, C_4v (4mm)  point group:

     e(  1 -  1) =     -3.04571  eV     1   --> A_1  G_1 D_1   
     e(  2 -  2) =      0.02546  eV     1   --> B_2  G_4 D_2'  
     e(  3 -  4) =      3.50900  eV     2   --> E    G_5 D_5   
     e(  5 -  5) =      6.78763  eV     1   --> A_1  G_1 D_1   
     e(  6 -  6) =      7.51889  eV     1   --> B_2  G_4 D_2'  
     e(  7 -  8) =     14.71834  eV     2   --> E    G_5 D_5   

 **************************************************************************

 **************************************************************************

                    xk=(   0.00000,   0.60104,   0.00000  )

     Band symmetry, C_4v (4mm)  point group:

     e(  1 -  1) =     -2.71092  eV     1   --> A_1  G_1 D_1   
     e(  2 -  2) =     -0.39948  eV     1   --> B_2  G_4 D_2'  
     e(  3 -  4) =      3.44017  eV     2   --> E    G_5 D_5   
     e(  5 -  5) =      6.77888  eV     1   --> A_1  G_1 D_1   
     e(  6 -  6) =      7.32167  eV     1   --> B_2  G_4 D_2'  
     e(  7 -  8) =     15.18998  eV     2   --> E    G_5 D_5   

 **************************************************************************

 **************************************************************************

                    xk=(   0.00000,   0.63640,   0.00000  )

     Band symmetry, C_4v (4mm)  point group:

     e(  1 -  1) =     -2.36003  eV     1   --> A_1  G_1 D_1   
     e(  2 -  2) =     -0.81521  eV     1   --> B_2  G_4 D_2'  
     e(  3 -  4) =      3.39088  eV     2   --> E    G_5 D_5   
     e(  5 -  5) =      6.79694  eV     1   --> A_1  G_1 D_1   
     e(  6 -  6) =      7.15606  eV     1   --> B_2  G_4 D_2'  
     e(  7 -  8) =     15.65431  eV     2   --> E    G_5 D_5   

 **************************************************************************

 **************************************************************************

                    xk=(   0.00000,   0.67175,   0.00000  )

     Band symmetry, C_4v (4mm)  point group:

     e(  1 -  1) =     -1.99395  eV     1   --> A_1  G_1 D_1   
     e(  2 -  2) =     -1.22039  eV     1   --> B_2  G_4 D_2'  
     e(  3 -  4) =      3.36125  eV     2   --> E    G_5 D_5   
     e(  5 -  5) =      6.84280  eV     1   --> A_1  G_1 D_1   
     e(  6 -  6) =      7.02153  eV     1   --> B_2  G_4 D_2'  
     e(  7 -  8) =     16.08068  eV     2   --> E    G_5 D_5   

 **************************************************************************

 **************************************************************************

                    xk=(   0.00000,   0.70711,   0.00000  )

     zone border point and non-symmorphic group 
     symmetry decomposition not available

 **************************************************************************

 **************************************************************************

                    xk=(   0.00884,   0.70711,   0.00884  )

     zone border point and non-symmorphic group 
     symmetry decomposition not available

 **************************************************************************

 **************************************************************************

                    xk=(   0.01768,   0.70711,   0.01768  )

     zone border point and non-symmorphic group 
     symmetry decomposition not available

 **************************************************************************

 **************************************************************************

                    xk=(   0.02652,   0.70711,   0.02652  )

     zone border point and non-symmorphic group 
     symmetry decomposition not available

 **************************************************************************

 **************************************************************************

                    xk=(   0.03536,   0.70711,   0.03536  )

     zone border point and non-symmorphic group 
     symmetry decomposition not available

 **************************************************************************

 **************************************************************************

                    xk=(   0.04419,   0.70711,   0.04419  )

     zone border point and non-symmorphic group 
     symmetry decomposition not available

 **************************************************************************

 **************************************************************************

                    xk=(   0.05303,   0.70711,   0.05303  )

     zone border point and non-symmorphic group 
     symmetry decomposition not available

 **************************************************************************

 **************************************************************************

                    xk=(   0.06187,   0.70711,   0.06187  )

     zone border point and non-symmorphic group 
     symmetry decomposition not available

 **************************************************************************

 **************************************************************************

                    xk=(   0.07071,   0.70711,   0.07071  )

     zone border point and non-symmorphic group 
     symmetry decomposition not available

 **************************************************************************

 **************************************************************************

                    xk=(   0.07955,   0.70711,   0.07955  )

     zone border point and non-symmorphic group 
     symmetry decomposition not available

 **************************************************************************

 **************************************************************************

                    xk=(   0.08839,   0.70711,   0.08839  )

     zone border point and non-symmorphic group 
     symmetry decomposition not available

 **************************************************************************

 **************************************************************************

                    xk=(   0.09723,   0.70711,   0.09723  )

     zone border point and non-symmorphic group 
     symmetry decomposition not available

 **************************************************************************

 **************************************************************************

                    xk=(   0.10607,   0.70711,   0.10607  )

     zone border point and non-symmorphic group 
     symmetry decomposition not available

 **************************************************************************

 **************************************************************************

                    xk=(   0.11490,   0.70711,   0.11490  )

     zone border point and non-symmorphic group 
     symmetry decomposition not available

 **************************************************************************

 **************************************************************************

                    xk=(   0.12374,   0.70711,   0.12374  )

     zone border point and non-symmorphic group 
     symmetry decomposition not available

 **************************************************************************

 **************************************************************************

                    xk=(   0.13258,   0.70711,   0.13258  )

     zone border point and non-symmorphic group 
     symmetry decomposition not available

 **************************************************************************

 **************************************************************************

                    xk=(   0.14142,   0.70711,   0.14142  )

     zone border point and non-symmorphic group 
     symmetry decomposition not available

 **************************************************************************

 **************************************************************************

                    xk=(   0.15026,   0.70711,   0.15026  )

     zone border point and non-symmorphic group 
     symmetry decomposition not available

 **************************************************************************

 **************************************************************************

                    xk=(   0.15910,   0.70711,   0.15910  )

     zone border point and non-symmorphic group 
     symmetry decomposition not available

 **************************************************************************

 **************************************************************************

                    xk=(   0.16794,   0.70711,   0.16794  )

     zone border point and non-symmorphic group 
     symmetry decomposition not available

 **************************************************************************

 **************************************************************************

                    xk=(   0.17678,   0.70711,   0.17678  )

     zone border point and non-symmorphic group 
     symmetry decomposition not available

 **************************************************************************

 **************************************************************************

                    xk=(   0.19445,   0.69827,   0.16794  )

     point group C_1 (1)    
     there are  1 classes
     the character table:

       E    
A      1.00

     the symmetry operations in each class and the name of the first element:

     E        1
                                                                 

     Band symmetry, C_1 (1)     point group:

     e(  1 -  1) =     -2.05735  eV     1   --> A              
     e(  2 -  2) =     -0.99113  eV     1   --> A              
     e(  3 -  3) =      1.88592  eV     1   --> A              
     e(  4 -  4) =      3.77950  eV     1   --> A              
     e(  5 -  5) =      7.46718  eV     1   --> A              
     e(  6 -  6) =     10.46635  eV     1   --> A              
     e(  7 -  7) =     13.49438  eV     1   --> A              
     e(  8 -  8) =     14.13488  eV     1   --> A              

 **************************************************************************

 **************************************************************************

                    xk=(   0.21213,   0.68943,   0.15910  )

     Band symmetry, C_1 (1)     point group:

     e(  1 -  1) =     -2.08950  eV     1   --> A              
     e(  2 -  2) =     -0.95450  eV     1   --> A              
     e(  3 -  3) =      1.88152  eV     1   --> A              
     e(  4 -  4) =      3.74323  eV     1   --> A              
     e(  5 -  5) =      7.58377  eV     1   --> A              
     e(  6 -  6) =     10.60104  eV     1   --> A              
     e(  7 -  7) =     13.17834  eV     1   --> A              
     e(  8 -  8) =     13.88886  eV     1   --> A              

 **************************************************************************

 **************************************************************************

                    xk=(   0.22981,   0.68059,   0.15026  )

     Band symmetry, C_1 (1)     point group:

     e(  1 -  1) =     -2.12165  eV     1   --> A              
     e(  2 -  2) =     -0.91665  eV     1   --> A              
     e(  3 -  3) =      1.88880  eV     1   --> A              
     e(  4 -  4) =      3.67647  eV     1   --> A              
     e(  5 -  5) =      7.75503  eV     1   --> A              
     e(  6 -  6) =     10.73992  eV     1   --> A              
     e(  7 -  7) =     12.80553  eV     1   --> A              
     e(  8 -  8) =     13.63330  eV     1   --> A              

 **************************************************************************

 **************************************************************************

                    xk=(   0.24749,   0.67175,   0.14142  )

     Band symmetry, C_1 (1)     point group:

     e(  1 -  1) =     -2.15207  eV     1   --> A              
     e(  2 -  2) =     -0.87996  eV     1   --> A              
     e(  3 -  3) =      1.90712  eV     1   --> A              
     e(  4 -  4) =      3.58815  eV     1   --> A              
     e(  5 -  5) =      7.97293  eV     1   --> A              
     e(  6 -  6) =     10.87940  eV     1   --> A              
     e(  7 -  7) =     12.41443  eV     1   --> A              
     e(  8 -  8) =     13.39194  eV     1   --> A              

 **************************************************************************

 **************************************************************************

                    xk=(   0.26517,   0.66291,   0.13258  )

     Band symmetry, C_1 (1)     point group:

     e(  1 -  1) =     -2.17948  eV     1   --> A              
     e(  2 -  2) =     -0.84630  eV     1   --> A              
     e(  3 -  3) =      1.93507  eV     1   --> A              
     e(  4 -  4) =      3.48783  eV     1   --> A              
     e(  5 -  5) =      8.22933  eV     1   --> A              
     e(  6 -  6) =     11.00890  eV     1   --> A              
     e(  7 -  7) =     12.03110  eV     1   --> A              
     e(  8 -  8) =     13.16188  eV     1   --> A              

 **************************************************************************

 **************************************************************************

                    xk=(   0.28284,   0.65407,   0.12374  )

     Band symmetry, C_1 (1)     point group:

     e(  1 -  1) =     -2.20295  eV     1   --> A              
     e(  2 -  2) =     -0.81712  eV     1   --> A              
     e(  3 -  3) =      1.97016  eV     1   --> A              
     e(  4 -  4) =      3.38499  eV     1   --> A              
     e(  5 -  5) =      8.51691  eV     1   --> A              
     e(  6 -  6) =     11.08413  eV     1   --> A              
     e(  7 -  7) =     11.70694  eV     1   --> A              
     e(  8 -  8) =     12.94163  eV     1   --> A              

 **************************************************************************

 **************************************************************************

                    xk=(   0.30052,   0.64523,   0.11490  )

     Band symmetry, C_1 (1)     point group:

     e(  1 -  1) =     -2.22181  eV     1   --> A              
     e(  2 -  2) =     -0.79348  eV     1   --> A              
     e(  3 -  3) =      2.00838  eV     1   --> A              
     e(  4 -  4) =      3.28903  eV     1   --> A              
     e(  5 -  5) =      8.82933  eV     1   --> A              
     e(  6 -  6) =     10.95863  eV     1   --> A              
     e(  7 -  7) =     11.59133  eV     1   --> A              
     e(  8 -  8) =     12.73206  eV     1   --> A              

 **************************************************************************

 **************************************************************************

                    xk=(   0.31820,   0.63640,   0.10607  )

     Band symmetry, C_1 (1)     point group:

     e(  1 -  1) =     -2.23558  eV     1   --> A              
     e(  2 -  2) =     -0.77613  eV     1   --> A              
     e(  3 -  3) =      2.04400  eV     1   --> A              
     e(  4 -  4) =      3.20961  eV     1   --> A              
     e(  5 -  5) =      9.16039  eV     1   --> A              
     e(  6 -  6) =     10.64292  eV     1   --> A              
     e(  7 -  7) =     11.67316  eV     1   --> A              
     e(  8 -  8) =     12.53767  eV     1   --> A              

 **************************************************************************

 **************************************************************************

                    xk=(   0.33588,   0.62756,   0.09723  )

     Band symmetry, C_1 (1)     point group:

     e(  1 -  1) =     -2.24395  eV     1   --> A              
     e(  2 -  2) =     -0.76554  eV     1   --> A              
     e(  3 -  3) =      2.06989  eV     1   --> A              
     e(  4 -  4) =      3.15647  eV     1   --> A              
     e(  5 -  5) =      9.49979  eV     1   --> A              
     e(  6 -  6) =     10.28849  eV     1   --> A              
     e(  7 -  7) =     11.79394  eV     1   --> A              
     e(  8 -  8) =     12.37421  eV     1   --> A              

 **************************************************************************

 **************************************************************************

                    xk=(   0.35355,   0.61872,   0.08839  )

     zone border point and non-symmorphic group 
     symmetry decomposition not available

 **************************************************************************

 **************************************************************************

                    xk=(   0.37123,   0.60988,   0.07955  )

     point group C_1 (1)    
     there are  1 classes
     the character table:

       E    
A      1.00

     the symmetry operations in each class and the name of the first element:

     E        1
                                                                 

     Band symmetry, C_1 (1)     point group:

     e(  1 -  1) =     -2.24395  eV     1   --> A              
     e(  2 -  2) =     -0.76554  eV     1   --> A              
     e(  3 -  3) =      2.06989  eV     1   --> A              
     e(  4 -  4) =      3.15647  eV     1   --> A              
     e(  5 -  5) =      9.49979  eV     1   --> A              
     e(  6 -  6) =     10.28849  eV     1   --> A              
     e(  7 -  7) =     11.79394  eV     1   --> A              
     e(  8 -  8) =     12.37421  eV     1   --> A              

 **************************************************************************

 **************************************************************************

                    xk=(   0.38891,   0.60104,   0.07071  )

     Band symmetry, C_1 (1)     point group:

     e(  1 -  1) =     -2.23558  eV     1   --> A              
     e(  2 -  2) =     -0.77613  eV     1   --> A              
     e(  3 -  3) =      2.04400  eV     1   --> A              
     e(  4 -  4) =      3.20961  eV     1   --> A              
     e(  5 -  5) =      9.16039  eV     1   --> A              
     e(  6 -  6) =     10.64292  eV     1   --> A              
     e(  7 -  7) =     11.67316  eV     1   --> A              
     e(  8 -  8) =     12.53767  eV     1   --> A              

 **************************************************************************

 **************************************************************************

                    xk=(   0.40659,   0.59220,   0.06187  )

     Band symmetry, C_1 (1)     point group:

     e(  1 -  1) =     -2.22181  eV     1   --> A              
     e(  2 -  2) =     -0.79348  eV     1   --> A              
     e(  3 -  3) =      2.00838  eV     1   --> A              
     e(  4 -  4) =      3.28903  eV     1   --> A              
     e(  5 -  5) =      8.82933  eV     1   --> A              
     e(  6 -  6) =     10.95863  eV     1   --> A              
     e(  7 -  7) =     11.59133  eV     1   --> A              
     e(  8 -  8) =     12.73206  eV     1   --> A              

 **************************************************************************

 **************************************************************************

                    xk=(   0.42426,   0.58336,   0.05303  )

     Band symmetry, C_1 (1)     point group:

     e(  1 -  1) =     -2.20295  eV     1   --> A              
     e(  2 -  2) =     -0.81712  eV     1   --> A              
     e(  3 -  3) =      1.97016  eV     1   --> A              
     e(  4 -  4) =      3.38499  eV     1   --> A              
     e(  5 -  5) =      8.51691  eV     1   --> A              
     e(  6 -  6) =     11.08413  eV     1   --> A              
     e(  7 -  7) =     11.70694  eV     1   --> A              
     e(  8 -  8) =     12.94163  eV     1   --> A              

 **************************************************************************

 **************************************************************************

                    xk=(   0.44194,   0.57452,   0.04419  )

     Band symmetry, C_1 (1)     point group:

     e(  1 -  1) =     -2.17948  eV     1   --> A              
     e(  2 -  2) =     -0.84630  eV     1   --> A              
     e(  3 -  3) =      1.93507  eV     1   --> A              
     e(  4 -  4) =      3.48783  eV     1   --> A              
     e(  5 -  5) =      8.22933  eV     1   --> A              
     e(  6 -  6) =     11.00890  eV     1   --> A              
     e(  7 -  7) =     12.03110  eV     1   --> A              
     e(  8 -  8) =     13.16188  eV     1   --> A              

 **************************************************************************

 **************************************************************************

                    xk=(   0.45962,   0.56569,   0.03536  )

     Band symmetry, C_1 (1)     point group:

     e(  1 -  1) =     -2.15207  eV     1   --> A              
     e(  2 -  2) =     -0.87996  eV     1   --> A              
     e(  3 -  3) =      1.90712  eV     1   --> A              
     e(  4 -  4) =      3.58815  eV     1   --> A              
     e(  5 -  5) =      7.97293  eV     1   --> A              
     e(  6 -  6) =     10.87940  eV     1   --> A              
     e(  7 -  7) =     12.41443  eV     1   --> A              
     e(  8 -  8) =     13.39194  eV     1   --> A              

 **************************************************************************

 **************************************************************************

                    xk=(   0.47730,   0.55685,   0.02652  )

     Band symmetry, C_1 (1)     point group:

     e(  1 -  1) =     -2.12165  eV     1   --> A              
     e(  2 -  2) =     -0.91665  eV     1   --> A              
     e(  3 -  3) =      1.88880  eV     1   --> A              
     e(  4 -  4) =      3.67647  eV     1   --> A              
     e(  5 -  5) =      7.75503  eV     1   --> A              
     e(  6 -  6) =     10.73992  eV     1   --> A              
     e(  7 -  7) =     12.80553  eV     1   --> A              
     e(  8 -  8) =     13.63330  eV     1   --> A              

 **************************************************************************

 **************************************************************************

                    xk=(   0.49497,   0.54801,   0.01768  )

     Band symmetry, C_1 (1)     point group:

     e(  1 -  1) =     -2.08950  eV     1   --> A              
     e(  2 -  2) =     -0.95450  eV     1   --> A              
     e(  3 -  3) =      1.88152  eV     1   --> A              
     e(  4 -  4) =      3.74323  eV     1   --> A              
     e(  5 -  5) =      7.58377  eV     1   --> A              
     e(  6 -  6) =     10.60104  eV     1   --> A              
     e(  7 -  7) =     13.17834  eV     1   --> A              
     e(  8 -  8) =     13.88886  eV     1   --> A              

 **************************************************************************

 **************************************************************************

                    xk=(   0.51265,   0.53917,   0.00884  )

     Band symmetry, C_1 (1)     point group:

     e(  1 -  1) =     -2.05735  eV     1   --> A              
     e(  2 -  2) =     -0.99113  eV     1   --> A              
     e(  3 -  3) =      1.88592  eV     1   --> A              
     e(  4 -  4) =      3.77950  eV     1   --> A              
     e(  5 -  5) =      7.46718  eV     1   --> A              
     e(  6 -  6) =     10.46635  eV     1   --> A              
     e(  7 -  7) =     13.49438  eV     1   --> A              
     e(  8 -  8) =     14.13488  eV     1   --> A              

 **************************************************************************

 **************************************************************************

                    xk=(   0.53033,   0.53033,   0.00000  )

     point group C_2v (mm2) 
     there are  4 classes
     the character table:

       E     C2    s_v   s_v' 
A_1    1.00  1.00  1.00  1.00
A_2    1.00  1.00 -1.00 -1.00
B_1    1.00 -1.00  1.00 -1.00
B_2    1.00 -1.00 -1.00  1.00

     the symmetry operations in each class and the name of the first element:

     E        1
                                                                 
     C2       2
                                                                 
     s_v      3
                                                                 
     s_v'     4
                                                                 

     Band symmetry, C_2v (mm2)  point group:

     e(  1 -  1) =     -2.02742  eV     1   --> A_1  D_1  S_1  
     e(  2 -  2) =     -1.02366  eV     1   --> B_2  D_4  S_4  
     e(  3 -  3) =      1.90203  eV     1   --> A_1  D_1  S_1  
     e(  4 -  4) =      3.77864  eV     1   --> A_2  D_2  S_2  
     e(  5 -  5) =      7.41150  eV     1   --> B_2  D_4  S_4  
     e(  6 -  6) =     10.33744  eV     1   --> A_1  D_1  S_1  
     e(  7 -  7) =     13.67481  eV     1   --> B_1  D_3  S_3  
     e(  8 -  8) =     14.22297  eV     1   --> A_1  D_1  S_1  

 **************************************************************************

 **************************************************************************

                    xk=(   0.50381,   0.50381,   0.00000  )

     Band symmetry, C_2v (mm2)  point group:

     e(  1 -  1) =     -2.21520  eV     1   --> A_1  D_1  S_1  
     e(  2 -  2) =     -0.83415  eV     1   --> B_2  D_4  S_4  
     e(  3 -  3) =      1.80772  eV     1   --> A_1  D_1  S_1  
     e(  4 -  4) =      3.91076  eV     1   --> A_2  D_2  S_2  
     e(  5 -  5) =      7.56462  eV     1   --> B_2  D_4  S_4  
     e(  6 -  6) =     11.10097  eV     1   --> A_1  D_1  S_1  
     e(  7 -  7) =     13.21819  eV     1   --> B_1  D_3  S_3  
     e(  8 -  8) =     13.76185  eV     1   --> A_1  D_1  S_1  

 **************************************************************************

 **************************************************************************

                    xk=(   0.47730,   0.47730,   0.00000  )

     Band symmetry, C_2v (mm2)  point group:

     e(  1 -  1) =     -2.43972  eV     1   --> A_1  D_1  S_1  
     e(  2 -  2) =     -0.61867  eV     1   --> B_2  D_4  S_4  
     e(  3 -  3) =      1.78642  eV     1   --> A_1  D_1  S_1  
     e(  4 -  4) =      4.05761  eV     1   --> A_2  D_2  S_2  
     e(  5 -  5) =      7.73474  eV     1   --> B_2  D_4  S_4  
     e(  6 -  6) =     11.85617  eV     1   --> A_1  D_1  S_1  
     e(  7 -  7) =     12.77829  eV     1   --> B_1  D_3  S_3  
     e(  8 -  8) =     13.35706  eV     1   --> A_1  D_1  S_1  

 **************************************************************************

 **************************************************************************

                    xk=(   0.45078,   0.45078,   0.00000  )

     Band symmetry, C_2v (mm2)  point group:

     e(  1 -  1) =     -2.69278  eV     1   --> A_1  D_1  S_1  
     e(  2 -  2) =     -0.37743  eV     1   --> B_2  D_4  S_4  
     e(  3 -  3) =      1.83279  eV     1   --> A_1  D_1  S_1  
     e(  4 -  4) =      4.21748  eV     1   --> A_2  D_2  S_2  
     e(  5 -  5) =      7.91948  eV     1   --> B_2  D_4  S_4  
     e(  6 -  6) =     12.35725  eV     1   --> B_1  D_3  S_3  
     e(  7 -  7) =     12.39472  eV     1   --> A_1  D_1  S_1  
     e(  8 -  8) =     13.21077  eV     1   --> A_1  D_1  S_1  

 **************************************************************************

 **************************************************************************

                    xk=(   0.42426,   0.42426,   0.00000  )

     Band symmetry, C_2v (mm2)  point group:

     e(  1 -  1) =     -2.96460  eV     1   --> A_1  D_1  S_1  
     e(  2 -  2) =     -0.11066  eV     1   --> B_2  D_4  S_4  
     e(  3 -  3) =      1.93876  eV     1   --> A_1  D_1  S_1  
     e(  4 -  4) =      4.38827  eV     1   --> A_2  D_2  S_2  
     e(  5 -  5) =      8.11565  eV     1   --> B_2  D_4  S_4  
     e(  6 -  6) =     11.95659  eV     1   --> B_1  D_3  S_3  
     e(  7 -  7) =     12.26016  eV     1   --> A_1  D_1  S_1  
     e(  8 -  8) =     13.05762  eV     1   --> B_2  D_4  S_4  

 **************************************************************************

 **************************************************************************

                    xk=(   0.39775,   0.39775,   0.00000  )

     Band symmetry, C_2v (mm2)  point group:

     e(  1 -  1) =     -3.24576  eV     1   --> A_1  D_1  S_1  
     e(  2 -  2) =      0.18133  eV     1   --> B_2  D_4  S_4  
     e(  3 -  3) =      2.09590  eV     1   --> A_1  D_1  S_1  
     e(  4 -  4) =      4.56745  eV     1   --> A_2  D_2  S_2  
     e(  5 -  5) =      8.31892  eV     1   --> B_2  D_4  S_4  
     e(  6 -  6) =     11.57739  eV     1   --> B_1  D_3  S_3  
     e(  7 -  7) =     11.92082  eV     1   --> A_1  D_1  S_1  
     e(  8 -  8) =     12.76583  eV     1   --> B_2  D_4  S_4  

 **************************************************************************

 **************************************************************************

                    xk=(   0.37123,   0.37123,  -0.00000  )

     Band symmetry, C_2v (mm2)  point group:

     e(  1 -  1) =     -3.52831  eV     1   --> A_1  D_1  S_1  
     e(  2 -  2) =      0.49821  eV     1   --> B_2  D_4  S_4  
     e(  3 -  3) =      2.29659  eV     1   --> A_1  D_1  S_1  
     e(  4 -  4) =      4.75202  eV     1   --> A_2  D_2  S_2  
     e(  5 -  5) =      8.52341  eV     1   --> B_2  D_4  S_4  
     e(  6 -  6) =     11.22050  eV     1   --> B_1  D_3  S_3  
     e(  7 -  7) =     11.56992  eV     1   --> A_1  D_1  S_1  
     e(  8 -  8) =     12.50571  eV     1   --> B_2  D_4  S_4  

 **************************************************************************

 **************************************************************************

                    xk=(   0.34471,   0.34471,   0.00000  )

     Band symmetry, C_2v (mm2)  point group:

     e(  1 -  1) =     -3.80588  eV     1   --> A_1  D_1  S_1  
     e(  2 -  2) =      0.83957  eV     1   --> B_2  D_4  S_4  
     e(  3 -  3) =      2.53433  eV     1   --> A_1  D_1  S_1  
     e(  4 -  4) =      4.93853  eV     1   --> A_2  D_2  S_2  
     e(  5 -  5) =      8.72133  eV     1   --> B_2  D_4  S_4  
     e(  6 -  6) =     10.88655  eV     1   --> B_1  D_3  S_3  
     e(  7 -  7) =     11.23216  eV     1   --> A_1  D_1  S_1  
     e(  8 -  8) =     12.28348  eV     1   --> B_2  D_4  S_4  

 **************************************************************************

 **************************************************************************

                    xk=(   0.31820,   0.31820,   0.00000  )

     Band symmetry, C_2v (mm2)  point group:

     e(  1 -  1) =     -4.07362  eV     1   --> A_1  D_1  S_1  
     e(  2 -  2) =      1.20488  eV     1   --> B_2  D_4  S_4  
     e(  3 -  3) =      2.80362  eV     1   --> A_1  D_1  S_1  
     e(  4 -  4) =      5.12310  eV     1   --> A_2  D_2  S_2  
     e(  5 -  5) =      8.90273  eV     1   --> B_2  D_4  S_4  
     e(  6 -  6) =     10.57603  eV     1   --> B_1  D_3  S_3  
     e(  7 -  7) =     10.91330  eV     1   --> A_1  D_1  S_1  
     e(  8 -  8) =     12.10601  eV     1   --> B_2  D_4  S_4  

 **************************************************************************

 **************************************************************************

                    xk=(   0.29168,   0.29168,   0.00000  )

     Band symmetry, C_2v (mm2)  point group:

     e(  1 -  1) =     -4.32786  eV     1   --> A_1  D_1  S_1  
     e(  2 -  2) =      1.59351  eV     1   --> B_2  D_4  S_4  
     e(  3 -  3) =      3.09961  eV     1   --> A_1  D_1  S_1  
     e(  4 -  4) =      5.30156  eV     1   --> A_2  D_2  S_2  
     e(  5 -  5) =      9.05616  eV     1   --> B_2  D_4  S_4  
     e(  6 -  6) =     10.28934  eV     1   --> B_1  D_3  S_3  
     e(  7 -  7) =     10.61520  eV     1   --> A_1  D_1  S_1  
     e(  8 -  8) =     11.97942  eV     1   --> B_2  D_4  S_4  

 **************************************************************************

 **************************************************************************

                    xk=(   0.26517,   0.26517,   0.00000  )

     Band symmetry, C_2v (mm2)  point group:

     e(  1 -  1) =     -4.56578  eV     1   --> A_1  D_1  S_1  
     e(  2 -  2) =      2.00465  eV     1   --> B_2  D_4  S_4  
     e(  3 -  3) =      3.41777  eV     1   --> A_1  D_1  S_1  
     e(  4 -  4) =      5.46971  eV     1   --> A_2  D_2  S_2  
     e(  5 -  5) =      9.17088  eV     1   --> B_2  D_4  S_4  
     e(  6 -  6) =     10.02681  eV     1   --> B_1  D_3  S_3  
     e(  7 -  7) =     10.33842  eV     1   --> A_1  D_1  S_1  
     e(  8 -  8) =     11.90544  eV     1   --> B_2  D_4  S_4  

 **************************************************************************

 **************************************************************************

                    xk=(   0.23865,   0.23865,   0.00000  )

     Band symmetry, C_2v (mm2)  point group:

     e(  1 -  1) =     -4.78530  eV     1   --> A_1  D_1  S_1  
     e(  2 -  2) =      2.43719  eV     1   --> B_2  D_4  S_4  
     e(  3 -  3) =      3.75354  eV     1   --> A_1  D_1  S_1  
     e(  4 -  4) =      5.62368  eV     1   --> A_2  D_2  S_2  
     e(  5 -  5) =      9.24062  eV     1   --> B_2  D_4  S_4  
     e(  6 -  6) =      9.78868  eV     1   --> B_1  D_3  S_3  
     e(  7 -  7) =     10.08293  eV     1   --> A_1  D_1  S_1  
     e(  8 -  8) =     11.87479  eV     1   --> B_2  D_4  S_4  

 **************************************************************************

 **************************************************************************

                    xk=(   0.21213,   0.21213,  -0.00000  )

     Band symmetry, C_2v (mm2)  point group:

     e(  1 -  1) =     -4.98480  eV     1   --> A_1  D_1  S_1  
     e(  2 -  2) =      2.88966  eV     1   --> B_2  D_4  S_4  
     e(  3 -  3) =      4.10192  eV     1   --> A_1  D_1  S_1  
     e(  4 -  4) =      5.76032  eV     1   --> A_2  D_2  S_2  
     e(  5 -  5) =      9.26649  eV     1   --> B_2  D_4  S_4  
     e(  6 -  6) =      9.57517  eV     1   --> B_1  D_3  S_3  
     e(  7 -  7) =      9.84836  eV     1   --> A_1  D_1  S_1  
     e(  8 -  8) =     11.85829  eV     1   --> B_2  D_4  S_4  

 **************************************************************************

 **************************************************************************

                    xk=(   0.18562,   0.18562,   0.00000  )

     Band symmetry, C_2v (mm2)  point group:

     e(  1 -  1) =     -5.16303  eV     1   --> A_1  D_1  S_1  
     e(  2 -  2) =      3.35992  eV     1   --> B_2  D_4  S_4  
     e(  3 -  3) =      4.45712  eV     1   --> A_1  D_1  S_1  
     e(  4 -  4) =      5.87758  eV     1   --> A_2  D_2  S_2  
     e(  5 -  5) =      9.25639  eV     1   --> B_2  D_4  S_4  
     e(  6 -  6) =      9.38644  eV     1   --> B_1  D_3  S_3  
     e(  7 -  7) =      9.63409  eV     1   --> A_1  D_1  S_1  
     e(  8 -  8) =     11.79866  eV     1   --> B_2  D_4  S_4  

 **************************************************************************

 **************************************************************************

                    xk=(   0.15910,   0.15910,   0.00000  )

     Band symmetry, C_2v (mm2)  point group:

     e(  1 -  1) =     -5.31903  eV     1   --> A_1  D_1  S_1  
     e(  2 -  2) =      3.84478  eV     1   --> B_2  D_4  S_4  
     e(  3 -  3) =      4.81200  eV     1   --> A_1  D_1  S_1  
     e(  4 -  4) =      5.97469  eV     1   --> A_2  D_2  S_2  
     e(  5 -  5) =      9.22109  eV     1   --> B_2  D_4  S_4  
     e(  6 -  6) =      9.22264  eV     1   --> B_1  D_3  S_3  
     e(  7 -  7) =      9.43942  eV     1   --> A_1  D_1  S_1  
     e(  8 -  8) =     11.61769  eV     1   --> B_2  D_4  S_4  

 **************************************************************************

 **************************************************************************

                    xk=(   0.13258,   0.13258,   0.00000  )

     Band symmetry, C_2v (mm2)  point group:

     e(  1 -  1) =     -5.45210  eV     1   --> A_1  D_1  S_1  
     e(  2 -  2) =      4.33917  eV     1   --> B_2  D_4  S_4  
     e(  3 -  3) =      5.15745  eV     1   --> A_1  D_1  S_1  
     e(  4 -  4) =      6.05215  eV     1   --> A_2  D_2  S_2  
     e(  5 -  5) =      9.08387  eV     1   --> B_1  D_3  S_3  
     e(  6 -  6) =      9.17005  eV     1   --> B_2  D_4  S_4  
     e(  7 -  7) =      9.26384  eV     1   --> A_1  D_1  S_1  
     e(  8 -  8) =     11.27457  eV     1   --> B_2  D_4  S_4  

 **************************************************************************

 **************************************************************************

                    xk=(   0.10607,   0.10607,   0.00000  )

     Band symmetry, C_2v (mm2)  point group:

     e(  1 -  1) =     -5.56165  eV     1   --> A_1  D_1  S_1  
     e(  2 -  2) =      4.83444  eV     1   --> B_2  D_4  S_4  
     e(  3 -  3) =      5.48160  eV     1   --> A_1  D_1  S_1  
     e(  4 -  4) =      6.11142  eV     1   --> A_2  D_2  S_2  
     e(  5 -  5) =      8.97021  eV     1   --> B_1  D_3  S_3  
     e(  6 -  6) =      9.10762  eV     1   --> A_1  D_1  S_1  
     e(  7 -  7) =      9.10870  eV     1   --> B_2  D_4  S_4  
     e(  8 -  8) =     10.81804  eV     1   --> B_2  D_4  S_4  

 **************************************************************************

 **************************************************************************

                    xk=(   0.07955,   0.07955,   0.00000  )

     Band symmetry, C_2v (mm2)  point group:

     e(  1 -  1) =     -5.64727  eV     1   --> A_1  D_1  S_1  
     e(  2 -  2) =      5.31474  eV     1   --> B_2  D_4  S_4  
     e(  3 -  3) =      5.76896  eV     1   --> A_1  D_1  S_1  
     e(  4 -  4) =      6.15449  eV     1   --> A_2  D_2  S_2  
     e(  5 -  5) =      8.88175  eV     1   --> B_1  D_3  S_3  
     e(  6 -  6) =      8.97293  eV     1   --> A_1  D_1  S_1  
     e(  7 -  7) =      9.03580  eV     1   --> B_2  D_4  S_4  
     e(  8 -  8) =     10.33732  eV     1   --> B_2  D_4  S_4  

 **************************************************************************

 **************************************************************************

                    xk=(   0.05303,   0.05303,   0.00000  )

     Band symmetry, C_2v (mm2)  point group:

     e(  1 -  1) =     -5.70864  eV     1   --> A_1  D_1  S_1  
     e(  2 -  2) =      5.74914  eV     1   --> B_2  D_4  S_4  
     e(  3 -  3) =      5.99989  eV     1   --> A_1  D_1  S_1  
     e(  4 -  4) =      6.18345  eV     1   --> A_2  D_2  S_2  
     e(  5 -  5) =      8.81853  eV     1   --> B_1  D_3  S_3  
     e(  6 -  6) =      8.86513  eV     1   --> A_1  D_1  S_1  
     e(  7 -  7) =      8.94186  eV     1   --> B_2  D_4  S_4  
     e(  8 -  8) =      9.92128  eV     1   --> B_2  D_4  S_4  

 **************************************************************************

 **************************************************************************

                    xk=(   0.02652,   0.02652,   0.00000  )

     Band symmetry, C_2v (mm2)  point group:

     e(  1 -  1) =     -5.74552  eV     1   --> A_1  D_1  S_1  
     e(  2 -  2) =      6.07721  eV     1   --> B_2  D_4  S_4  
     e(  3 -  3) =      6.15199  eV     1   --> A_1  D_1  S_1  
     e(  4 -  4) =      6.20005  eV     1   --> A_2  D_2  S_2  
     e(  5 -  5) =      8.78058  eV     1   --> B_1  D_3  S_3  
     e(  6 -  6) =      8.79341  eV     1   --> A_1  D_1  S_1  
     e(  7 -  7) =      8.82859  eV     1   --> B_2  D_4  S_4  
     e(  8 -  8) =      9.65365  eV     1   --> B_2  D_4  S_4  

 **************************************************************************

 **************************************************************************

                    xk=(   0.00000,   0.00000,   0.00000  )

     point group O_h (m-3m) 
     there are 10 classes
     the character table:

       E     8C3   3C2   6C4   6C2'  i     8S6   3s_h  6S4   6s_d 
A_1g   1.00  1.00  1.00  1.00  1.00  1.00  1.00  1.00  1.00  1.00
A_2g   1.00  1.00  1.00 -1.00 -1.00  1.00  1.00  1.00 -1.00 -1.00
E_g    2.00 -1.00  2.00  0.00  0.00  2.00 -1.00  2.00  0.00  0.00
T_1g   3.00  0.00 -1.00  1.00 -1.00  3.00  0.00 -1.00  1.00 -1.00
T_2g   3.00  0.00 -1.00 -1.00  1.00  3.00  0.00 -1.00 -1.00  1.00
A_1u   1.00  1.00  1.00  1.00  1.00 -1.00 -1.00 -1.00 -1.00 -1.00
A_2u   1.00  1.00  1.00 -1.00 -1.00 -1.00 -1.00 -1.00  1.00  1.00
E_u    2.00 -1.00  2.00  0.00  0.00 -2.00  1.00 -2.00  0.00  0.00
T_1u   3.00  0.00 -1.00  1.00 -1.00 -3.00  0.00  1.00 -1.00  1.00
T_2u   3.00  0.00 -1.00 -1.00  1.00 -3.00  0.00  1.00  1.00 -1.00

     the symmetry operations in each class and the name of the first element:

     E        1
                                                                 
     8C3     17   19   20   18   24   21   22   23
                                                                 
     3C2      2    4    3
                                                                 
     6C4      7    8   15   16   12   11
                                                                 
     6C2'     5    6   14   13   10    9
                                                                 
     i       25
                                                                 
     8S6     41   43   44   42   48   45   46   47
                                                                 
     3s_h    26   28   27
                                                                 
     6S4     31   32   39   40   36   35
                                                                 
     6s_d    29   30   38   37   34   33
                                                                 

     Band symmetry, O_h (m-3m)  point group:

     e(  1 -  1) =     -5.75782  eV     1   --> A_1g G_1   G_1+
     e(  2 -  4) =      6.20544  eV     3   --> T_2g G_25' G_5+
     e(  5 -  7) =      8.76793  eV     3   --> T_1u G_15  G_4-
     e(  8 -  8) =      9.56738  eV     1   --> A_2u G_2'  G_2-

 **************************************************************************

 **************************************************************************

                    xk=(   0.01768,   0.01768,   0.01768  )

     point group C_3v (3m)  
     there are  3 classes
     the character table:

       E     2C3   3s_v 
A_1    1.00  1.00  1.00
A_2    1.00  1.00 -1.00
E      2.00 -1.00  0.00

     the symmetry operations in each class and the name of the first element:

     E        1
                                                                 
     2C3      2    3
                                                                 
     3s_v     4    5    6
                                                                 

     Band symmetry, C_3v (3m)   point group:

     e(  1 -  1) =     -5.74962  eV     1   --> A_1  L_1       
     e(  2 -  2) =      6.10810  eV     1   --> A_1  L_1       
     e(  3 -  4) =      6.19116  eV     2   --> E    L_3       
     e(  5 -  6) =      8.78878  eV     2   --> E    L_3       
     e(  7 -  7) =      8.79302  eV     1   --> A_1  L_1       
     e(  8 -  8) =      9.62513  eV     1   --> A_1  L_1       

 **************************************************************************

 **************************************************************************

                    xk=(   0.03536,   0.03536,   0.03536  )

     Band symmetry, C_3v (3m)   point group:

     e(  1 -  1) =     -5.72502  eV     1   --> A_1  L_1       
     e(  2 -  2) =      5.84737  eV     1   --> A_1  L_1       
     e(  3 -  4) =      6.15005  eV     2   --> E    L_3       
     e(  5 -  5) =      8.82787  eV     1   --> A_1  L_1       
     e(  6 -  7) =      8.84905  eV     2   --> E    L_3       
     e(  8 -  8) =      9.80871  eV     1   --> A_1  L_1       

 **************************************************************************

 **************************************************************************

                    xk=(   0.05303,   0.05303,   0.05303  )

     Band symmetry, C_3v (3m)   point group:

     e(  1 -  1) =     -5.68410  eV     1   --> A_1  L_1       
     e(  2 -  2) =      5.48232  eV     1   --> A_1  L_1       
     e(  3 -  4) =      6.08661  eV     2   --> E    L_3       
     e(  5 -  5) =      8.82382  eV     1   --> A_1  L_1       
     e(  6 -  7) =      8.94253  eV     2   --> E    L_3       
     e(  8 -  8) =     10.11081  eV     1   --> A_1  L_1       

 **************************************************************************

 **************************************************************************

                    xk=(   0.07071,   0.07071,   0.07071  )

     Band symmetry, C_3v (3m)   point group:

     e(  1 -  1) =     -5.62693  eV     1   --> A_1  L_1       
     e(  2 -  2) =      5.05915  eV     1   --> A_1  L_1       
     e(  3 -  4) =      6.00667  eV     2   --> E    L_3       
     e(  5 -  5) =      8.77886  eV     1   --> A_1  L_1       
     e(  6 -  7) =      9.06048  eV     2   --> E    L_3       
     e(  8 -  8) =     10.49173  eV     1   --> A_1  L_1       

 **************************************************************************

 **************************************************************************

                    xk=(   0.08839,   0.08839,   0.08839  )

     Band symmetry, C_3v (3m)   point group:

     e(  1 -  1) =     -5.55370  eV     1   --> A_1  L_1       
     e(  2 -  2) =      4.60566  eV     1   --> A_1  L_1       
     e(  3 -  4) =      5.91605  eV     2   --> E    L_3       
     e(  5 -  5) =      8.70690  eV     1   --> A_1  L_1       
     e(  6 -  7) =      9.19277  eV     2   --> E    L_3       
     e(  8 -  8) =     10.91477  eV     1   --> A_1  L_1       

 **************************************************************************

 **************************************************************************

                    xk=(   0.10607,   0.10607,   0.10607  )

     Band symmetry, C_3v (3m)   point group:

     e(  1 -  1) =     -5.46467  eV     1   --> A_1  L_1       
     e(  2 -  2) =      4.13795  eV     1   --> A_1  L_1       
     e(  3 -  4) =      5.81977  eV     2   --> E    L_3       
     e(  5 -  5) =      8.61930  eV     1   --> A_1  L_1       
     e(  6 -  7) =      9.32872  eV     2   --> E    L_3       
     e(  8 -  8) =     11.35756  eV     1   --> A_1  L_1       

 **************************************************************************

 **************************************************************************

                    xk=(   0.12374,   0.12374,   0.12374  )

     Band symmetry, C_3v (3m)   point group:

     e(  1 -  1) =     -5.36011  eV     1   --> A_1  L_1       
     e(  2 -  2) =      3.66573  eV     1   --> A_1  L_1       
     e(  3 -  4) =      5.72184  eV     2   --> E    L_3       
     e(  5 -  5) =      8.52371  eV     1   --> A_1  L_1       
     e(  6 -  7) =      9.45751  eV     2   --> E    L_3       
     e(  8 -  8) =     11.80735  eV     1   --> A_1  L_1       

 **************************************************************************

 **************************************************************************

                    xk=(   0.14142,   0.14142,   0.14142  )

     Band symmetry, C_3v (3m)   point group:

     e(  1 -  1) =     -5.24046  eV     1   --> A_1  L_1       
     e(  2 -  2) =      3.19530  eV     1   --> A_1  L_1       
     e(  3 -  4) =      5.62530  eV     2   --> E    L_3       
     e(  5 -  5) =      8.42534  eV     1   --> A_1  L_1       
     e(  6 -  7) =      9.56905  eV     2   --> E    L_3       
     e(  8 -  8) =     12.25624  eV     1   --> A_1  L_1       

 **************************************************************************

 **************************************************************************

                    xk=(   0.15910,   0.15910,   0.15910  )

     Band symmetry, C_3v (3m)   point group:

     e(  1 -  1) =     -5.10624  eV     1   --> A_1  L_1       
     e(  2 -  2) =      2.73112  eV     1   --> A_1  L_1       
     e(  3 -  4) =      5.53241  eV     2   --> E    L_3       
     e(  5 -  5) =      8.32790  eV     1   --> A_1  L_1       
     e(  6 -  7) =      9.65528  eV     2   --> E    L_3       
     e(  8 -  8) =     12.69781  eV     1   --> A_1  L_1       

 **************************************************************************

 **************************************************************************

                    xk=(   0.17678,   0.17678,   0.17678  )

     Band symmetry, C_3v (3m)   point group:

     e(  1 -  1) =     -4.95821  eV     1   --> A_1  L_1       
     e(  2 -  2) =      2.27660  eV     1   --> A_1  L_1       
     e(  3 -  4) =      5.44482  eV     2   --> E    L_3       
     e(  5 -  5) =      8.23404  eV     1   --> A_1  L_1       
     e(  6 -  7) =      9.71176  eV     2   --> E    L_3       
     e(  8 -  8) =     13.12360  eV     1   --> A_1  L_1       

 **************************************************************************

 **************************************************************************

                    xk=(   0.19445,   0.19445,   0.19445  )

     Band symmetry, C_3v (3m)   point group:

     e(  1 -  1) =     -4.79736  eV     1   --> A_1  L_1       
     e(  2 -  2) =      1.83470  eV     1   --> A_1  L_1       
     e(  3 -  4) =      5.36370  eV     2   --> E    L_3       
     e(  5 -  5) =      8.14571  eV     1   --> A_1  L_1       
     e(  6 -  7) =      9.73862  eV     2   --> E    L_3       
     e(  8 -  8) =     13.51698  eV     1   --> A_1  L_1       

 **************************************************************************

 **************************************************************************

                    xk=(   0.21213,   0.21213,   0.21213  )

     Band symmetry, C_3v (3m)   point group:

     e(  1 -  1) =     -4.62510  eV     1   --> A_1  L_1       
     e(  2 -  2) =      1.40825  eV     1   --> A_1  L_1       
     e(  3 -  4) =      5.28991  eV     2   --> E    L_3       
     e(  5 -  5) =      8.06432  eV     1   --> A_1  L_1       
     e(  6 -  7) =      9.74000  eV     2   --> E    L_3       
     e(  8 -  8) =     13.80990  eV     1   -->   ?

 **************************************************************************

 **************************************************************************

                    xk=(   0.22981,   0.22981,   0.22981  )

     Band symmetry, C_3v (3m)   point group:

     e(  1 -  1) =     -4.44337  eV     1   --> A_1  L_1       
     e(  2 -  2) =      1.00033  eV     1   --> A_1  L_1       
     e(  3 -  4) =      5.22403  eV     2   --> E    L_3       
     e(  5 -  5) =      7.99092  eV     1   --> A_1  L_1       
     e(  6 -  7) =      9.72237  eV     2   --> E    L_3       
     e(  8 -  8) =     14.04264  eV     1   --> A_1  L_1       

 **************************************************************************

 **************************************************************************

                    xk=(   0.24749,   0.24749,   0.24749  )

     Band symmetry, C_3v (3m)   point group:

     e(  1 -  1) =     -4.25510  eV     1   --> A_1  L_1       
     e(  2 -  2) =      0.61463  eV     1   --> A_1  L_1       
     e(  3 -  4) =      5.16647  eV     2   --> E    L_3       
     e(  5 -  5) =      7.92623  eV     1   --> A_1  L_1       
     e(  6 -  7) =      9.69284  eV     2   --> E    L_3       
     e(  8 -  8) =     14.10768  eV     1   --> A_1  L_1       

 **************************************************************************

 **************************************************************************

                    xk=(   0.26517,   0.26517,   0.26517  )

     Band symmetry, C_3v (3m)   point group:

     e(  1 -  1) =     -4.06452  eV     1   --> A_1  L_1       
     e(  2 -  2) =      0.25606  eV     1   --> A_1  L_1       
     e(  3 -  4) =      5.11749  eV     2   --> E    L_3       
     e(  5 -  5) =      7.87082  eV     1   --> A_1  L_1       
     e(  6 -  7) =      9.65786  eV     2   --> E    L_3       
     e(  8 -  8) =     14.09408  eV     1   --> A_1  L_1       

 **************************************************************************

 **************************************************************************

                    xk=(   0.28284,   0.28284,   0.28284  )

     Band symmetry, C_3v (3m)   point group:

     e(  1 -  1) =     -3.87808  eV     1   --> A_1  L_1       
     e(  2 -  2) =     -0.06843  eV     1   --> A_1  L_1       
     e(  3 -  4) =      5.07726  eV     2   --> E    L_3       
     e(  5 -  5) =      7.82507  eV     1   --> A_1  L_1       
     e(  6 -  7) =      9.62277  eV     2   --> E    L_3       
     e(  8 -  8) =     14.05274  eV     1   --> A_1  L_1       

 **************************************************************************

 **************************************************************************

                    xk=(   0.30052,   0.30052,   0.30052  )

     Band symmetry, C_3v (3m)   point group:

     e(  1 -  1) =     -3.70546  eV     1   --> A_1  L_1       
     e(  2 -  2) =     -0.34877  eV     1   --> A_1  L_1       
     e(  3 -  4) =      5.04591  eV     2   --> E    L_3       
     e(  5 -  5) =      7.78925  eV     1   --> A_1  L_1       
     e(  6 -  7) =      9.59166  eV     2   --> E    L_3       
     e(  8 -  8) =     14.00838  eV     1   --> A_1  L_1       

 **************************************************************************

 **************************************************************************

                    xk=(   0.31820,   0.31820,   0.31820  )

     Band symmetry, C_3v (3m)   point group:

     e(  1 -  1) =     -3.56078  eV     1   --> A_1  L_1       
     e(  2 -  2) =     -0.57061  eV     1   --> A_1  L_1       
     e(  3 -  4) =      5.02348  eV     2   --> E    L_3       
     e(  5 -  5) =      7.76355  eV     1   --> A_1  L_1       
     e(  6 -  7) =      9.56748  eV     2   --> E    L_3       
     e(  8 -  8) =     13.97198  eV     1   --> A_1  L_1       

 **************************************************************************

 **************************************************************************

                    xk=(   0.33588,   0.33588,   0.33588  )

     Band symmetry, C_3v (3m)   point group:

     e(  1 -  1) =     -3.46202  eV     1   --> A_1  L_1       
     e(  2 -  2) =     -0.71572  eV     1   --> A_1  L_1       
     e(  3 -  4) =      5.01001  eV     2   --> E    L_3       
     e(  5 -  5) =      7.74808  eV     1   --> A_1  L_1       
     e(  6 -  7) =      9.55223  eV     2   --> E    L_3       
     e(  8 -  8) =     13.94862  eV     1   --> A_1  L_1       

 **************************************************************************

 **************************************************************************

                    xk=(   0.35355,   0.35355,   0.35355  )

     zone border point and non-symmorphic group 
     symmetry decomposition not available

 **************************************************************************

 **************************************************************************

                    xk=(   0.35355,   0.37123,   0.33588  )

     zone border point and non-symmorphic group 
     symmetry decomposition not available

 **************************************************************************

 **************************************************************************

                    xk=(   0.35355,   0.38891,   0.31820  )

     zone border point and non-symmorphic group 
     symmetry decomposition not available

 **************************************************************************

 **************************************************************************

                    xk=(   0.35355,   0.40659,   0.30052  )

     zone border point and non-symmorphic group 
     symmetry decomposition not available

 **************************************************************************

 **************************************************************************

                    xk=(   0.35355,   0.42426,   0.28284  )

     zone border point and non-symmorphic group 
     symmetry decomposition not available

 **************************************************************************

 **************************************************************************

                    xk=(   0.35355,   0.44194,   0.26517  )

     zone border point and non-symmorphic group 
     symmetry decomposition not available

 **************************************************************************

 **************************************************************************

                    xk=(   0.35355,   0.45962,   0.24749  )

     zone border point and non-symmorphic group 
     symmetry decomposition not available

 **************************************************************************

 **************************************************************************

                    xk=(   0.35355,   0.47730,   0.22981  )

     zone border point and non-symmorphic group 
     symmetry decomposition not available

 **************************************************************************

 **************************************************************************

                    xk=(   0.35355,   0.49497,   0.21213  )

     zone border point and non-symmorphic group 
     symmetry decomposition not available

 **************************************************************************

 **************************************************************************

                    xk=(   0.35355,   0.51265,   0.19445  )

     zone border point and non-symmorphic group 
     symmetry decomposition not available

 **************************************************************************

 **************************************************************************

                    xk=(   0.35355,   0.53033,   0.17678  )

     zone border point and non-symmorphic group 
     symmetry decomposition not available

 **************************************************************************

 **************************************************************************

                    xk=(   0.35355,   0.54801,   0.15910  )

     zone border point and non-symmorphic group 
     symmetry decomposition not available

 **************************************************************************

 **************************************************************************

                    xk=(   0.35355,   0.56569,   0.14142  )

     zone border point and non-symmorphic group 
     symmetry decomposition not available

 **************************************************************************

 **************************************************************************

                    xk=(   0.35355,   0.58336,   0.12374  )

     zone border point and non-symmorphic group 
     symmetry decomposition not available

 **************************************************************************

 **************************************************************************

                    xk=(   0.35355,   0.60104,   0.10607  )

     zone border point and non-symmorphic group 
     symmetry decomposition not available

 **************************************************************************

 **************************************************************************

                    xk=(   0.35355,   0.61872,   0.08839  )

     zone border point and non-symmorphic group 
     symmetry decomposition not available

 **************************************************************************

 **************************************************************************

                    xk=(   0.35355,   0.63640,   0.07071  )

     zone border point and non-symmorphic group 
     symmetry decomposition not available

 **************************************************************************

 **************************************************************************

                    xk=(   0.35355,   0.65407,   0.05303  )

     zone border point and non-symmorphic group 
     symmetry decomposition not available

 **************************************************************************

 **************************************************************************

                    xk=(   0.35355,   0.67175,   0.03536  )

     zone border point and non-symmorphic group 
     symmetry decomposition not available

 **************************************************************************

 **************************************************************************

                    xk=(   0.35355,   0.68943,   0.01768  )

     zone border point and non-symmorphic group 
     symmetry decomposition not available

 **************************************************************************

 **************************************************************************

                    xk=(   0.35355,   0.70711,   0.00000  )

     zone border point and non-symmorphic group 
     symmetry decomposition not available

 **************************************************************************

 **************************************************************************

                    xk=(   0.33588,   0.70711,   0.00000  )

     zone border point and non-symmorphic group 
     symmetry decomposition not available

 **************************************************************************

 **************************************************************************

                    xk=(   0.31820,   0.70711,   0.00000  )

     zone border point and non-symmorphic group 
     symmetry decomposition not available

 **************************************************************************

 **************************************************************************

                    xk=(   0.30052,   0.70711,   0.00000  )

     zone border point and non-symmorphic group 
     symmetry decomposition not available

 **************************************************************************

 **************************************************************************

                    xk=(   0.28284,   0.70711,   0.00000  )

     zone border point and non-symmorphic group 
     symmetry decomposition not available

 **************************************************************************

 **************************************************************************

                    xk=(   0.26517,   0.70711,   0.00000  )

     zone border point and non-symmorphic group 
     symmetry decomposition not available

 **************************************************************************

 **************************************************************************

                    xk=(   0.24749,   0.70711,   0.00000  )

     zone border point and non-symmorphic group 
     symmetry decomposition not available

 **************************************************************************

 **************************************************************************

                    xk=(   0.22981,   0.70711,   0.00000  )

     zone border point and non-symmorphic group 
     symmetry decomposition not available

 **************************************************************************

 **************************************************************************

                    xk=(   0.21213,   0.70711,   0.00000  )

     zone border point and non-symmorphic group 
     symmetry decomposition not available

 **************************************************************************

 **************************************************************************

                    xk=(   0.19445,   0.70711,   0.00000  )

     zone border point and non-symmorphic group 
     symmetry decomposition not available

 **************************************************************************

 **************************************************************************

                    xk=(   0.17678,   0.70711,   0.00000  )

     zone border point and non-symmorphic group 
     symmetry decomposition not available

 **************************************************************************

 **************************************************************************

                    xk=(   0.15910,   0.70711,   0.00000  )

     zone border point and non-symmorphic group 
     symmetry decomposition not available

 **************************************************************************

 **************************************************************************

                    xk=(   0.14142,   0.70711,   0.00000  )

     zone border point and non-symmorphic group 
     symmetry decomposition not available

 **************************************************************************

 **************************************************************************

                    xk=(   0.12374,   0.70711,  -0.00000  )

     zone border point and non-symmorphic group 
     symmetry decomposition not available

 **************************************************************************

 **************************************************************************

                    xk=(   0.10607,   0.70711,   0.00000  )

     zone border point and non-symmorphic group 
     symmetry decomposition not available

 **************************************************************************

 **************************************************************************

                    xk=(   0.08839,   0.70711,   0.00000  )

     zone border point and non-symmorphic group 
     symmetry decomposition not available

 **************************************************************************

 **************************************************************************

                    xk=(   0.07071,   0.70711,  -0.00000  )

     zone border point and non-symmorphic group 
     symmetry decomposition not available

 **************************************************************************

 **************************************************************************

                    xk=(   0.05303,   0.70711,   0.00000  )

     zone border point and non-symmorphic group 
     symmetry decomposition not available

 **************************************************************************

 **************************************************************************

                    xk=(   0.03536,   0.70711,   0.00000  )

     zone border point and non-symmorphic group 
     symmetry decomposition not available

 **************************************************************************

 **************************************************************************

                    xk=(   0.01768,   0.70711,   0.00000  )

     zone border point and non-symmorphic group 
     symmetry decomposition not available

 **************************************************************************

 **************************************************************************

                    xk=(   0.00000,   0.70711,   0.00000  )

     zone border point and non-symmorphic group 
     symmetry decomposition not available

 **************************************************************************
 
     BANDS        :   2m38.18s CPU      5.47s WALL

 
   This run was terminated on:  20:46: 7   4Aug2026            

=------------------------------------------------------------------------------=
   JOB DONE.
=------------------------------------------------------------------------------=
