
     Program DOS v.7.5 starts on  5Aug2026 at  4:22: 0 

     This program is part of the open-source Quantum ESPRESSO suite
     for quantum simulation of materials; please cite
         "P. Giannozzi et al., J. Phys.:Condens. Matter 21 395502 (2009);
         "P. Giannozzi et al., J. Phys.:Condens. Matter 29 465901 (2017);
         "P. Giannozzi et al., J. Chem. Phys. 152 154105 (2020);
          URL http://www.quantum-espresso.org", 
     in publications or presentations arising from this work. More details at
     http://www.quantum-espresso.org/quote

     Serial multi-threaded version, running on    1 processor cores
     6389 MiB available memory on the printing compute node when the environment starts


     Reading xml data from directory:

     ./tmp/al.save/

     IMPORTANT: XC functional enforced from input :
     Exchange-correlation= PBE
                           (   1   4   3   4   0   0   0)
     Any further DFT definition will be discarded
     Please, verify this is what you really want


     G-vector sticks info
     --------------------
     sticks:   dense  smooth     PW     G-vecs:    dense   smooth      PW
     Sum         499     241     85                 7119     2445     537

     Using Slab Decomposition


     Gaussian broadening (read from input): ngauss,degauss=   0    0.011025


     DOS          :      0.24s CPU      0.26s WALL


   This run was terminated on:   4:22: 0   5Aug2026            

=------------------------------------------------------------------------------=
   JOB DONE.
=------------------------------------------------------------------------------=
