
     Program BANDS v.7.5 starts on  5Aug2026 at  2:38:22 

     This program is part of the open-source Quantum ESPRESSO suite
     for quantum simulation of materials; please cite
         "P. Giannozzi et al., J. Phys.:Condens. Matter 21 395502 (2009);
         "P. Giannozzi et al., J. Phys.:Condens. Matter 29 465901 (2017);
         "P. Giannozzi et al., J. Chem. Phys. 152 154105 (2020);
          URL http://www.quantum-espresso.org", 
     in publications or presentations arising from this work. More details at
     http://www.quantum-espresso.org/quote

     Serial multi-threaded version, running on   32 processor cores
     4676 MiB available memory on the printing compute node when the environment starts


     Reading xml data from directory:

     ./tmp/graphene.save/
     file C.pbe-n-kjpaw_psl.1.0.0.UPF: wavefunction(s)  2S 2P renormalized

     IMPORTANT: XC functional enforced from input :
     Exchange-correlation= PBE
                           (   1   4   3   4   0   0   0)
     Any further DFT definition will be discarded
     Please, verify this is what you really want


     G-vector sticks info
     --------------------
     sticks:   dense  smooth     PW     G-vecs:    dense   smooth      PW
     Sum         595     301     91                95599    33975    6029

     Using Slab Decomposition


     Check: negative core charge=   -0.000002

     negative rho (up, down):  1.269E-04 0.000E+00
     Reading collected, re-writing distributed wavefunctions
     high-symmetry point:  0.0000 0.0000 0.0000   x coordinate   0.0000
     high-symmetry point:  0.3333 0.5774 0.0000   x coordinate   0.6667
     high-symmetry point:  0.5000 0.2887 0.0000   x coordinate   1.0000
     high-symmetry point:  0.0000 0.0000 0.0000   x coordinate   1.5774

     Plottable bands (eV) written to file graphene.bands.dat.gnu
     Bands written to file graphene.bands.dat

 **************************************************************************

                    xk=(   0.00000,   0.00000,   0.00000  )

     point group D_6h(6/mmm)
     there are 12 classes
     the character table:

       E     2C6   2C3   C2    3C2'  3C2'' i     2S3   2S6   s_h   3s_d  3s_v 
A_1g   1.00  1.00  1.00  1.00  1.00  1.00  1.00  1.00  1.00  1.00  1.00  1.00
A_2g   1.00  1.00  1.00  1.00 -1.00 -1.00  1.00  1.00  1.00  1.00 -1.00 -1.00
B_1g   1.00 -1.00  1.00 -1.00  1.00 -1.00  1.00 -1.00  1.00 -1.00  1.00 -1.00
B_2g   1.00 -1.00  1.00 -1.00 -1.00  1.00  1.00 -1.00  1.00 -1.00 -1.00  1.00
E_1g   2.00  1.00 -1.00 -2.00  0.00  0.00  2.00  1.00 -1.00 -2.00  0.00  0.00
E_2g   2.00 -1.00 -1.00  2.00  0.00  0.00  2.00 -1.00 -1.00  2.00  0.00  0.00
A_1u   1.00  1.00  1.00  1.00  1.00  1.00 -1.00 -1.00 -1.00 -1.00 -1.00 -1.00
A_2u   1.00  1.00  1.00  1.00 -1.00 -1.00 -1.00 -1.00 -1.00 -1.00  1.00  1.00
B_1u   1.00 -1.00  1.00 -1.00  1.00 -1.00 -1.00  1.00 -1.00  1.00 -1.00  1.00
B_2u   1.00 -1.00  1.00 -1.00 -1.00  1.00 -1.00  1.00 -1.00  1.00  1.00 -1.00
E_1u   2.00  1.00 -1.00 -2.00  0.00  0.00 -2.00 -1.00  1.00  2.00  0.00  0.00
E_2u   2.00 -1.00 -1.00  2.00  0.00  0.00 -2.00  1.00  1.00 -2.00  0.00  0.00

     the symmetry operations in each class and the name of the first element:

     E        1
                                                                 
     2C6      5    6
                                                                 
     2C3      7    8
                                                                 
     C2       2
                                                                 
     3C2'     4   12   11
                                                                 
     3C2''    3    9   10
                                                                 
     i       13
                                                                 
     2S3     17   18
                                                                 
     2S6     19   20
                                                                 
     s_h     14
                                                                 
     3s_d    16   24   23
                                                                 
     3s_v    15   21   22
                                                                 

     Band symmetry, D_6h(6/mmm) point group:

     e(  1 -  1) =    -21.91038  eV     1   --> A_1g           
     e(  2 -  2) =     -9.99381  eV     1   --> A_2u           
     e(  3 -  4) =     -5.37359  eV     2   --> E_2g           
     e(  5 -  5) =      0.85404  eV     1   --> A_1g           
     e(  6 -  6) =      1.52243  eV     1   --> A_2u           
     e(  7 -  7) =      1.65085  eV     1   --> A_1g           
     e(  8 -  8) =      2.66198  eV     1   --> A_2u           

 **************************************************************************

 **************************************************************************

                    xk=(   0.00833,   0.01443,   0.00000  )

     point group C_2v (mm2) 
     there are  4 classes
     the character table:

       E     C2    s_v   s_v' 
A_1    1.00  1.00  1.00  1.00
A_2    1.00  1.00 -1.00 -1.00
B_1    1.00 -1.00  1.00 -1.00
B_2    1.00 -1.00 -1.00  1.00

     the symmetry operations in each class and the name of the first element:

     E        1
                                                                 
     C2       2
                                                                 
     s_v      3
                                                                 
     s_v'     4
                                                                 

     Band symmetry, C_2v (mm2)  point group:

     e(  1 -  1) =    -21.90544  eV     1   --> A_1  D_1  S_1  
     e(  2 -  2) =     -9.98788  eV     1   --> B_2  D_4  S_4  
     e(  3 -  3) =     -5.39418  eV     1   --> B_1  D_3  S_3  
     e(  4 -  4) =     -5.38458  eV     1   --> A_1  D_1  S_1  
     e(  5 -  5) =      0.86078  eV     1   --> A_1  D_1  S_1  
     e(  6 -  6) =      1.52926  eV     1   --> B_2  D_4  S_4  
     e(  7 -  7) =      1.65772  eV     1   --> A_1  D_1  S_1  
     e(  8 -  8) =      2.66879  eV     1   --> B_2  D_4  S_4  

 **************************************************************************

 **************************************************************************

                    xk=(   0.01667,   0.02887,   0.00000  )

     Band symmetry, C_2v (mm2)  point group:

     e(  1 -  1) =    -21.89061  eV     1   --> A_1  D_1  S_1  
     e(  2 -  2) =     -9.97012  eV     1   --> B_2  D_4  S_4  
     e(  3 -  3) =     -5.45535  eV     1   --> B_1  D_3  S_3  
     e(  4 -  4) =     -5.41745  eV     1   --> A_1  D_1  S_1  
     e(  5 -  5) =      0.88098  eV     1   --> A_1  D_1  S_1  
     e(  6 -  6) =      1.54976  eV     1   --> B_2  D_4  S_4  
     e(  7 -  7) =      1.67834  eV     1   --> A_1  D_1  S_1  
     e(  8 -  8) =      2.68922  eV     1   --> B_2  D_4  S_4  

 **************************************************************************

 **************************************************************************

                    xk=(   0.02500,   0.04330,   0.00000  )

     Band symmetry, C_2v (mm2)  point group:

     e(  1 -  1) =    -21.86590  eV     1   --> A_1  D_1  S_1  
     e(  2 -  2) =     -9.94051  eV     1   --> B_2  D_4  S_4  
     e(  3 -  3) =     -5.55535  eV     1   --> B_1  D_3  S_3  
     e(  4 -  4) =     -5.47190  eV     1   --> A_1  D_1  S_1  
     e(  5 -  5) =      0.91464  eV     1   --> A_1  D_1  S_1  
     e(  6 -  6) =      1.58391  eV     1   --> B_2  D_4  S_4  
     e(  7 -  7) =      1.71270  eV     1   --> A_1  D_1  S_1  
     e(  8 -  8) =      2.72326  eV     1   --> B_2  D_4  S_4  

 **************************************************************************

 **************************************************************************

                    xk=(   0.03333,   0.05774,   0.00000  )

     Band symmetry, C_2v (mm2)  point group:

     e(  1 -  1) =    -21.83132  eV     1   --> A_1  D_1  S_1  
     e(  2 -  2) =     -9.89909  eV     1   --> B_2  D_4  S_4  
     e(  3 -  3) =     -5.69147  eV     1   --> B_1  D_3  S_3  
     e(  4 -  4) =     -5.54746  eV     1   --> A_1  D_1  S_1  
     e(  5 -  5) =      0.96178  eV     1   --> A_1  D_1  S_1  
     e(  6 -  6) =      1.63173  eV     1   --> B_2  D_4  S_4  
     e(  7 -  7) =      1.76082  eV     1   --> A_1  D_1  S_1  
     e(  8 -  8) =      2.77092  eV     1   --> B_2  D_4  S_4  

 **************************************************************************

 **************************************************************************

                    xk=(   0.04167,   0.07217,   0.00000  )

     Band symmetry, C_2v (mm2)  point group:

     e(  1 -  1) =    -21.78688  eV     1   --> A_1  D_1  S_1  
     e(  2 -  2) =     -9.84589  eV     1   --> B_2  D_4  S_4  
     e(  3 -  3) =     -5.86036  eV     1   --> B_1  D_3  S_3  
     e(  4 -  4) =     -5.64349  eV     1   --> A_1  D_1  S_1  
     e(  5 -  5) =      1.02239  eV     1   --> A_1  D_1  S_1  
     e(  6 -  6) =      1.69320  eV     1   --> B_2  D_4  S_4  
     e(  7 -  7) =      1.82268  eV     1   --> A_1  D_1  S_1  
     e(  8 -  8) =      2.83218  eV     1   --> B_2  D_4  S_4  

 **************************************************************************

 **************************************************************************

                    xk=(   0.05000,   0.08660,   0.00000  )

     Band symmetry, C_2v (mm2)  point group:

     e(  1 -  1) =    -21.73259  eV     1   --> A_1  D_1  S_1  
     e(  2 -  2) =     -9.78094  eV     1   --> B_2  D_4  S_4  
     e(  3 -  3) =     -6.05823  eV     1   --> B_1  D_3  S_3  
     e(  4 -  4) =     -5.75917  eV     1   --> A_1  D_1  S_1  
     e(  5 -  5) =      1.09647  eV     1   --> A_1  D_1  S_1  
     e(  6 -  6) =      1.76832  eV     1   --> B_2  D_4  S_4  
     e(  7 -  7) =      1.89829  eV     1   --> A_1  D_1  S_1  
     e(  8 -  8) =      2.90704  eV     1   --> B_2  D_4  S_4  

 **************************************************************************

 **************************************************************************

                    xk=(   0.05833,   0.10104,   0.00000  )

     Band symmetry, C_2v (mm2)  point group:

     e(  1 -  1) =    -21.66848  eV     1   --> A_1  D_1  S_1  
     e(  2 -  2) =     -9.70431  eV     1   --> B_2  D_4  S_4  
     e(  3 -  3) =     -6.28119  eV     1   --> B_1  D_3  S_3  
     e(  4 -  4) =     -5.89354  eV     1   --> A_1  D_1  S_1  
     e(  5 -  5) =      1.18403  eV     1   --> A_1  D_1  S_1  
     e(  6 -  6) =      1.85707  eV     1   --> B_2  D_4  S_4  
     e(  7 -  7) =      1.98765  eV     1   --> A_1  D_1  S_1  
     e(  8 -  8) =      2.99549  eV     1   --> B_2  D_4  S_4  

 **************************************************************************

 **************************************************************************

                    xk=(   0.06667,   0.11547,   0.00000  )

     Band symmetry, C_2v (mm2)  point group:

     e(  1 -  1) =    -21.59456  eV     1   --> A_1  D_1  S_1  
     e(  2 -  2) =     -9.61605  eV     1   --> B_2  D_4  S_4  
     e(  3 -  3) =     -6.52542  eV     1   --> B_1  D_3  S_3  
     e(  4 -  4) =     -6.04551  eV     1   --> A_1  D_1  S_1  
     e(  5 -  5) =      1.28507  eV     1   --> A_1  D_1  S_1  
     e(  6 -  6) =      1.95946  eV     1   --> B_2  D_4  S_4  
     e(  7 -  7) =      2.09077  eV     1   --> A_1  D_1  S_1  
     e(  8 -  8) =      3.09751  eV     1   --> B_2  D_4  S_4  

 **************************************************************************

 **************************************************************************

                    xk=(   0.07500,   0.12990,   0.00000  )

     Band symmetry, C_2v (mm2)  point group:

     e(  1 -  1) =    -21.51085  eV     1   --> A_1  D_1  S_1  
     e(  2 -  2) =     -9.51623  eV     1   --> B_2  D_4  S_4  
     e(  3 -  3) =     -6.78731  eV     1   --> B_1  D_3  S_3  
     e(  4 -  4) =     -6.21391  eV     1   --> A_1  D_1  S_1  
     e(  5 -  5) =      1.39958  eV     1   --> A_1  D_1  S_1  
     e(  6 -  6) =      2.07546  eV     1   --> B_2  D_4  S_4  
     e(  7 -  7) =      2.20764  eV     1   --> A_1  D_1  S_1  
     e(  8 -  8) =      3.21310  eV     1   --> B_2  D_4  S_4  

 **************************************************************************

 **************************************************************************

                    xk=(   0.08333,   0.14434,   0.00000  )

     Band symmetry, C_2v (mm2)  point group:

     e(  1 -  1) =    -21.41738  eV     1   --> A_1  D_1  S_1  
     e(  2 -  2) =     -9.40493  eV     1   --> B_2  D_4  S_4  
     e(  3 -  3) =     -7.06355  eV     1   --> B_1  D_3  S_3  
     e(  4 -  4) =     -6.39746  eV     1   --> A_1  D_1  S_1  
     e(  5 -  5) =      1.52757  eV     1   --> A_1  D_1  S_1  
     e(  6 -  6) =      2.20507  eV     1   --> B_2  D_4  S_4  
     e(  7 -  7) =      2.33826  eV     1   --> A_1  D_1  S_1  
     e(  8 -  8) =      3.34223  eV     1   --> B_2  D_4  S_4  

 **************************************************************************

 **************************************************************************

                    xk=(   0.09167,   0.15877,   0.00000  )

     Band symmetry, C_2v (mm2)  point group:

     e(  1 -  1) =    -21.31420  eV     1   --> A_1  D_1  S_1  
     e(  2 -  2) =     -9.28226  eV     1   --> B_2  D_4  S_4  
     e(  3 -  3) =     -7.35119  eV     1   --> B_1  D_3  S_3  
     e(  4 -  4) =     -6.59486  eV     1   --> A_1  D_1  S_1  
     e(  5 -  5) =      1.66902  eV     1   --> A_1  D_1  S_1  
     e(  6 -  6) =      2.34825  eV     1   --> B_2  D_4  S_4  
     e(  7 -  7) =      2.48264  eV     1   --> A_1  D_1  S_1  
     e(  8 -  8) =      3.48488  eV     1   --> B_2  D_4  S_4  

 **************************************************************************

 **************************************************************************

                    xk=(   0.10000,   0.17321,   0.00000  )

     Band symmetry, C_2v (mm2)  point group:

     e(  1 -  1) =    -21.20134  eV     1   --> A_1  D_1  S_1  
     e(  2 -  2) =     -9.14832  eV     1   --> B_2  D_4  S_4  
     e(  3 -  3) =     -7.64756  eV     1   --> B_1  D_3  S_3  
     e(  4 -  4) =     -6.80473  eV     1   --> A_1  D_1  S_1  
     e(  5 -  5) =      1.82392  eV     1   --> A_1  D_1  S_1  
     e(  6 -  6) =      2.50501  eV     1   --> B_2  D_4  S_4  
     e(  7 -  7) =      2.64077  eV     1   --> A_1  D_1  S_1  
     e(  8 -  8) =      3.64102  eV     1   --> B_2  D_4  S_4  

 **************************************************************************

 **************************************************************************

                    xk=(   0.10833,   0.18764,   0.00000  )

     Band symmetry, C_2v (mm2)  point group:

     e(  1 -  1) =    -21.07883  eV     1   --> A_1  D_1  S_1  
     e(  2 -  2) =     -9.00324  eV     1   --> B_2  D_4  S_4  
     e(  3 -  3) =     -7.95042  eV     1   --> B_1  D_3  S_3  
     e(  4 -  4) =     -7.02573  eV     1   --> A_1  D_1  S_1  
     e(  5 -  5) =      1.99227  eV     1   --> A_1  D_1  S_1  
     e(  6 -  6) =      2.67529  eV     1   --> B_2  D_4  S_4  
     e(  7 -  7) =      2.81266  eV     1   --> A_1  D_1  S_1  
     e(  8 -  8) =      3.81063  eV     1   --> B_2  D_4  S_4  

 **************************************************************************

 **************************************************************************

                    xk=(   0.11667,   0.20207,   0.00000  )

     Band symmetry, C_2v (mm2)  point group:

     e(  1 -  1) =    -20.94674  eV     1   --> A_1  D_1  S_1  
     e(  2 -  2) =     -8.84716  eV     1   --> B_2  D_4  S_4  
     e(  3 -  3) =     -8.25774  eV     1   --> B_1  D_3  S_3  
     e(  4 -  4) =     -7.25649  eV     1   --> A_1  D_1  S_1  
     e(  5 -  5) =      2.17403  eV     1   --> A_1  D_1  S_1  
     e(  6 -  6) =      2.85908  eV     1   --> B_2  D_4  S_4  
     e(  7 -  7) =      2.99830  eV     1   --> A_1  D_1  S_1  
     e(  8 -  8) =      3.99365  eV     1   --> B_2  D_4  S_4  

 **************************************************************************

 **************************************************************************

                    xk=(   0.12500,   0.21651,   0.00000  )

     Band symmetry, C_2v (mm2)  point group:

     e(  1 -  1) =    -20.80511  eV     1   --> A_1  D_1  S_1  
     e(  2 -  2) =     -8.68025  eV     1   --> B_2  D_4  S_4  
     e(  3 -  3) =     -8.56779  eV     1   --> B_1  D_3  S_3  
     e(  4 -  4) =     -7.49567  eV     1   --> A_1  D_1  S_1  
     e(  5 -  5) =      2.36921  eV     1   --> A_1  D_1  S_1  
     e(  6 -  6) =      3.05634  eV     1   --> B_2  D_4  S_4  
     e(  7 -  7) =      3.19769  eV     1   --> A_1  D_1  S_1  
     e(  8 -  8) =      4.19006  eV     1   --> B_2  D_4  S_4  

 **************************************************************************

 **************************************************************************

                    xk=(   0.13333,   0.23094,   0.00000  )

     Band symmetry, C_2v (mm2)  point group:

     e(  1 -  1) =    -20.65401  eV     1   --> A_1  D_1  S_1  
     e(  2 -  2) =     -8.87908  eV     1   --> B_1  D_3  S_3  
     e(  3 -  3) =     -8.50268  eV     1   --> B_2  D_4  S_4  
     e(  4 -  4) =     -7.74197  eV     1   --> A_1  D_1  S_1  
     e(  5 -  5) =      2.57776  eV     1   --> A_1  D_1  S_1  
     e(  6 -  6) =      3.26701  eV     1   --> B_2  D_4  S_4  
     e(  7 -  7) =      3.41083  eV     1   --> A_1  D_1  S_1  
     e(  8 -  8) =      4.39977  eV     1   --> B_2  D_4  S_4  

 **************************************************************************

 **************************************************************************

                    xk=(   0.14167,   0.24537,   0.00000  )

     Band symmetry, C_2v (mm2)  point group:

     e(  1 -  1) =    -20.49350  eV     1   --> A_1  D_1  S_1  
     e(  2 -  2) =     -9.19032  eV     1   --> B_1  D_3  S_3  
     e(  3 -  3) =     -8.31466  eV     1   --> B_2  D_4  S_4  
     e(  4 -  4) =     -7.99413  eV     1   --> A_1  D_1  S_1  
     e(  5 -  5) =      2.79967  eV     1   --> A_1  D_1  S_1  
     e(  6 -  6) =      3.49104  eV     1   --> B_2  D_4  S_4  
     e(  7 -  7) =      3.63772  eV     1   --> A_1  D_1  S_1  
     e(  8 -  8) =      4.62273  eV     1   --> B_2  D_4  S_4  

 **************************************************************************

 **************************************************************************

                    xk=(   0.15000,   0.25981,   0.00000  )

     Band symmetry, C_2v (mm2)  point group:

     e(  1 -  1) =    -20.32368  eV     1   --> A_1  D_1  S_1  
     e(  2 -  2) =     -9.50042  eV     1   --> B_1  D_3  S_3  
     e(  3 -  3) =     -8.25095  eV     1   --> A_1  D_1  S_1  
     e(  4 -  4) =     -8.11643  eV     1   --> B_2  D_4  S_4  
     e(  5 -  5) =      3.03488  eV     1   --> A_1  D_1  S_1  
     e(  6 -  6) =      3.72834  eV     1   --> B_2  D_4  S_4  
     e(  7 -  7) =      3.87835  eV     1   --> A_1  D_1  S_1  
     e(  8 -  8) =      4.84714  eV     1   --> A_2  D_2  S_2  

 **************************************************************************

 **************************************************************************

                    xk=(   0.15833,   0.27424,   0.00000  )

     Band symmetry, C_2v (mm2)  point group:

     e(  1 -  1) =    -20.14461  eV     1   --> A_1  D_1  S_1  
     e(  2 -  2) =     -9.80840  eV     1   --> B_1  D_3  S_3  
     e(  3 -  3) =     -8.51127  eV     1   --> A_1  D_1  S_1  
     e(  4 -  4) =     -7.90825  eV     1   --> B_2  D_4  S_4  
     e(  5 -  5) =      3.28338  eV     1   --> A_1  D_1  S_1  
     e(  6 -  6) =      3.97884  eV     1   --> B_2  D_4  S_4  
     e(  7 -  7) =      4.13272  eV     1   --> A_1  D_1  S_1  
     e(  8 -  8) =      4.47340  eV     1   --> A_2  D_2  S_2  

 **************************************************************************

 **************************************************************************

                    xk=(   0.16667,   0.28868,   0.00000  )

     Band symmetry, C_2v (mm2)  point group:

     e(  1 -  1) =    -19.95644  eV     1   --> A_1  D_1  S_1  
     e(  2 -  2) =    -10.11344  eV     1   --> B_1  D_3  S_3  
     e(  3 -  3) =     -8.77400  eV     1   --> A_1  D_1  S_1  
     e(  4 -  4) =     -7.69040  eV     1   --> B_2  D_4  S_4  
     e(  5 -  5) =      3.54509  eV     1   --> A_1  D_1  S_1  
     e(  6 -  6) =      4.09839  eV     1   --> A_2  D_2  S_2  
     e(  7 -  7) =      4.24239  eV     1   --> B_2  D_4  S_4  
     e(  8 -  8) =      4.40083  eV     1   --> A_1  D_1  S_1  

 **************************************************************************

 **************************************************************************

                    xk=(   0.17500,   0.30311,   0.00000  )

     Band symmetry, C_2v (mm2)  point group:

     e(  1 -  1) =    -19.75923  eV     1   --> A_1  D_1  S_1  
     e(  2 -  2) =    -10.41485  eV     1   --> B_1  D_3  S_3  
     e(  3 -  3) =     -9.03811  eV     1   --> A_1  D_1  S_1  
     e(  4 -  4) =     -7.46323  eV     1   --> B_2  D_4  S_4  
     e(  5 -  5) =      3.72340  eV     1   --> A_2  D_2  S_2  
     e(  6 -  6) =      3.81997  eV     1   --> A_1  D_1  S_1  
     e(  7 -  7) =      4.51884  eV     1   --> B_2  D_4  S_4  
     e(  8 -  8) =      4.68267  eV     1   --> A_1  D_1  S_1  

 **************************************************************************

 **************************************************************************

                    xk=(   0.18333,   0.31754,   0.00000  )

     Band symmetry, C_2v (mm2)  point group:

     e(  1 -  1) =    -19.55315  eV     1   --> A_1  D_1  S_1  
     e(  2 -  2) =    -10.71200  eV     1   --> B_1  D_3  S_3  
     e(  3 -  3) =     -9.30262  eV     1   --> A_1  D_1  S_1  
     e(  4 -  4) =     -7.22710  eV     1   --> B_2  D_4  S_4  
     e(  5 -  5) =      3.34965  eV     1   --> A_2  D_2  S_2  
     e(  6 -  6) =      4.10794  eV     1   --> A_1  D_1  S_1  
     e(  7 -  7) =      4.80797  eV     1   --> B_2  D_4  S_4  
     e(  8 -  8) =      4.97823  eV     1   --> A_1  D_1  S_1  

 **************************************************************************

 **************************************************************************

                    xk=(   0.19167,   0.33198,   0.00000  )

     Band symmetry, C_2v (mm2)  point group:

     e(  1 -  1) =    -19.33836  eV     1   --> A_1  D_1  S_1  
     e(  2 -  2) =    -11.00436  eV     1   --> B_1  D_3  S_3  
     e(  3 -  3) =     -9.56661  eV     1   --> A_1  D_1  S_1  
     e(  4 -  4) =     -6.98245  eV     1   --> B_2  D_4  S_4  
     e(  5 -  5) =      2.97820  eV     1   --> A_2  D_2  S_2  
     e(  6 -  6) =      4.40891  eV     1   --> A_1  D_1  S_1  
     e(  7 -  7) =      5.10947  eV     1   --> B_2  D_4  S_4  
     e(  8 -  8) =      5.28750  eV     1   --> A_1  D_1  S_1  

 **************************************************************************

 **************************************************************************

                    xk=(   0.20000,   0.34641,   0.00000  )

     Band symmetry, C_2v (mm2)  point group:

     e(  1 -  1) =    -19.11499  eV     1   --> A_1  D_1  S_1  
     e(  2 -  2) =    -11.29146  eV     1   --> B_1  D_3  S_3  
     e(  3 -  3) =     -9.82920  eV     1   --> A_1  D_1  S_1  
     e(  4 -  4) =     -6.72973  eV     1   --> B_2  D_4  S_4  
     e(  5 -  5) =      2.61004  eV     1   --> A_2  D_2  S_2  
     e(  6 -  6) =      4.72277  eV     1   --> A_1  D_1  S_1  
     e(  7 -  7) =      5.42293  eV     1   --> B_2  D_4  S_4  
     e(  8 -  8) =      5.61047  eV     1   --> A_1  D_1  S_1  

 **************************************************************************

 **************************************************************************

                    xk=(   0.20833,   0.36084,   0.00000  )

     Band symmetry, C_2v (mm2)  point group:

     e(  1 -  1) =    -18.88328  eV     1   --> A_1  D_1  S_1  
     e(  2 -  2) =    -11.57288  eV     1   --> B_1  D_3  S_3  
     e(  3 -  3) =    -10.08953  eV     1   --> A_1  D_1  S_1  
     e(  4 -  4) =     -6.46949  eV     1   --> B_2  D_4  S_4  
     e(  5 -  5) =      2.24604  eV     1   --> A_2  D_2  S_2  
     e(  6 -  6) =      5.04940  eV     1   --> A_1  D_1  S_1  
     e(  7 -  7) =      5.74774  eV     1   --> B_2  D_4  S_4  
     e(  8 -  8) =      5.94714  eV     1   --> A_1  D_1  S_1  

 **************************************************************************

 **************************************************************************

                    xk=(   0.21667,   0.37528,   0.00000  )

     Band symmetry, C_2v (mm2)  point group:

     e(  1 -  1) =    -18.64349  eV     1   --> A_1  D_1  S_1  
     e(  2 -  2) =    -11.84830  eV     1   --> B_1  D_3  S_3  
     e(  3 -  3) =    -10.34682  eV     1   --> A_1  D_1  S_1  
     e(  4 -  4) =     -6.20234  eV     1   --> B_2  D_4  S_4  
     e(  5 -  5) =      1.88698  eV     1   --> A_2  D_2  S_2  
     e(  6 -  6) =      5.38863  eV     1   --> A_1  D_1  S_1  
     e(  7 -  7) =      6.08297  eV     1   --> B_2  D_4  S_4  
     e(  8 -  8) =      6.29748  eV     1   --> A_1  D_1  S_1  

 **************************************************************************

 **************************************************************************

                    xk=(   0.22500,   0.38971,   0.00000  )

     Band symmetry, C_2v (mm2)  point group:

     e(  1 -  1) =    -18.39585  eV     1   --> A_1  D_1  S_1  
     e(  2 -  2) =    -12.11741  eV     1   --> B_1  D_3  S_3  
     e(  3 -  3) =    -10.60029  eV     1   --> A_1  D_1  S_1  
     e(  4 -  4) =     -5.92896  eV     1   --> B_2  D_4  S_4  
     e(  5 -  5) =      1.53359  eV     1   --> A_2  D_2  S_2  
     e(  6 -  6) =      5.74024  eV     1   --> A_1  D_1  S_1  
     e(  7 -  7) =      6.42717  eV     1   --> B_2  D_4  S_4  
     e(  8 -  8) =      6.66147  eV     1   --> A_1  D_1  S_1  

 **************************************************************************

 **************************************************************************

                    xk=(   0.23333,   0.40415,   0.00000  )

     Band symmetry, C_2v (mm2)  point group:

     e(  1 -  1) =    -18.14074  eV     1   --> A_1  D_1  S_1  
     e(  2 -  2) =    -12.37993  eV     1   --> B_1  D_3  S_3  
     e(  3 -  3) =    -10.84915  eV     1   --> A_1  D_1  S_1  
     e(  4 -  4) =     -5.65013  eV     1   --> B_2  D_4  S_4  
     e(  5 -  5) =      1.18651  eV     1   --> A_2  D_2  S_2  
     e(  6 -  6) =      6.10396  eV     1   --> A_1  D_1  S_1  
     e(  7 -  7) =      6.77796  eV     1   --> B_2  D_4  S_4  
     e(  8 -  8) =      7.03908  eV     1   --> A_1  D_1  S_1  

 **************************************************************************

 **************************************************************************

                    xk=(   0.24167,   0.41858,   0.00000  )

     Band symmetry, C_2v (mm2)  point group:

     e(  1 -  1) =    -17.87859  eV     1   --> A_1  D_1  S_1  
     e(  2 -  2) =    -12.63564  eV     1   --> B_1  D_3  S_3  
     e(  3 -  3) =    -11.09263  eV     1   --> A_1  D_1  S_1  
     e(  4 -  4) =     -5.36672  eV     1   --> B_2  D_4  S_4  
     e(  5 -  5) =      0.84632  eV     1   --> A_2  D_2  S_2  
     e(  6 -  6) =      6.47942  eV     1   --> A_1  D_1  S_1  
     e(  7 -  7) =      7.13120  eV     1   --> B_2  D_4  S_4  
     e(  8 -  8) =      7.43028  eV     1   --> A_1  D_1  S_1  

 **************************************************************************

 **************************************************************************

                    xk=(   0.25000,   0.43301,   0.00000  )

     Band symmetry, C_2v (mm2)  point group:

     e(  1 -  1) =    -17.60988  eV     1   --> A_1  D_1  S_1  
     e(  2 -  2) =    -12.88433  eV     1   --> B_1  D_3  S_3  
     e(  3 -  3) =    -11.32989  eV     1   --> A_1  D_1  S_1  
     e(  4 -  4) =     -5.07971  eV     1   --> B_2  D_4  S_4  
     e(  5 -  5) =      0.51355  eV     1   --> A_2  D_2  S_2  
     e(  6 -  6) =      6.86613  eV     1   --> A_1  D_1  S_1  
     e(  7 -  7) =      7.47934  eV     1   --> B_2  D_4  S_4  
     e(  8 -  8) =      7.83502  eV     1   --> A_1  D_1  S_1  

 **************************************************************************

 **************************************************************************

                    xk=(   0.25833,   0.44745,   0.00000  )

     Band symmetry, C_2v (mm2)  point group:

     e(  1 -  1) =    -17.33530  eV     1   --> A_1  D_1  S_1  
     e(  2 -  2) =    -13.12581  eV     1   --> B_1  D_3  S_3  
     e(  3 -  3) =    -11.56003  eV     1   --> A_1  D_1  S_1  
     e(  4 -  4) =     -4.79020  eV     1   --> B_2  D_4  S_4  
     e(  5 -  5) =      0.18867  eV     1   --> A_2  D_2  S_2  
     e(  6 -  6) =      7.26341  eV     1   --> A_1  D_1  S_1  
     e(  7 -  7) =      7.80819  eV     1   --> B_2  D_4  S_4  
     e(  8 -  8) =      8.25321  eV     1   --> A_1  D_1  S_1  

 **************************************************************************

 **************************************************************************

                    xk=(   0.26667,   0.46188,   0.00000  )

     Band symmetry, C_2v (mm2)  point group:

     e(  1 -  1) =    -17.05570  eV     1   --> A_1  D_1  S_1  
     e(  2 -  2) =    -13.35994  eV     1   --> B_1  D_3  S_3  
     e(  3 -  3) =    -11.78202  eV     1   --> A_1  D_1  S_1  
     e(  4 -  4) =     -4.49944  eV     1   --> B_2  D_4  S_4  
     e(  5 -  5) =     -0.12789  eV     1   --> A_2  D_2  S_2  
     e(  6 -  6) =      7.67029  eV     1   --> A_1  D_1  S_1  
     e(  7 -  7) =      8.09259  eV     1   --> B_2  D_4  S_4  
     e(  8 -  8) =      8.68475  eV     1   --> A_1  D_1  S_1  

 **************************************************************************

 **************************************************************************

                    xk=(   0.27500,   0.47631,   0.00000  )

     Band symmetry, C_2v (mm2)  point group:

     e(  1 -  1) =    -16.77219  eV     1   --> A_1  D_1  S_1  
     e(  2 -  2) =    -13.58656  eV     1   --> B_1  D_3  S_3  
     e(  3 -  3) =    -11.99460  eV     1   --> A_1  D_1  S_1  
     e(  4 -  4) =     -4.20880  eV     1   --> B_2  D_4  S_4  
     e(  5 -  5) =     -0.43573  eV     1   --> A_2  D_2  S_2  
     e(  6 -  6) =      8.08535  eV     1   --> A_1  D_1  S_1  
     e(  7 -  7) =      8.29890  eV     1   --> B_2  D_4  S_4  
     e(  8 -  8) =      9.12947  eV     1   --> A_1  D_1  S_1  

 **************************************************************************

 **************************************************************************

                    xk=(   0.28333,   0.49075,   0.00000  )

     Band symmetry, C_2v (mm2)  point group:

     e(  1 -  1) =    -16.48634  eV     1   --> A_1  D_1  S_1  
     e(  2 -  2) =    -13.80557  eV     1   --> B_1  D_3  S_3  
     e(  3 -  3) =    -12.19618  eV     1   --> A_1  D_1  S_1  
     e(  4 -  4) =     -3.91980  eV     1   --> B_2  D_4  S_4  
     e(  5 -  5) =     -0.73452  eV     1   --> A_2  D_2  S_2  
     e(  6 -  6) =      8.40830  eV     1   --> B_2  D_4  S_4  
     e(  7 -  7) =      8.50641  eV     1   --> A_1  D_1  S_1  
     e(  8 -  8) =      9.58706  eV     1   --> A_1  D_1  S_1  

 **************************************************************************

 **************************************************************************

                    xk=(   0.29167,   0.50518,   0.00000  )

     Band symmetry, C_2v (mm2)  point group:

     e(  1 -  1) =    -16.20030  eV     1   --> A_1  D_1  S_1  
     e(  2 -  2) =    -14.01686  eV     1   --> B_1  D_3  S_3  
     e(  3 -  3) =    -12.38459  eV     1   --> A_1  D_1  S_1  
     e(  4 -  4) =     -3.63411  eV     1   --> B_2  D_4  S_4  
     e(  5 -  5) =     -1.02395  eV     1   --> A_2  D_2  S_2  
     e(  6 -  6) =      8.43726  eV     1   --> B_2  D_4  S_4  
     e(  7 -  7) =      8.93000  eV     1   --> A_1  D_1  S_1  
     e(  8 -  8) =     10.05686  eV     1   --> A_1  D_1  S_1  

 **************************************************************************

 **************************************************************************

                    xk=(   0.30000,   0.51962,   0.00000  )

     Band symmetry, C_2v (mm2)  point group:

     e(  1 -  1) =    -15.91731  eV     1   --> A_1  D_1  S_1  
     e(  2 -  2) =    -14.22032  eV     1   --> B_1  D_3  S_3  
     e(  3 -  3) =    -12.55672  eV     1   --> A_1  D_1  S_1  
     e(  4 -  4) =     -3.35353  eV     1   --> B_2  D_4  S_4  
     e(  5 -  5) =     -1.30371  eV     1   --> A_2  D_2  S_2  
     e(  6 -  6) =      8.41919  eV     1   --> B_2  D_4  S_4  
     e(  7 -  7) =      9.35026  eV     1   --> A_1  D_1  S_1  
     e(  8 -  8) =     10.53681  eV     1   --> A_1  D_1  S_1  

 **************************************************************************

 **************************************************************************

                    xk=(   0.30833,   0.53405,   0.00000  )

     Band symmetry, C_2v (mm2)  point group:

     e(  1 -  1) =    -15.64209  eV     1   --> A_1  D_1  S_1  
     e(  2 -  2) =    -14.41587  eV     1   --> B_1  D_3  S_3  
     e(  3 -  3) =    -12.70796  eV     1   --> A_1  D_1  S_1  
     e(  4 -  4) =     -3.07996  eV     1   --> B_2  D_4  S_4  
     e(  5 -  5) =     -1.57355  eV     1   --> A_2  D_2  S_2  
     e(  6 -  6) =      8.38199  eV     1   --> B_2  D_4  S_4  
     e(  7 -  7) =      9.75673  eV     1   --> A_1  D_1  S_1  
     e(  8 -  8) =     10.76229  eV     1   --> B_1  D_3  S_3  

 **************************************************************************

 **************************************************************************

                    xk=(   0.31667,   0.54848,   0.00000  )

     Band symmetry, C_2v (mm2)  point group:

     e(  1 -  1) =    -15.38193  eV     1   --> A_1  D_1  S_1  
     e(  2 -  2) =    -14.60346  eV     1   --> B_1  D_3  S_3  
     e(  3 -  3) =    -12.83126  eV     1   --> A_1  D_1  S_1  
     e(  4 -  4) =     -2.81540  eV     1   --> B_2  D_4  S_4  
     e(  5 -  5) =     -1.83325  eV     1   --> A_2  D_2  S_2  
     e(  6 -  6) =      8.34385  eV     1   --> B_2  D_4  S_4  
     e(  7 -  7) =     10.12960  eV     1   --> A_1  D_1  S_1  
     e(  8 -  8) =     10.73482  eV     1   --> B_1  D_3  S_3  

 **************************************************************************

 **************************************************************************

                    xk=(   0.32500,   0.56292,   0.00000  )

     Band symmetry, C_2v (mm2)  point group:

     e(  1 -  1) =    -15.14778  eV     1   --> A_1  D_1  S_1  
     e(  2 -  2) =    -14.78302  eV     1   --> B_1  D_3  S_3  
     e(  3 -  3) =    -12.91604  eV     1   --> A_1  D_1  S_1  
     e(  4 -  4) =     -2.56187  eV     1   --> B_2  D_4  S_4  
     e(  5 -  5) =     -2.08257  eV     1   --> A_2  D_2  S_2  
     e(  6 -  6) =      8.31606  eV     1   --> B_2  D_4  S_4  
     e(  7 -  7) =     10.43086  eV     1   --> A_1  D_1  S_1  
     e(  8 -  8) =     10.68090  eV     1   --> B_1  D_3  S_3  

 **************************************************************************

 **************************************************************************

                    xk=(   0.33333,   0.57735,   0.00000  )

     zone border point and non-symmorphic group 
     symmetry decomposition not available

 **************************************************************************

 **************************************************************************

                    xk=(   0.33750,   0.57013,   0.00000  )

     zone border point and non-symmorphic group 
     symmetry decomposition not available

 **************************************************************************

 **************************************************************************

                    xk=(   0.34167,   0.56292,   0.00000  )

     zone border point and non-symmorphic group 
     symmetry decomposition not available

 **************************************************************************

 **************************************************************************

                    xk=(   0.34583,   0.55570,   0.00000  )

     zone border point and non-symmorphic group 
     symmetry decomposition not available

 **************************************************************************

 **************************************************************************

                    xk=(   0.35000,   0.54848,   0.00000  )

     zone border point and non-symmorphic group 
     symmetry decomposition not available

 **************************************************************************

 **************************************************************************

                    xk=(   0.35417,   0.54127,   0.00000  )

     zone border point and non-symmorphic group 
     symmetry decomposition not available

 **************************************************************************

 **************************************************************************

                    xk=(   0.35833,   0.53405,   0.00000  )

     zone border point and non-symmorphic group 
     symmetry decomposition not available

 **************************************************************************

 **************************************************************************

                    xk=(   0.36250,   0.52683,   0.00000  )

     zone border point and non-symmorphic group 
     symmetry decomposition not available

 **************************************************************************

 **************************************************************************

                    xk=(   0.36667,   0.51962,   0.00000  )

     zone border point and non-symmorphic group 
     symmetry decomposition not available

 **************************************************************************

 **************************************************************************

                    xk=(   0.37083,   0.51240,   0.00000  )

     zone border point and non-symmorphic group 
     symmetry decomposition not available

 **************************************************************************

 **************************************************************************

                    xk=(   0.37500,   0.50518,   0.00000  )

     zone border point and non-symmorphic group 
     symmetry decomposition not available

 **************************************************************************

 **************************************************************************

                    xk=(   0.37917,   0.49796,   0.00000  )

     zone border point and non-symmorphic group 
     symmetry decomposition not available

 **************************************************************************

 **************************************************************************

                    xk=(   0.38333,   0.49075,   0.00000  )

     zone border point and non-symmorphic group 
     symmetry decomposition not available

 **************************************************************************

 **************************************************************************

                    xk=(   0.38750,   0.48353,   0.00000  )

     zone border point and non-symmorphic group 
     symmetry decomposition not available

 **************************************************************************

 **************************************************************************

                    xk=(   0.39167,   0.47631,   0.00000  )

     zone border point and non-symmorphic group 
     symmetry decomposition not available

 **************************************************************************

 **************************************************************************

                    xk=(   0.39583,   0.46910,   0.00000  )

     zone border point and non-symmorphic group 
     symmetry decomposition not available

 **************************************************************************

 **************************************************************************

                    xk=(   0.40000,   0.46188,   0.00000  )

     zone border point and non-symmorphic group 
     symmetry decomposition not available

 **************************************************************************

 **************************************************************************

                    xk=(   0.40417,   0.45466,   0.00000  )

     zone border point and non-symmorphic group 
     symmetry decomposition not available

 **************************************************************************

 **************************************************************************

                    xk=(   0.40833,   0.44745,   0.00000  )

     zone border point and non-symmorphic group 
     symmetry decomposition not available

 **************************************************************************

 **************************************************************************

                    xk=(   0.41250,   0.44023,   0.00000  )

     zone border point and non-symmorphic group 
     symmetry decomposition not available

 **************************************************************************

 **************************************************************************

                    xk=(   0.41667,   0.43301,   0.00000  )

     zone border point and non-symmorphic group 
     symmetry decomposition not available

 **************************************************************************

 **************************************************************************

                    xk=(   0.42083,   0.42580,   0.00000  )

     zone border point and non-symmorphic group 
     symmetry decomposition not available

 **************************************************************************

 **************************************************************************

                    xk=(   0.42500,   0.41858,   0.00000  )

     zone border point and non-symmorphic group 
     symmetry decomposition not available

 **************************************************************************

 **************************************************************************

                    xk=(   0.42917,   0.41136,   0.00000  )

     zone border point and non-symmorphic group 
     symmetry decomposition not available

 **************************************************************************

 **************************************************************************

                    xk=(   0.43333,   0.40415,   0.00000  )

     zone border point and non-symmorphic group 
     symmetry decomposition not available

 **************************************************************************

 **************************************************************************

                    xk=(   0.43750,   0.39693,   0.00000  )

     zone border point and non-symmorphic group 
     symmetry decomposition not available

 **************************************************************************

 **************************************************************************

                    xk=(   0.44167,   0.38971,   0.00000  )

     zone border point and non-symmorphic group 
     symmetry decomposition not available

 **************************************************************************

 **************************************************************************

                    xk=(   0.44583,   0.38249,   0.00000  )

     zone border point and non-symmorphic group 
     symmetry decomposition not available

 **************************************************************************

 **************************************************************************

                    xk=(   0.45000,   0.37528,   0.00000  )

     zone border point and non-symmorphic group 
     symmetry decomposition not available

 **************************************************************************

 **************************************************************************

                    xk=(   0.45417,   0.36806,   0.00000  )

     zone border point and non-symmorphic group 
     symmetry decomposition not available

 **************************************************************************

 **************************************************************************

                    xk=(   0.45833,   0.36084,   0.00000  )

     zone border point and non-symmorphic group 
     symmetry decomposition not available

 **************************************************************************

 **************************************************************************

                    xk=(   0.46250,   0.35363,   0.00000  )

     zone border point and non-symmorphic group 
     symmetry decomposition not available

 **************************************************************************

 **************************************************************************

                    xk=(   0.46667,   0.34641,   0.00000  )

     zone border point and non-symmorphic group 
     symmetry decomposition not available

 **************************************************************************

 **************************************************************************

                    xk=(   0.47083,   0.33919,   0.00000  )

     zone border point and non-symmorphic group 
     symmetry decomposition not available

 **************************************************************************

 **************************************************************************

                    xk=(   0.47500,   0.33198,   0.00000  )

     zone border point and non-symmorphic group 
     symmetry decomposition not available

 **************************************************************************

 **************************************************************************

                    xk=(   0.47917,   0.32476,   0.00000  )

     zone border point and non-symmorphic group 
     symmetry decomposition not available

 **************************************************************************

 **************************************************************************

                    xk=(   0.48333,   0.31754,   0.00000  )

     zone border point and non-symmorphic group 
     symmetry decomposition not available

 **************************************************************************

 **************************************************************************

                    xk=(   0.48750,   0.31033,   0.00000  )

     zone border point and non-symmorphic group 
     symmetry decomposition not available

 **************************************************************************

 **************************************************************************

                    xk=(   0.49167,   0.30311,   0.00000  )

     zone border point and non-symmorphic group 
     symmetry decomposition not available

 **************************************************************************

 **************************************************************************

                    xk=(   0.49583,   0.29589,   0.00000  )

     zone border point and non-symmorphic group 
     symmetry decomposition not available

 **************************************************************************

 **************************************************************************

                    xk=(   0.50000,   0.28868,   0.00000  )

     zone border point and non-symmorphic group 
     symmetry decomposition not available

 **************************************************************************

 **************************************************************************

                    xk=(   0.48750,   0.28146,   0.00000  )

     point group C_2v (mm2) 
     there are  4 classes
     the character table:

       E     C2    s_v   s_v' 
A_1    1.00  1.00  1.00  1.00
A_2    1.00  1.00 -1.00 -1.00
B_1    1.00 -1.00  1.00 -1.00
B_2    1.00 -1.00 -1.00  1.00

     the symmetry operations in each class and the name of the first element:

     E        1
                                                                 
     C2       2
                                                                 
     s_v      3
                                                                 
     s_v'     4
                                                                 

     Band symmetry, C_2v (mm2)  point group:

     e(  1 -  1) =    -16.70528  eV     1   --> A_1  D_1  S_1  
     e(  2 -  2) =    -15.54692  eV     1   --> A_1  D_1  S_1  
     e(  3 -  3) =     -8.77405  eV     1   --> B_1  D_3  S_3  
     e(  4 -  4) =     -4.72237  eV     1   --> B_2  D_4  S_4  
     e(  5 -  5) =     -0.60757  eV     1   --> B_2  D_4  S_4  
     e(  6 -  6) =      5.13745  eV     1   --> A_1  D_1  S_1  
     e(  7 -  7) =      8.45665  eV     1   --> A_1  D_1  S_1  
     e(  8 -  8) =      9.23393  eV     1   -->   ?

 **************************************************************************

 **************************************************************************

                    xk=(   0.47500,   0.27424,   0.00000  )

     Band symmetry, C_2v (mm2)  point group:

     e(  1 -  1) =    -16.86947  eV     1   --> A_1  D_1  S_1  
     e(  2 -  2) =    -15.36615  eV     1   --> A_1  D_1  S_1  
     e(  3 -  3) =     -8.76295  eV     1   --> B_1  D_3  S_3  
     e(  4 -  4) =     -4.79382  eV     1   --> B_2  D_4  S_4  
     e(  5 -  5) =     -0.51865  eV     1   --> B_2  D_4  S_4  
     e(  6 -  6) =      5.14296  eV     1   --> A_1  D_1  S_1  
     e(  7 -  7) =      8.08456  eV     1   --> A_1  D_1  S_1  
     e(  8 -  8) =      8.85731  eV     1   --> B_2  D_4  S_4  

 **************************************************************************

 **************************************************************************

                    xk=(   0.46250,   0.26702,   0.00000  )

     Band symmetry, C_2v (mm2)  point group:

     e(  1 -  1) =    -17.07718  eV     1   --> A_1  D_1  S_1  
     e(  2 -  2) =    -15.13087  eV     1   --> A_1  D_1  S_1  
     e(  3 -  3) =     -8.74447  eV     1   --> B_1  D_3  S_3  
     e(  4 -  4) =     -4.90637  eV     1   --> B_2  D_4  S_4  
     e(  5 -  5) =     -0.37708  eV     1   --> B_2  D_4  S_4  
     e(  6 -  6) =      5.15206  eV     1   --> A_1  D_1  S_1  
     e(  7 -  7) =      7.71847  eV     1   --> A_1  D_1  S_1  
     e(  8 -  8) =      8.48580  eV     1   --> B_2  D_4  S_4  

 **************************************************************************

 **************************************************************************

                    xk=(   0.45000,   0.25981,   0.00000  )

     Band symmetry, C_2v (mm2)  point group:

     e(  1 -  1) =    -17.30162  eV     1   --> A_1  D_1  S_1  
     e(  2 -  2) =    -14.86792  eV     1   --> A_1  D_1  S_1  
     e(  3 -  3) =     -8.71865  eV     1   --> B_1  D_3  S_3  
     e(  4 -  4) =     -5.05234  eV     1   --> B_2  D_4  S_4  
     e(  5 -  5) =     -0.19064  eV     1   --> B_2  D_4  S_4  
     e(  6 -  6) =      5.16466  eV     1   --> A_1  D_1  S_1  
     e(  7 -  7) =      7.36044  eV     1   --> A_1  D_1  S_1  
     e(  8 -  8) =      8.12186  eV     1   --> B_2  D_4  S_4  

 **************************************************************************

 **************************************************************************

                    xk=(   0.43750,   0.25259,   0.00000  )

     Band symmetry, C_2v (mm2)  point group:

     e(  1 -  1) =    -17.53142  eV     1   --> A_1  D_1  S_1  
     e(  2 -  2) =    -14.58872  eV     1   --> A_1  D_1  S_1  
     e(  3 -  3) =     -8.68553  eV     1   --> B_1  D_3  S_3  
     e(  4 -  4) =     -5.22386  eV     1   --> B_2  D_4  S_4  
     e(  5 -  5) =      0.03265  eV     1   --> B_2  D_4  S_4  
     e(  6 -  6) =      5.18055  eV     1   --> A_1  D_1  S_1  
     e(  7 -  7) =      7.01122  eV     1   --> A_1  D_1  S_1  
     e(  8 -  8) =      7.76636  eV     1   --> B_2  D_4  S_4  

 **************************************************************************

 **************************************************************************

                    xk=(   0.42500,   0.24537,   0.00000  )

     Band symmetry, C_2v (mm2)  point group:

     e(  1 -  1) =    -17.76145  eV     1   --> A_1  D_1  S_1  
     e(  2 -  2) =    -14.29852  eV     1   --> A_1  D_1  S_1  
     e(  3 -  3) =     -8.64518  eV     1   --> B_1  D_3  S_3  
     e(  4 -  4) =     -5.41394  eV     1   --> B_2  D_4  S_4  
     e(  5 -  5) =      0.28560  eV     1   --> B_2  D_4  S_4  
     e(  6 -  6) =      5.19941  eV     1   --> A_1  D_1  S_1  
     e(  7 -  7) =      6.67140  eV     1   --> A_1  D_1  S_1  
     e(  8 -  8) =      7.41974  eV     1   --> B_2  D_4  S_4  

 **************************************************************************

 **************************************************************************

                    xk=(   0.41250,   0.23816,   0.00000  )

     Band symmetry, C_2v (mm2)  point group:

     e(  1 -  1) =    -17.98912  eV     1   --> A_1  D_1  S_1  
     e(  2 -  2) =    -14.00006  eV     1   --> A_1  D_1  S_1  
     e(  3 -  3) =     -8.59767  eV     1   --> B_1  D_3  S_3  
     e(  4 -  4) =     -5.61684  eV     1   --> B_2  D_4  S_4  
     e(  5 -  5) =      0.56218  eV     1   --> B_2  D_4  S_4  
     e(  6 -  6) =      5.22059  eV     1   --> A_1  D_1  S_1  
     e(  7 -  7) =      6.34174  eV     1   --> A_1  D_1  S_1  
     e(  8 -  8) =      7.08231  eV     1   --> B_2  D_4  S_4  

 **************************************************************************

 **************************************************************************

                    xk=(   0.40000,   0.23094,   0.00000  )

     Band symmetry, C_2v (mm2)  point group:

     e(  1 -  1) =    -18.21297  eV     1   --> A_1  D_1  S_1  
     e(  2 -  2) =    -13.69496  eV     1   --> A_1  D_1  S_1  
     e(  3 -  3) =     -8.54309  eV     1   --> B_1  D_3  S_3  
     e(  4 -  4) =     -5.82800  eV     1   --> B_2  D_4  S_4  
     e(  5 -  5) =      0.85754  eV     1   --> B_2  D_4  S_4  
     e(  6 -  6) =      5.24247  eV     1   --> A_1  D_1  S_1  
     e(  7 -  7) =      6.02386  eV     1   --> A_1  D_1  S_1  
     e(  8 -  8) =      6.75429  eV     1   --> B_2  D_4  S_4  

 **************************************************************************

 **************************************************************************

                    xk=(   0.38750,   0.22372,   0.00000  )

     Band symmetry, C_2v (mm2)  point group:

     e(  1 -  1) =    -18.43209  eV     1   --> A_1  D_1  S_1  
     e(  2 -  2) =    -13.38426  eV     1   --> A_1  D_1  S_1  
     e(  3 -  3) =     -8.48156  eV     1   --> B_1  D_3  S_3  
     e(  4 -  4) =     -6.04388  eV     1   --> B_2  D_4  S_4  
     e(  5 -  5) =      1.16779  eV     1   --> B_2  D_4  S_4  
     e(  6 -  6) =      5.25937  eV     1   --> A_1  D_1  S_1  
     e(  7 -  7) =      5.72339  eV     1   --> A_1  D_1  S_1  
     e(  8 -  8) =      6.43586  eV     1   --> B_2  D_4  S_4  

 **************************************************************************

 **************************************************************************

                    xk=(   0.37500,   0.21651,   0.00000  )

     Band symmetry, C_2v (mm2)  point group:

     e(  1 -  1) =    -18.64595  eV     1   --> A_1  D_1  S_1  
     e(  2 -  2) =    -13.06876  eV     1   --> A_1  D_1  S_1  
     e(  3 -  3) =     -8.41321  eV     1   --> B_1  D_3  S_3  
     e(  4 -  4) =     -6.26180  eV     1   --> B_2  D_4  S_4  
     e(  5 -  5) =      1.48980  eV     1   --> B_2  D_4  S_4  
     e(  6 -  6) =      5.23496  eV     1   --> A_1  D_1  S_1  
     e(  7 -  7) =      5.47640  eV     1   --> A_1  D_1  S_1  
     e(  8 -  8) =      6.12717  eV     1   --> B_2  D_4  S_4  

 **************************************************************************

 **************************************************************************

                    xk=(   0.36250,   0.20929,   0.00000  )

     Band symmetry, C_2v (mm2)  point group:

     e(  1 -  1) =    -18.85412  eV     1   --> A_1  D_1  S_1  
     e(  2 -  2) =    -12.74911  eV     1   --> A_1  D_1  S_1  
     e(  3 -  3) =     -8.33817  eV     1   --> B_1  D_3  S_3  
     e(  4 -  4) =     -6.47966  eV     1   --> B_2  D_4  S_4  
     e(  5 -  5) =      1.82097  eV     1   --> B_2  D_4  S_4  
     e(  6 -  6) =      5.04872  eV     1   --> A_1  D_1  S_1  
     e(  7 -  7) =      5.40285  eV     1   --> A_1  D_1  S_1  
     e(  8 -  8) =      5.82839  eV     1   --> B_2  D_4  S_4  

 **************************************************************************

 **************************************************************************

                    xk=(   0.35000,   0.20207,   0.00000  )

     Band symmetry, C_2v (mm2)  point group:

     e(  1 -  1) =    -19.05632  eV     1   --> A_1  D_1  S_1  
     e(  2 -  2) =    -12.42586  eV     1   --> A_1  D_1  S_1  
     e(  3 -  3) =     -8.25663  eV     1   --> B_1  D_3  S_3  
     e(  4 -  4) =     -6.69583  eV     1   --> B_2  D_4  S_4  
     e(  5 -  5) =      2.15907  eV     1   --> B_2  D_4  S_4  
     e(  6 -  6) =      4.78480  eV     1   --> A_1  D_1  S_1  
     e(  7 -  7) =      5.41600  eV     1   --> A_1  D_1  S_1  
     e(  8 -  8) =      5.53967  eV     1   --> B_2  D_4  S_4  

 **************************************************************************

 **************************************************************************

                    xk=(   0.33750,   0.19486,   0.00000  )

     Band symmetry, C_2v (mm2)  point group:

     e(  1 -  1) =    -19.25233  eV     1   --> A_1  D_1  S_1  
     e(  2 -  2) =    -12.09959  eV     1   --> A_1  D_1  S_1  
     e(  3 -  3) =     -8.16877  eV     1   --> B_1  D_3  S_3  
     e(  4 -  4) =     -6.90906  eV     1   --> B_2  D_4  S_4  
     e(  5 -  5) =      2.50208  eV     1   --> B_2  D_4  S_4  
     e(  6 -  6) =      4.51648  eV     1   --> A_1  D_1  S_1  
     e(  7 -  7) =      5.26127  eV     1   --> B_2  D_4  S_4  
     e(  8 -  8) =      5.38035  eV     1   --> A_1  D_1  S_1  

 **************************************************************************

 **************************************************************************

                    xk=(   0.32500,   0.18764,   0.00000  )

     Band symmetry, C_2v (mm2)  point group:

     e(  1 -  1) =    -19.44196  eV     1   --> A_1  D_1  S_1  
     e(  2 -  2) =    -11.77076  eV     1   --> A_1  D_1  S_1  
     e(  3 -  3) =     -8.07482  eV     1   --> B_1  D_3  S_3  
     e(  4 -  4) =     -7.11832  eV     1   --> B_2  D_4  S_4  
     e(  5 -  5) =      2.84797  eV     1   --> B_2  D_4  S_4  
     e(  6 -  6) =      4.25417  eV     1   --> A_1  D_1  S_1  
     e(  7 -  7) =      4.99361  eV     1   --> B_2  D_4  S_4  
     e(  8 -  8) =      5.13065  eV     1   --> A_1  D_1  S_1  

 **************************************************************************

 **************************************************************************

                    xk=(   0.31250,   0.18042,   0.00000  )

     Band symmetry, C_2v (mm2)  point group:

     e(  1 -  1) =    -19.62511  eV     1   --> A_1  D_1  S_1  
     e(  2 -  2) =    -11.43997  eV     1   --> A_1  D_1  S_1  
     e(  3 -  3) =     -7.97502  eV     1   --> B_1  D_3  S_3  
     e(  4 -  4) =     -7.32282  eV     1   --> B_2  D_4  S_4  
     e(  5 -  5) =      3.19420  eV     1   --> B_2  D_4  S_4  
     e(  6 -  6) =      4.00016  eV     1   --> A_1  D_1  S_1  
     e(  7 -  7) =      4.73767  eV     1   --> B_2  D_4  S_4  
     e(  8 -  8) =      4.87059  eV     1   --> A_1  D_1  S_1  

 **************************************************************************

 **************************************************************************

                    xk=(   0.30000,   0.17321,   0.00000  )

     Band symmetry, C_2v (mm2)  point group:

     e(  1 -  1) =    -19.80162  eV     1   --> A_1  D_1  S_1  
     e(  2 -  2) =    -11.10775  eV     1   --> A_1  D_1  S_1  
     e(  3 -  3) =     -7.86966  eV     1   --> B_1  D_3  S_3  
     e(  4 -  4) =     -7.52189  eV     1   --> B_2  D_4  S_4  
     e(  5 -  5) =      3.53596  eV     1   --> B_2  D_4  S_4  
     e(  6 -  6) =      3.75525  eV     1   --> A_1  D_1  S_1  
     e(  7 -  7) =      4.49662  eV     1   --> B_2  D_4  S_4  
     e(  8 -  8) =      4.61903  eV     1   --> A_1  D_1  S_1  

 **************************************************************************

 **************************************************************************

                    xk=(   0.28750,   0.16599,   0.00000  )

     Band symmetry, C_2v (mm2)  point group:

     e(  1 -  1) =    -19.97143  eV     1   --> A_1  D_1  S_1  
     e(  2 -  2) =    -10.77471  eV     1   --> A_1  D_1  S_1  
     e(  3 -  3) =     -7.75906  eV     1   --> B_1  D_3  S_3  
     e(  4 -  4) =     -7.71502  eV     1   --> B_2  D_4  S_4  
     e(  5 -  5) =      3.51981  eV     1   --> A_1  D_1  S_1  
     e(  6 -  6) =      3.85155  eV     1   --> B_2  D_4  S_4  
     e(  7 -  7) =      4.29009  eV     1   --> B_2  D_4  S_4  
     e(  8 -  8) =      4.37725  eV     1   --> A_1  D_1  S_1  

 **************************************************************************

 **************************************************************************

                    xk=(   0.27500,   0.15877,   0.00000  )

     Band symmetry, C_2v (mm2)  point group:

     e(  1 -  1) =    -20.13444  eV     1   --> A_1  D_1  S_1  
     e(  2 -  2) =    -10.44150  eV     1   --> A_1  D_1  S_1  
     e(  3 -  3) =     -7.90175  eV     1   --> B_2  D_4  S_4  
     e(  4 -  4) =     -7.64356  eV     1   --> B_1  D_3  S_3  
     e(  5 -  5) =      3.29402  eV     1   --> A_1  D_1  S_1  
     e(  6 -  6) =      3.93588  eV     1   --> B_2  D_4  S_4  
     e(  7 -  7) =      4.14557  eV     1   --> A_1  D_1  S_1  
     e(  8 -  8) =      4.31906  eV     1   --> B_2  D_4  S_4  

 **************************************************************************

 **************************************************************************

                    xk=(   0.26250,   0.15155,   0.00000  )

     Band symmetry, C_2v (mm2)  point group:

     e(  1 -  1) =    -20.29058  eV     1   --> A_1  D_1  S_1  
     e(  2 -  2) =    -10.10879  eV     1   --> A_1  D_1  S_1  
     e(  3 -  3) =     -8.08173  eV     1   --> B_2  D_4  S_4  
     e(  4 -  4) =     -7.52356  eV     1   --> B_1  D_3  S_3  
     e(  5 -  5) =      3.07799  eV     1   --> A_1  D_1  S_1  
     e(  6 -  6) =      3.75833  eV     1   --> B_2  D_4  S_4  
     e(  7 -  7) =      3.92408  eV     1   --> A_1  D_1  S_1  
     e(  8 -  8) =      4.59324  eV     1   --> B_2  D_4  S_4  

 **************************************************************************

 **************************************************************************

                    xk=(   0.25000,   0.14434,   0.00000  )

     Band symmetry, C_2v (mm2)  point group:

     e(  1 -  1) =    -20.43979  eV     1   --> A_1  D_1  S_1  
     e(  2 -  2) =     -9.77736  eV     1   --> A_1  D_1  S_1  
     e(  3 -  3) =     -8.25463  eV     1   --> B_2  D_4  S_4  
     e(  4 -  4) =     -7.39953  eV     1   --> B_1  D_3  S_3  
     e(  5 -  5) =      2.87181  eV     1   --> A_1  D_1  S_1  
     e(  6 -  6) =      3.55880  eV     1   --> B_2  D_4  S_4  
     e(  7 -  7) =      3.71283  eV     1   --> A_1  D_1  S_1  
     e(  8 -  8) =      4.65497  eV     1   --> B_2  D_4  S_4  

 **************************************************************************

 **************************************************************************

                    xk=(   0.23750,   0.13712,   0.00000  )

     Band symmetry, C_2v (mm2)  point group:

     e(  1 -  1) =    -20.58200  eV     1   --> A_1  D_1  S_1  
     e(  2 -  2) =     -9.44803  eV     1   --> A_1  D_1  S_1  
     e(  3 -  3) =     -8.42019  eV     1   --> B_2  D_4  S_4  
     e(  4 -  4) =     -7.27195  eV     1   --> B_1  D_3  S_3  
     e(  5 -  5) =      2.67552  eV     1   --> A_1  D_1  S_1  
     e(  6 -  6) =      3.36368  eV     1   --> B_2  D_4  S_4  
     e(  7 -  7) =      3.51184  eV     1   --> A_1  D_1  S_1  
     e(  8 -  8) =      4.48757  eV     1   --> B_2  D_4  S_4  

 **************************************************************************

 **************************************************************************

                    xk=(   0.22500,   0.12990,   0.00000  )

     Band symmetry, C_2v (mm2)  point group:

     e(  1 -  1) =    -20.71717  eV     1   --> A_1  D_1  S_1  
     e(  2 -  2) =     -9.12169  eV     1   --> A_1  D_1  S_1  
     e(  3 -  3) =     -8.57819  eV     1   --> B_2  D_4  S_4  
     e(  4 -  4) =     -7.14139  eV     1   --> B_1  D_3  S_3  
     e(  5 -  5) =      2.48918  eV     1   --> A_1  D_1  S_1  
     e(  6 -  6) =      3.17678  eV     1   --> B_2  D_4  S_4  
     e(  7 -  7) =      3.32114  eV     1   --> A_1  D_1  S_1  
     e(  8 -  8) =      4.30671  eV     1   --> B_2  D_4  S_4  

 **************************************************************************

 **************************************************************************

                    xk=(   0.21250,   0.12269,   0.00000  )

     Band symmetry, C_2v (mm2)  point group:

     e(  1 -  1) =    -20.84527  eV     1   --> A_1  D_1  S_1  
     e(  2 -  2) =     -8.79936  eV     1   --> A_1  D_1  S_1  
     e(  3 -  3) =     -8.72845  eV     1   --> B_2  D_4  S_4  
     e(  4 -  4) =     -7.00849  eV     1   --> B_1  D_3  S_3  
     e(  5 -  5) =      2.31280  eV     1   --> A_1  D_1  S_1  
     e(  6 -  6) =      2.99915  eV     1   --> B_2  D_4  S_4  
     e(  7 -  7) =      3.14073  eV     1   --> A_1  D_1  S_1  
     e(  8 -  8) =      4.13162  eV     1   --> B_2  D_4  S_4  

 **************************************************************************

 **************************************************************************

                    xk=(   0.20000,   0.11547,   0.00000  )

     Band symmetry, C_2v (mm2)  point group:

     e(  1 -  1) =    -20.96621  eV     1   --> A_1  D_1  S_1  
     e(  2 -  2) =     -8.87077  eV     1   --> B_2  D_4  S_4  
     e(  3 -  3) =     -8.48212  eV     1   --> A_1  D_1  S_1  
     e(  4 -  4) =     -6.87393  eV     1   --> B_1  D_3  S_3  
     e(  5 -  5) =      2.14643  eV     1   --> A_1  D_1  S_1  
     e(  6 -  6) =      2.83124  eV     1   --> B_2  D_4  S_4  
     e(  7 -  7) =      2.97062  eV     1   --> A_1  D_1  S_1  
     e(  8 -  8) =      3.96517  eV     1   --> B_2  D_4  S_4  

 **************************************************************************

 **************************************************************************

                    xk=(   0.18750,   0.10825,   0.00000  )

     Band symmetry, C_2v (mm2)  point group:

     e(  1 -  1) =    -21.08001  eV     1   --> A_1  D_1  S_1  
     e(  2 -  2) =     -9.00504  eV     1   --> B_2  D_4  S_4  
     e(  3 -  3) =     -8.17114  eV     1   --> A_1  D_1  S_1  
     e(  4 -  4) =     -6.73852  eV     1   --> B_1  D_3  S_3  
     e(  5 -  5) =      1.99007  eV     1   --> A_1  D_1  S_1  
     e(  6 -  6) =      2.67323  eV     1   --> B_2  D_4  S_4  
     e(  7 -  7) =      2.81081  eV     1   --> A_1  D_1  S_1  
     e(  8 -  8) =      3.80817  eV     1   --> B_2  D_4  S_4  

 **************************************************************************

 **************************************************************************

                    xk=(   0.17500,   0.10104,   0.00000  )

     Band symmetry, C_2v (mm2)  point group:

     e(  1 -  1) =    -21.18659  eV     1   --> A_1  D_1  S_1  
     e(  2 -  2) =     -9.13111  eV     1   --> B_2  D_4  S_4  
     e(  3 -  3) =     -7.86771  eV     1   --> A_1  D_1  S_1  
     e(  4 -  4) =     -6.60311  eV     1   --> B_1  D_3  S_3  
     e(  5 -  5) =      1.84375  eV     1   --> A_1  D_1  S_1  
     e(  6 -  6) =      2.52523  eV     1   --> B_2  D_4  S_4  
     e(  7 -  7) =      2.66131  eV     1   --> A_1  D_1  S_1  
     e(  8 -  8) =      3.66096  eV     1   --> B_2  D_4  S_4  

 **************************************************************************

 **************************************************************************

                    xk=(   0.16250,   0.09382,   0.00000  )

     Band symmetry, C_2v (mm2)  point group:

     e(  1 -  1) =    -21.28595  eV     1   --> A_1  D_1  S_1  
     e(  2 -  2) =     -9.24887  eV     1   --> B_2  D_4  S_4  
     e(  3 -  3) =     -7.57328  eV     1   --> A_1  D_1  S_1  
     e(  4 -  4) =     -6.46865  eV     1   --> B_1  D_3  S_3  
     e(  5 -  5) =      1.70748  eV     1   --> A_1  D_1  S_1  
     e(  6 -  6) =      2.38733  eV     1   --> B_2  D_4  S_4  
     e(  7 -  7) =      2.52211  eV     1   --> A_1  D_1  S_1  
     e(  8 -  8) =      3.52369  eV     1   --> B_2  D_4  S_4  

 **************************************************************************

 **************************************************************************

                    xk=(   0.15000,   0.08660,   0.00000  )

     Band symmetry, C_2v (mm2)  point group:

     e(  1 -  1) =    -21.37804  eV     1   --> A_1  D_1  S_1  
     e(  2 -  2) =     -9.35824  eV     1   --> B_2  D_4  S_4  
     e(  3 -  3) =     -7.28937  eV     1   --> A_1  D_1  S_1  
     e(  4 -  4) =     -6.33620  eV     1   --> B_1  D_3  S_3  
     e(  5 -  5) =      1.58127  eV     1   --> A_1  D_1  S_1  
     e(  6 -  6) =      2.25955  eV     1   --> B_2  D_4  S_4  
     e(  7 -  7) =      2.39322  eV     1   --> A_1  D_1  S_1  
     e(  8 -  8) =      3.39645  eV     1   --> B_2  D_4  S_4  

 **************************************************************************

 **************************************************************************

                    xk=(   0.13750,   0.07939,   0.00000  )

     Band symmetry, C_2v (mm2)  point group:

     e(  1 -  1) =    -21.46287  eV     1   --> A_1  D_1  S_1  
     e(  2 -  2) =     -9.45913  eV     1   --> B_2  D_4  S_4  
     e(  3 -  3) =     -7.01765  eV     1   --> A_1  D_1  S_1  
     e(  4 -  4) =     -6.20690  eV     1   --> B_1  D_3  S_3  
     e(  5 -  5) =      1.46514  eV     1   --> A_1  D_1  S_1  
     e(  6 -  6) =      2.14194  eV     1   --> B_2  D_4  S_4  
     e(  7 -  7) =      2.27464  eV     1   --> A_1  D_1  S_1  
     e(  8 -  8) =      3.27930  eV     1   --> B_2  D_4  S_4  

 **************************************************************************

 **************************************************************************

                    xk=(   0.12500,   0.07217,   0.00000  )

     Band symmetry, C_2v (mm2)  point group:

     e(  1 -  1) =    -21.54038  eV     1   --> A_1  D_1  S_1  
     e(  2 -  2) =     -9.55146  eV     1   --> B_2  D_4  S_4  
     e(  3 -  3) =     -6.75990  eV     1   --> A_1  D_1  S_1  
     e(  4 -  4) =     -6.08198  eV     1   --> B_1  D_3  S_3  
     e(  5 -  5) =      1.35909  eV     1   --> A_1  D_1  S_1  
     e(  6 -  6) =      2.03450  eV     1   --> B_2  D_4  S_4  
     e(  7 -  7) =      2.16637  eV     1   --> A_1  D_1  S_1  
     e(  8 -  8) =      3.17228  eV     1   --> B_2  D_4  S_4  

 **************************************************************************

 **************************************************************************

                    xk=(   0.11250,   0.06495,   0.00000  )

     Band symmetry, C_2v (mm2)  point group:

     e(  1 -  1) =    -21.61056  eV     1   --> A_1  D_1  S_1  
     e(  2 -  2) =     -9.63517  eV     1   --> B_2  D_4  S_4  
     e(  3 -  3) =     -6.51800  eV     1   --> A_1  D_1  S_1  
     e(  4 -  4) =     -5.96278  eV     1   --> B_1  D_3  S_3  
     e(  5 -  5) =      1.26313  eV     1   --> A_1  D_1  S_1  
     e(  6 -  6) =      1.93727  eV     1   --> B_2  D_4  S_4  
     e(  7 -  7) =      2.06842  eV     1   --> A_1  D_1  S_1  
     e(  8 -  8) =      3.07539  eV     1   --> B_2  D_4  S_4  

 **************************************************************************

 **************************************************************************

                    xk=(   0.10000,   0.05774,   0.00000  )

     Band symmetry, C_2v (mm2)  point group:

     e(  1 -  1) =    -21.67341  eV     1   --> A_1  D_1  S_1  
     e(  2 -  2) =     -9.71021  eV     1   --> B_2  D_4  S_4  
     e(  3 -  3) =     -6.29394  eV     1   --> A_1  D_1  S_1  
     e(  4 -  4) =     -5.85068  eV     1   --> B_1  D_3  S_3  
     e(  5 -  5) =      1.17727  eV     1   --> A_1  D_1  S_1  
     e(  6 -  6) =      1.85024  eV     1   --> B_2  D_4  S_4  
     e(  7 -  7) =      1.98077  eV     1   --> A_1  D_1  S_1  
     e(  8 -  8) =      2.98868  eV     1   --> B_2  D_4  S_4  

 **************************************************************************

 **************************************************************************

                    xk=(   0.08750,   0.05052,   0.00000  )

     Band symmetry, C_2v (mm2)  point group:

     e(  1 -  1) =    -21.72889  eV     1   --> A_1  D_1  S_1  
     e(  2 -  2) =     -9.77652  eV     1   --> B_2  D_4  S_4  
     e(  3 -  3) =     -6.08974  eV     1   --> A_1  D_1  S_1  
     e(  4 -  4) =     -5.74712  eV     1   --> B_1  D_3  S_3  
     e(  5 -  5) =      1.10151  eV     1   --> A_1  D_1  S_1  
     e(  6 -  6) =      1.77344  eV     1   --> B_2  D_4  S_4  
     e(  7 -  7) =      1.90344  eV     1   --> A_1  D_1  S_1  
     e(  8 -  8) =      2.91214  eV     1   --> B_2  D_4  S_4  

 **************************************************************************

 **************************************************************************

                    xk=(   0.07500,   0.04330,   0.00000  )

     Band symmetry, C_2v (mm2)  point group:

     e(  1 -  1) =    -21.77701  eV     1   --> A_1  D_1  S_1  
     e(  2 -  2) =     -9.83408  eV     1   --> B_2  D_4  S_4  
     e(  3 -  3) =     -5.90745  eV     1   --> A_1  D_1  S_1  
     e(  4 -  4) =     -5.65356  eV     1   --> B_1  D_3  S_3  
     e(  5 -  5) =      1.03585  eV     1   --> A_1  D_1  S_1  
     e(  6 -  6) =      1.70686  eV     1   --> B_2  D_4  S_4  
     e(  7 -  7) =      1.83642  eV     1   --> A_1  D_1  S_1  
     e(  8 -  8) =      2.84579  eV     1   --> B_2  D_4  S_4  

 **************************************************************************

 **************************************************************************

                    xk=(   0.06250,   0.03608,   0.00000  )

     Band symmetry, C_2v (mm2)  point group:

     e(  1 -  1) =    -21.81774  eV     1   --> A_1  D_1  S_1  
     e(  2 -  2) =     -9.88283  eV     1   --> B_2  D_4  S_4  
     e(  3 -  3) =     -5.74906  eV     1   --> A_1  D_1  S_1  
     e(  4 -  4) =     -5.57142  eV     1   --> B_1  D_3  S_3  
     e(  5 -  5) =      0.98029  eV     1   --> A_1  D_1  S_1  
     e(  6 -  6) =      1.65051  eV     1   --> B_2  D_4  S_4  
     e(  7 -  7) =      1.77972  eV     1   --> A_1  D_1  S_1  
     e(  8 -  8) =      2.78964  eV     1   --> B_2  D_4  S_4  

 **************************************************************************

 **************************************************************************

                    xk=(   0.05000,   0.02887,   0.00000  )

     Band symmetry, C_2v (mm2)  point group:

     e(  1 -  1) =    -21.85108  eV     1   --> A_1  D_1  S_1  
     e(  2 -  2) =     -9.92275  eV     1   --> B_2  D_4  S_4  
     e(  3 -  3) =     -5.61647  eV     1   --> A_1  D_1  S_1  
     e(  4 -  4) =     -5.50206  eV     1   --> B_1  D_3  S_3  
     e(  5 -  5) =      0.93484  eV     1   --> A_1  D_1  S_1  
     e(  6 -  6) =      1.60441  eV     1   --> B_2  D_4  S_4  
     e(  7 -  7) =      1.73332  eV     1   --> A_1  D_1  S_1  
     e(  8 -  8) =      2.74368  eV     1   --> B_2  D_4  S_4  

 **************************************************************************

 **************************************************************************

                    xk=(   0.03750,   0.02165,   0.00000  )

     Band symmetry, C_2v (mm2)  point group:

     e(  1 -  1) =    -21.87702  eV     1   --> A_1  D_1  S_1  
     e(  2 -  2) =     -9.95383  eV     1   --> B_2  D_4  S_4  
     e(  3 -  3) =     -5.51138  eV     1   --> A_1  D_1  S_1  
     e(  4 -  4) =     -5.44670  eV     1   --> B_1  D_3  S_3  
     e(  5 -  5) =      0.89949  eV     1   --> A_1  D_1  S_1  
     e(  6 -  6) =      1.56854  eV     1   --> B_2  D_4  S_4  
     e(  7 -  7) =      1.69724  eV     1   --> A_1  D_1  S_1  
     e(  8 -  8) =      2.70794  eV     1   --> B_2  D_4  S_4  

 **************************************************************************

 **************************************************************************

                    xk=(   0.02500,   0.01443,   0.00000  )

     Band symmetry, C_2v (mm2)  point group:

     e(  1 -  1) =    -21.89555  eV     1   --> A_1  D_1  S_1  
     e(  2 -  2) =     -9.97604  eV     1   --> B_2  D_4  S_4  
     e(  3 -  3) =     -5.43521  eV     1   --> A_1  D_1  S_1  
     e(  4 -  4) =     -5.40635  eV     1   --> B_1  D_3  S_3  
     e(  5 -  5) =      0.87424  eV     1   --> A_1  D_1  S_1  
     e(  6 -  6) =      1.54293  eV     1   --> B_2  D_4  S_4  
     e(  7 -  7) =      1.67146  eV     1   --> A_1  D_1  S_1  
     e(  8 -  8) =      2.68241  eV     1   --> B_2  D_4  S_4  

 **************************************************************************

 **************************************************************************

                    xk=(   0.01250,   0.00722,   0.00000  )

     Band symmetry, C_2v (mm2)  point group:

     e(  1 -  1) =    -21.90667  eV     1   --> A_1  D_1  S_1  
     e(  2 -  2) =     -9.98936  eV     1   --> B_2  D_4  S_4  
     e(  3 -  3) =     -5.38905  eV     1   --> A_1  D_1  S_1  
     e(  4 -  4) =     -5.38182  eV     1   --> B_1  D_3  S_3  
     e(  5 -  5) =      0.85909  eV     1   --> A_1  D_1  S_1  
     e(  6 -  6) =      1.52755  eV     1   --> B_2  D_4  S_4  
     e(  7 -  7) =      1.65600  eV     1   --> A_1  D_1  S_1  
     e(  8 -  8) =      2.66708  eV     1   --> B_2  D_4  S_4  

 **************************************************************************

 **************************************************************************

                    xk=(   0.00000,   0.00000,   0.00000  )

     point group D_6h(6/mmm)
     there are 12 classes
     the character table:

       E     2C6   2C3   C2    3C2'  3C2'' i     2S3   2S6   s_h   3s_d  3s_v 
A_1g   1.00  1.00  1.00  1.00  1.00  1.00  1.00  1.00  1.00  1.00  1.00  1.00
A_2g   1.00  1.00  1.00  1.00 -1.00 -1.00  1.00  1.00  1.00  1.00 -1.00 -1.00
B_1g   1.00 -1.00  1.00 -1.00  1.00 -1.00  1.00 -1.00  1.00 -1.00  1.00 -1.00
B_2g   1.00 -1.00  1.00 -1.00 -1.00  1.00  1.00 -1.00  1.00 -1.00 -1.00  1.00
E_1g   2.00  1.00 -1.00 -2.00  0.00  0.00  2.00  1.00 -1.00 -2.00  0.00  0.00
E_2g   2.00 -1.00 -1.00  2.00  0.00  0.00  2.00 -1.00 -1.00  2.00  0.00  0.00
A_1u   1.00  1.00  1.00  1.00  1.00  1.00 -1.00 -1.00 -1.00 -1.00 -1.00 -1.00
A_2u   1.00  1.00  1.00  1.00 -1.00 -1.00 -1.00 -1.00 -1.00 -1.00  1.00  1.00
B_1u   1.00 -1.00  1.00 -1.00  1.00 -1.00 -1.00  1.00 -1.00  1.00 -1.00  1.00
B_2u   1.00 -1.00  1.00 -1.00 -1.00  1.00 -1.00  1.00 -1.00  1.00  1.00 -1.00
E_1u   2.00  1.00 -1.00 -2.00  0.00  0.00 -2.00 -1.00  1.00  2.00  0.00  0.00
E_2u   2.00 -1.00 -1.00  2.00  0.00  0.00 -2.00  1.00  1.00 -2.00  0.00  0.00

     the symmetry operations in each class and the name of the first element:

     E        1
                                                                 
     2C6      5    6
                                                                 
     2C3      7    8
                                                                 
     C2       2
                                                                 
     3C2'     4   12   11
                                                                 
     3C2''    3    9   10
                                                                 
     i       13
                                                                 
     2S3     17   18
                                                                 
     2S6     19   20
                                                                 
     s_h     14
                                                                 
     3s_d    16   24   23
                                                                 
     3s_v    15   21   22
                                                                 

     Band symmetry, D_6h(6/mmm) point group:

     e(  1 -  1) =    -21.91038  eV     1   --> A_1g           
     e(  2 -  2) =     -9.99381  eV     1   --> A_2u           
     e(  3 -  4) =     -5.37359  eV     2   --> E_2g           
     e(  5 -  5) =      0.85404  eV     1   --> A_1g           
     e(  6 -  6) =      1.52243  eV     1   --> A_2u           
     e(  7 -  7) =      1.65085  eV     1   --> A_1g           
     e(  8 -  8) =      2.66198  eV     1   --> A_2u           

 **************************************************************************

     BANDS        :   1m35.43s CPU     11.00s WALL


   This run was terminated on:   2:38:33   5Aug2026            

=------------------------------------------------------------------------------=
   JOB DONE.
=------------------------------------------------------------------------------=
